ASxxxx Linker V03.00 + NoICE + sdld,  page 1.
Hexadecimal  [32-Bits]

Area                       Addr        Size        Decimal Bytes (Attributes)
--------------------       ----        ----        ------- ----- ------------
.  .ABS.               00000000    00000000 =           0. bytes (ABS,CON)

        Value  Global            Value  Global            Value  Global    
        -----  ------            -----  ------            -----  ------    
     00000000  .__.ABS.  |    00000000  _rRAMG    |    00000000  l__BASE  
     00000000  l__BSS    |    00000000  l__CABS   |    00000000  l__CODE_0
     00000000  l__DABS   |    00000000  l__FONT_H |    00000000  l__HEADER
     00000000  l__HEADER |    00000000  l__HEAP   |    00000000  l__HEAP_E
     00000000  l__HRAM   |    00000000  l__LIT    |    00000000  s__CABS  
     00000000  s__DABS   |    00000000  s__FONT_H |    00000000  s__FONT_H
     00000000  s__HEADER |    00000000  s__HEADER |    00000000  s__HEADER
     00000000  s__HEADER |    00000000  s__HEADER |    00000000  s__HEADER
     00000000  s__HEADER |    00000000  s__HEADER |    00000000  s__HEADER
     00000000  s__HEADER |    00000000  s__HEADER |    00000000  s__HEADER
     00000000  s__HEADER |    00000000  s__HEADER |    00000000  s__HEADER
     00000000  s__HEADER |    00000000  s__HEADER |    00000000  s__HEADER
     00000000  s__HEADER |    00000000  s__HEADER |    00000000  s__HEADER
     00000000  s__HRAM   |    00000000  s__HRAM12 |    00000001  l__GSFINA
     00000001  l__HEADER |    00000001  l__HEADER |    00000001  l__HEADER
     00000001  l__HEADER |    00000001  l__HEADER |    00000001  l__HEADER
     00000001  l__HEADER |    00000002  l__HEADER |    00000002  l__HEADER
     00000002  l__HEADER |    00000003  l__FONT_H |    00000003  l__HEADER
     00000003  l__HEADER |    00000003  l__HRAM12 |    00000005  l__HEADER
     00000006  l__HEADER |    00000007  l__HEADER |    00000008  l__HEADER
     0000000C  l__GSINIT |    00000030  l__DATA   |    00000030  l__HEADER
     0000004C  l__HEADER |    00000084  l__HEADER |    00000200  s__CODE  
     00000291  l__INITIA |    00000291  l__INITIA |    00001060  l__CODE  
     000011B5  l__HOME   |    00001260  s__HOME   |    00002000  _rROMB0  
     00002415  s__BASE   |    00002415  s__CODE_0 |    00002415  s__INITIA
     00002415  s__LIT    |    000026A6  s__GSINIT |    000026B2  s__GSFINA
     00003000  _rROMB1   |    00004000  _rRAMB    |    00008000  __VRAM   
     00008000  __VRAM800 |    00008800  __VRAM880 |    00009000  __VRAM900
     00009800  __SCRN0   |    00009C00  __SCRN1   |    0000A000  __SRAM   
     0000C000  __RAM     |    0000C000  _shadow_O |    0000C0A0  s__DATA  
     0000C0D0  s__BSS    |    0000C0D0  s__INITIA |    0000C361  s__HEAP  
     0000C361  s__HEAP_E |    0000D000  __RAMBANK |    0000E000  .STACK   
     0000FE00  __OAMRAM  |    0000FF00  _P1_REG   |    0000FF00  __IO     
     0000FF01  _SB_REG   |    0000FF02  _SC_REG   |    0000FF04  _DIV_REG 
     0000FF05  _TIMA_REG |    0000FF06  _TMA_REG  |    0000FF07  _TAC_REG 
     0000FF0F  _IF_REG   |    0000FF10  _NR10_REG |    0000FF11  _NR11_REG
     0000FF12  _NR12_REG |    0000FF13  _NR13_REG |    0000FF14  _NR14_REG
     0000FF16  _NR21_REG |    0000FF17  _NR22_REG |    0000FF18  _NR23_REG
     0000FF19  _NR24_REG |    0000FF1A  _NR30_REG |    0000FF1B  _NR31_REG
     0000FF1C  _NR32_REG |    0000FF1D  _NR33_REG |    0000FF1E  _NR34_REG
     0000FF20  _NR41_REG |    0000FF21  _NR42_REG |    0000FF22  _NR43_REG
     0000FF23  _NR44_REG |    0000FF24  _NR50_REG |    0000FF25  _NR51_REG
     0000FF26  _NR52_REG |    0000FF30  _AUD3WAVE |    0000FF30  _PCM_SAMP
     0000FF30  __AUD3WAV |    0000FF40  _LCDC_REG |    0000FF41  _STAT_REG
     0000FF42  _SCY_REG  |    0000FF43  _SCX_REG  |    0000FF44  _LY_REG  
     0000FF45  _LYC_REG  |    0000FF46  _DMA_REG  |    0000FF47  _BGP_REG 
     0000FF48  _OBP0_REG |    0000FF49  _OBP1_REG |    0000FF4A  _WY_REG  
     0000FF4B  _WX_REG   |    0000FF4D  _KEY1_REG |    0000FF4F  _VBK_REG 
     0000FF51  _HDMA1_RE |    0000FF52  _HDMA2_RE |    0000FF53  _HDMA3_RE
     0000FF54  _HDMA4_RE |    0000FF55  _HDMA5_RE |    0000FF56  _RP_REG  
ASxxxx Linker V03.00 + NoICE + sdld,  page 2.
Hexadecimal  [32-Bits]

Area                       Addr        Size        Decimal Bytes (Attributes)
--------------------       ----        ----        ------- ----- ------------
.  .ABS.               00000000    00000000 =           0. bytes (ABS,CON)

        Value  Global            Value  Global            Value  Global    
        -----  ------            -----  ------            -----  ------    
     0000FF68  _BCPS_REG |    0000FF69  _BCPD_REG |    0000FF6A  _OCPS_REG
     0000FF6B  _OCPD_REG |    0000FF70  _SVBK_REG |    0000FF76  _PCM12_RE
     0000FF77  _PCM34_RE |    0000FF80  .refresh_ |    0000FF80  __HRAM   
     0000FFFF  _IE_REG  
ASxxxx Linker V03.00 + NoICE + sdld,  page 3.
Hexadecimal  [32-Bits]

Area                       Addr        Size        Decimal Bytes (Attributes)
--------------------       ----        ----        ------- ----- ------------
_CODE                  00000200    00001060 =        4192. bytes (REL,CON)

        Value  Global            Value  Global            Value  Global    
        -----  ------            -----  ------            -----  ------    
     00000200  A$main$17 |    00000200  C$main.c$ |    00000200  G$moveSqu
     00000200  _moveSqua |    00000203  A$main$18 |    00000205  A$main$18
     00000206  A$main$18 |    00000209  A$main$18 |    0000020B  A$main$18
     0000020C  A$main$18 |    0000020F  A$main$18 |    00000210  A$main$18
     00000211  A$main$19 |    00000212  A$main$19 |    00000215  A$main$19
     00000217  A$main$19 |    00000218  A$main$19 |    0000021B  A$main$19
     0000021D  A$main$19 |    0000021E  A$main$19 |    00000221  A$main$20
     00000222  A$main$20 |    00000223  A$main$20 |    00000224  A$main$20
     00000227  A$main$20 |    00000229  A$main$20 |    0000022A  A$main$20
     0000022D  A$main$20 |    0000022F  A$main$21 |    00000230  A$main$21
     00000233  A$main$21 |    00000234  A$main$21 |    00000235  A$main$21
     00000236  A$main$21 |    00000239  A$main$21 |    0000023B  A$main$22
     0000023C  A$main$22 |    0000023F  A$main$22 |    00000241  A$main$22
     00000242  A$main$22 |    00000245  A$main$22 |    00000246  A$main$22
     00000247  A$main$22 |    00000248  A$main$24 |    00000248  C$main.c$
     00000248  C$main.c$ |    00000248  XG$moveSq |    00000249  A$main$25
     00000249  C$main.c$ |    00000249  C$main.c$ |    00000249  G$dpad$0$
     00000249  _dpad     |    0000024C  A$main$25 |    0000024D  A$main$25
     0000024F  A$main$25 |    00000251  A$main$26 |    00000251  C$main.c$
     00000254  A$main$26 |    00000255  A$main$26 |    00000257  A$main$26
     00000258  A$main$26 |    00000258  C$main.c$ |    0000025A  A$main$26
     0000025C  A$main$27 |    0000025C  C$main.c$ |    0000025F  A$main$27
     00000260  A$main$27 |    00000262  A$main$27 |    00000263  A$main$28
     00000263  C$main.c$ |    00000265  A$main$28 |    00000267  A$main$28
     00000267  C$main.c$ |    0000026A  A$main$28 |    0000026B  A$main$28
     0000026D  A$main$28 |    0000026E  A$main$29 |    0000026E  C$main.c$
     00000270  A$main$29 |    00000273  A$main$29 |    00000273  C$main.c$
     00000276  A$main$30 |    00000277  A$main$30 |    00000279  A$main$30
     0000027A  A$main$31 |    0000027A  C$main.c$ |    0000027A  C$main.c$
     0000027A  XG$dpad$0 |    0000027D  A$main$32 |    0000027D  C$main.c$
     0000027D  C$main.c$ |    0000027D  G$font$0$ |    0000027D  _font    
     00000280  A$main$33 |    00000280  C$main.c$ |    00000283  A$main$33
     00000284  A$main$33 |    00000287  A$main$33 |    00000288  A$main$33
     00000288  C$main.c$ |    00000289  A$main$33 |    0000028C  A$main$33
     0000028D  A$main$34 |    0000028D  C$main.c$ |    0000028D  XG$font$0
     0000028E  A$main$36 |    0000028E  C$main.c$ |    0000028E  C$main.c$
     0000028E  G$printTu |    0000028E  _printTur |    00000291  A$main$36
     00000292  A$main$36 |    00000294  A$main$36 |    00000294  C$main.c$
     00000297  A$main$36 |    00000298  A$main$36 |    0000029B  A$main$36
     0000029C  A$main$37 |    0000029F  A$main$37 |    000002A0  A$main$37
     000002A3  A$main$37 |    000002A5  A$main$37 |    000002A7  A$main$37
     000002A7  C$main.c$ |    000002AA  A$main$38 |    000002AB  A$main$38
     000002AE  A$main$38 |    000002AF  A$main$38 |    000002B2  A$main$38
     000002B3  A$main$38 |    000002B6  A$main$38 |    000002B8  A$main$38
     000002BA  A$main$39 |    000002BC  A$main$39 |    000002BE  A$main$39
     000002C0  A$main$40 |    000002C0  C$main.c$ |    000002C0  C$main.c$
     000002C0  XG$printT |    000002C1  A$main$41 |    000002C1  C$main.c$
     000002C1  C$main.c$ |    000002C1  G$printbk |    000002C1  _printbkg
     000002C4  A$main$41 |    000002C5  A$main$41 |    000002C8  A$main$41
     000002C9  A$main$42 |    000002CC  A$main$42 |    000002CE  A$main$42
ASxxxx Linker V03.00 + NoICE + sdld,  page 4.
Hexadecimal  [32-Bits]

Area                       Addr        Size        Decimal Bytes (Attributes)
--------------------       ----        ----        ------- ----- ------------
_CODE                  00000200    00001060 =        4192. bytes (REL,CON)

        Value  Global            Value  Global            Value  Global    
        -----  ------            -----  ------            -----  ------    
     000002CE  C$main.c$ |    000002D1  A$main$42 |    000002D2  A$main$42
     000002D5  A$main$42 |    000002D6  A$main$42 |    000002D9  A$main$43
     000002DB  A$main$43 |    000002DB  C$main.c$ |    000002DE  A$main$43
     000002DF  A$main$43 |    000002E2  A$main$43 |    000002E3  A$main$43
     000002E6  A$main$43 |    000002E8  A$main$44 |    000002E8  C$main.c$
     000002EB  A$main$44 |    000002EC  A$main$44 |    000002EF  A$main$44
     000002F0  A$main$44 |    000002F1  A$main$44 |    000002F2  A$main$44
     000002F3  A$main$45 |    000002F6  A$main$45 |    000002F8  A$main$45
     000002F8  C$main.c$ |    000002F8  XG$printb |    000002F9  A$main$47
     000002F9  C$main.c$ |    000002F9  C$main.c$ |    000002F9  G$printSq
     000002F9  _printSqu |    000002FC  A$main$47 |    000002FD  A$main$47
     000002FE  A$main$47 |    000002FF  A$main$47 |    00000300  A$main$47
     00000303  A$main$47 |    00000305  A$main$48 |    00000305  C$main.c$
     00000308  A$main$48 |    00000309  A$main$48 |    0000030C  A$main$48
     0000030D  A$main$48 |    00000310  A$main$48 |    00000312  A$main$49
     00000312  C$main.c$ |    00000315  A$main$49 |    00000316  A$main$49
     00000319  A$main$49 |    0000031A  A$main$49 |    0000031D  A$main$49
     0000031F  A$main$50 |    0000031F  C$main.c$ |    00000322  A$main$50
     00000323  A$main$50 |    00000325  A$main$50 |    00000326  A$main$50
     00000327  A$main$50 |    00000329  A$main$50 |    0000032A  A$main$50
     0000032B  A$main$50 |    0000032E  A$main$50 |    00000330  A$main$51
     00000333  A$main$51 |    00000335  A$main$51 |    00000338  A$main$51
     0000033A  A$main$51 |    0000033D  A$main$51 |    0000033F  A$main$51
     00000342  A$main$51 |    00000344  A$main$52 |    00000344  C$main.c$
     00000344  C$main.c$ |    00000344  XG$printS |    00000347  A$main$53
     00000347  C$main.c$ |    00000347  G$printBl |    00000347  _printBla
     00000349  A$main$54 |    00000349  C$main.c$ |    0000034C  A$main$54
     0000034D  A$main$54 |    00000350  A$main$54 |    00000351  A$main$54
     00000354  A$main$54 |    00000356  A$main$55 |    00000356  C$main.c$
     00000359  A$main$55 |    0000035A  A$main$55 |    0000035D  A$main$55
     0000035E  A$main$55 |    00000361  A$main$55 |    00000363  A$main$56
     00000363  C$main.c$ |    00000364  A$main$56 |    00000366  A$main$56
     00000367  A$main$56 |    00000368  A$main$56 |    0000036A  A$main$56
     0000036B  A$main$56 |    0000036D  A$main$56 |    0000036E  A$main$57
     00000370  A$main$57 |    00000371  A$main$57 |    00000373  A$main$57
     00000375  A$main$57 |    00000377  A$main$57 |    00000379  A$main$57
     0000037B  A$main$57 |    0000037C  A$main$57 |    0000037E  A$main$58
     00000380  A$main$58 |    00000382  A$main$58 |    00000383  A$main$58
     00000386  A$main$58 |    00000388  A$main$58 |    00000389  A$main$59
     0000038A  A$main$59 |    0000038B  A$main$59 |    0000038C  A$main$59
     0000038D  A$main$59 |    0000038E  A$main$59 |    0000038F  A$main$59
     00000392  A$main$59 |    00000393  A$main$59 |    00000394  A$main$59
     00000395  A$main$60 |    00000396  A$main$60 |    00000398  A$main$60
     00000399  A$main$60 |    00000399  C$main.c$ |    0000039B  A$main$60
     0000039C  A$main$60 |    0000039E  A$main$61 |    0000039E  C$main.c$
     0000039F  A$main$61 |    000003A1  A$main$61 |    000003A3  A$main$61
     000003A4  A$main$61 |    000003A5  A$main$61 |    000003A6  A$main$62
     000003A8  A$main$62 |    000003AA  A$main$62 |    000003AC  A$main$62
     000003AE  A$main$62 |    000003AF  A$main$62 |    000003B1  A$main$62
     000003B2  A$main$62 |    000003B4  A$main$62 |    000003B5  A$main$63
     000003B6  A$main$63 |    000003B7  A$main$63 |    000003B8  A$main$63
ASxxxx Linker V03.00 + NoICE + sdld,  page 5.
Hexadecimal  [32-Bits]

Area                       Addr        Size        Decimal Bytes (Attributes)
--------------------       ----        ----        ------- ----- ------------
_CODE                  00000200    00001060 =        4192. bytes (REL,CON)

        Value  Global            Value  Global            Value  Global    
        -----  ------            -----  ------            -----  ------    
     000003BB  A$main$63 |    000003BC  A$main$63 |    000003BD  A$main$63
     000003BE  A$main$63 |    000003BF  A$main$63 |    000003C0  A$main$63
     000003C1  A$main$64 |    000003C4  A$main$64 |    000003C5  A$main$64
     000003C6  A$main$64 |    000003C7  A$main$64 |    000003C9  A$main$64
     000003CA  A$main$64 |    000003CB  A$main$64 |    000003CC  A$main$64
     000003CE  A$main$64 |    000003CF  A$main$65 |    000003D0  A$main$65
     000003D1  A$main$65 |    000003D2  A$main$65 |    000003D4  A$main$65
     000003D4  C$main.c$ |    000003D6  A$main$66 |    000003D8  A$main$66
     000003D9  A$main$66 |    000003DA  A$main$66 |    000003DC  A$main$66
     000003DE  A$main$66 |    000003E0  A$main$66 |    000003E2  A$main$66
     000003E3  A$main$67 |    000003E5  A$main$67 |    000003E6  A$main$67
     000003E8  A$main$67 |    000003E9  A$main$67 |    000003EA  A$main$67
     000003EB  A$main$67 |    000003EC  A$main$67 |    000003EF  A$main$67
     000003F0  A$main$67 |    000003F1  A$main$68 |    000003F2  A$main$68
     000003F3  A$main$68 |    000003F4  A$main$68 |    000003F5  A$main$68
     000003F8  A$main$68 |    000003F9  A$main$68 |    000003FA  A$main$68
     000003FB  A$main$68 |    000003FD  A$main$68 |    000003FE  A$main$69
     000003FF  A$main$69 |    00000400  A$main$69 |    00000402  A$main$69
     00000403  A$main$69 |    00000404  A$main$69 |    00000405  A$main$69
     00000406  A$main$69 |    00000408  A$main$70 |    00000408  C$main.c$
     0000040A  A$main$70 |    0000040B  A$main$70 |    0000040C  A$main$70
     0000040D  A$main$70 |    0000040E  A$main$70 |    0000040F  A$main$70
     00000410  A$main$71 |    00000411  A$main$71 |    00000414  A$main$71
     00000415  A$main$71 |    00000416  A$main$71 |    00000417  A$main$71
     00000418  A$main$71 |    00000419  A$main$71 |    0000041A  A$main$71
     0000041B  A$main$71 |    0000041D  A$main$72 |    0000041E  A$main$72
     00000420  A$main$72 |    00000421  A$main$72 |    00000423  A$main$72
     00000424  A$main$73 |    00000425  A$main$73 |    00000426  A$main$73
     00000429  A$main$73 |    0000042A  A$main$73 |    0000042B  A$main$73
     0000042C  A$main$73 |    0000042D  A$main$73 |    0000042E  A$main$74
     0000042E  C$main.c$ |    00000430  A$main$74 |    00000431  A$main$74
     00000434  A$main$74 |    00000435  A$main$74 |    00000436  A$main$74
     00000439  A$main$75 |    0000043B  A$main$75 |    0000043B  C$main.c$
     0000043B  XG$printB |    0000043C  A$main$76 |    0000043C  C$main.c$
     0000043C  G$printWh |    0000043C  _printWhi |    0000043E  A$main$77
     0000043E  C$main.c$ |    00000441  A$main$77 |    00000442  A$main$77
     00000445  A$main$77 |    00000446  A$main$77 |    00000449  A$main$77
     0000044B  A$main$78 |    0000044B  C$main.c$ |    0000044E  A$main$78
     0000044F  A$main$78 |    00000452  A$main$78 |    00000453  A$main$78
     00000456  A$main$78 |    00000458  A$main$78 |    00000458  C$main.c$
     00000459  A$main$79 |    0000045B  A$main$79 |    0000045C  A$main$79
     0000045D  A$main$79 |    0000045F  A$main$79 |    00000460  A$main$79
     00000462  A$main$79 |    00000463  A$main$79 |    00000465  A$main$79
     00000466  A$main$80 |    00000468  A$main$80 |    0000046A  A$main$80
     0000046C  A$main$80 |    0000046E  A$main$80 |    00000470  A$main$80
     00000471  A$main$80 |    00000473  A$main$80 |    00000475  A$main$80
     00000477  A$main$81 |    00000478  A$main$81 |    0000047B  A$main$81
     0000047D  A$main$81 |    0000047E  A$main$81 |    0000047F  A$main$81
     00000480  A$main$82 |    00000481  A$main$82 |    00000482  A$main$82
     00000483  A$main$82 |    00000484  A$main$82 |    00000487  A$main$82
     00000488  A$main$82 |    00000489  A$main$82 |    0000048A  A$main$82
ASxxxx Linker V03.00 + NoICE + sdld,  page 6.
Hexadecimal  [32-Bits]

Area                       Addr        Size        Decimal Bytes (Attributes)
--------------------       ----        ----        ------- ----- ------------
_CODE                  00000200    00001060 =        4192. bytes (REL,CON)

        Value  Global            Value  Global            Value  Global    
        -----  ------            -----  ------            -----  ------    
     0000048B  A$main$82 |    0000048D  A$main$83 |    0000048E  A$main$83
     0000048E  C$main.c$ |    00000490  A$main$83 |    00000491  A$main$83
     00000493  A$main$84 |    00000493  C$main.c$ |    00000494  A$main$84
     00000496  A$main$84 |    00000498  A$main$84 |    00000499  A$main$84
     0000049A  A$main$84 |    0000049B  A$main$84 |    0000049D  A$main$84
     0000049F  A$main$85 |    000004A1  A$main$85 |    000004A3  A$main$85
     000004A4  A$main$85 |    000004A6  A$main$85 |    000004A7  A$main$85
     000004A9  A$main$85 |    000004AA  A$main$85 |    000004AB  A$main$85
     000004AC  A$main$86 |    000004AD  A$main$86 |    000004B0  A$main$86
     000004B1  A$main$86 |    000004B2  A$main$86 |    000004B3  A$main$86
     000004B4  A$main$86 |    000004B5  A$main$86 |    000004B6  A$main$86
     000004B9  A$main$86 |    000004BA  A$main$87 |    000004BB  A$main$87
     000004BC  A$main$87 |    000004BE  A$main$87 |    000004BF  A$main$87
     000004C0  A$main$87 |    000004C1  A$main$87 |    000004C3  A$main$87
     000004C4  A$main$87 |    000004C5  A$main$87 |    000004C6  A$main$88
     000004C7  A$main$88 |    000004C9  A$main$88 |    000004C9  C$main.c$
     000004CB  A$main$88 |    000004CD  A$main$89 |    000004CE  A$main$89
     000004CF  A$main$89 |    000004D1  A$main$89 |    000004D3  A$main$89
     000004D5  A$main$89 |    000004D7  A$main$89 |    000004D8  A$main$89
     000004DA  A$main$89 |    000004DB  A$main$90 |    000004DD  A$main$90
     000004DE  A$main$90 |    000004DF  A$main$90 |    000004E0  A$main$90
     000004E1  A$main$90 |    000004E4  A$main$90 |    000004E5  A$main$90
     000004E6  A$main$90 |    000004E7  A$main$90 |    000004E8  A$main$91
     000004E9  A$main$91 |    000004EA  A$main$91 |    000004ED  A$main$91
     000004EE  A$main$91 |    000004EF  A$main$91 |    000004F0  A$main$91
     000004F2  A$main$91 |    000004F3  A$main$91 |    000004F4  A$main$91
     000004F5  A$main$92 |    000004F7  A$main$92 |    000004F8  A$main$92
     000004F9  A$main$92 |    000004FA  A$main$92 |    000004FB  A$main$92
     000004FD  A$main$93 |    000004FD  C$main.c$ |    000004FF  A$main$93
     00000500  A$main$93 |    00000501  A$main$93 |    00000502  A$main$93
     00000503  A$main$93 |    00000504  A$main$93 |    00000505  A$main$93
     00000506  A$main$93 |    00000509  A$main$94 |    0000050A  A$main$94
     0000050B  A$main$94 |    0000050C  A$main$94 |    0000050D  A$main$94
     0000050E  A$main$94 |    0000050F  A$main$94 |    00000510  A$main$94
     00000512  A$main$94 |    00000513  A$main$94 |    00000515  A$main$95
     00000516  A$main$95 |    00000518  A$main$95 |    00000519  A$main$95
     0000051A  A$main$95 |    0000051B  A$main$96 |    0000051E  A$main$96
     0000051F  A$main$96 |    00000520  A$main$96 |    00000521  A$main$96
     00000522  A$main$96 |    00000523  A$main$97 |    00000523  C$main.c$
     00000525  A$main$97 |    00000526  A$main$97 |    00000529  A$main$97
     0000052A  A$main$97 |    0000052B  A$main$97 |    0000052E  A$main$98
     00000530  A$main$98 |    00000530  C$main.c$ |    00000530  XG$printW
     00000531  A$main$99 |    00000531  C$main.c$ |    00000531  G$modifyC
     00000531  _modifyCo |    00000532  A$main$99 |    00000532  C$main.c$
     00000534  A$main$10 |    00000536  A$main$10 |    00000536  C$main.c$
     00000537  A$main$10 |    00000538  A$main$10 |    00000539  A$main$10
     0000053A  A$main$10 |    0000053B  A$main$10 |    0000053C  A$main$10
     0000053D  A$main$10 |    0000053E  A$main$10 |    0000053F  A$main$10
     00000540  A$main$10 |    00000541  A$main$10 |    00000543  A$main$10
     00000543  C$main.c$ |    00000544  A$main$10 |    00000545  A$main$10
     00000546  A$main$10 |    00000547  A$main$10 |    00000548  A$main$10
ASxxxx Linker V03.00 + NoICE + sdld,  page 7.
Hexadecimal  [32-Bits]

Area                       Addr        Size        Decimal Bytes (Attributes)
--------------------       ----        ----        ------- ----- ------------
_CODE                  00000200    00001060 =        4192. bytes (REL,CON)

        Value  Global            Value  Global            Value  Global    
        -----  ------            -----  ------            -----  ------    
     00000549  A$main$10 |    0000054A  A$main$10 |    0000054B  A$main$10
     0000054B  C$main.c$ |    0000054E  A$main$10 |    0000054F  A$main$10
     00000551  A$main$10 |    00000552  A$main$10 |    00000554  A$main$10
     00000556  A$main$10 |    00000556  C$main.c$ |    00000559  A$main$10
     0000055A  A$main$10 |    0000055C  A$main$10 |    0000055D  A$main$10
     0000055F  A$main$10 |    00000561  A$main$10 |    00000561  C$main.c$
     00000562  A$main$10 |    00000563  A$main$10 |    00000565  A$main$10
     00000566  A$main$10 |    00000566  C$main.c$ |    00000569  A$main$10
     0000056A  A$main$10 |    0000056A  C$main.c$ |    0000056D  A$main$10
     0000056E  A$main$10 |    00000570  A$main$10 |    00000573  A$main$10
     00000574  A$main$10 |    00000576  A$main$10 |    00000577  A$main$10
     00000578  A$main$10 |    00000579  A$main$10 |    0000057A  A$main$10
     0000057B  A$main$10 |    0000057D  A$main$10 |    0000057D  C$main.c$
     0000057F  A$main$10 |    00000582  A$main$10 |    00000583  A$main$10
     00000585  A$main$10 |    00000586  A$main$10 |    00000587  A$main$10
     00000588  A$main$10 |    00000589  A$main$10 |    0000058A  A$main$10
     0000058C  A$main$11 |    0000058C  C$main.c$ |    0000058C  C$main.c$
     0000058D  A$main$11 |    0000058E  A$main$11 |    0000058F  A$main$11
     00000591  A$main$11 |    00000592  A$main$11 |    00000592  C$main.c$
     00000592  C$main.c$ |    00000592  G$isMoveW |    00000592  _isMoveWi
     00000593  A$main$11 |    00000595  A$main$11 |    00000597  A$main$11
     00000599  A$main$11 |    0000059A  A$main$11 |    0000059C  A$main$11
     0000059D  A$main$11 |    0000059F  A$main$11 |    000005A1  A$main$11
     000005A3  A$main$11 |    000005A4  A$main$11 |    000005A6  A$main$11
     000005A7  A$main$11 |    000005A8  A$main$11 |    000005AA  A$main$11
     000005AA  C$main.c$ |    000005AA  XG$isMove |    000005AB  A$main$11
     000005AB  C$main.c$ |    000005AB  G$capture |    000005AB  _capture 
     000005AD  A$main$11 |    000005AF  A$main$11 |    000005B0  A$main$11
     000005B1  A$main$11 |    000005B1  C$main.c$ |    000005B4  A$main$11
     000005B5  A$main$11 |    000005B7  A$main$11 |    000005B8  A$main$11
     000005B9  A$main$11 |    000005BA  A$main$11 |    000005BB  A$main$11
     000005BD  A$main$11 |    000005C0  A$main$11 |    000005C0  C$main.c$
     000005C1  A$main$11 |    000005C2  A$main$11 |    000005C3  A$main$11
     000005C4  A$main$11 |    000005C5  A$main$11 |    000005C6  A$main$11
     000005C8  A$main$11 |    000005C9  A$main$11 |    000005CA  A$main$11
     000005CB  A$main$11 |    000005CD  A$main$11 |    000005CE  A$main$11
     000005CF  A$main$11 |    000005D0  A$main$11 |    000005D1  A$main$11
     000005D3  A$main$11 |    000005D4  A$main$11 |    000005D5  A$main$11
     000005D6  A$main$11 |    000005D7  A$main$11 |    000005D8  A$main$11
     000005D9  A$main$12 |    000005DA  A$main$12 |    000005DB  A$main$12
     000005DC  A$main$12 |    000005DD  A$main$12 |    000005DF  A$main$12
     000005E0  A$main$12 |    000005E0  C$main.c$ |    000005E1  A$main$12
     000005E2  A$main$12 |    000005E3  A$main$12 |    000005E4  A$main$12
     000005E5  A$main$12 |    000005E6  A$main$12 |    000005E7  A$main$12
     000005E9  A$main$12 |    000005EA  A$main$12 |    000005EB  A$main$12
     000005EC  A$main$12 |    000005EE  A$main$12 |    000005EF  A$main$12
     000005F0  A$main$12 |    000005F1  A$main$12 |    000005F2  A$main$12
     000005F3  A$main$12 |    000005F5  A$main$12 |    000005F5  C$main.c$
     000005F6  A$main$12 |    000005F7  A$main$12 |    000005F8  A$main$12
     000005FA  A$main$12 |    000005FC  A$main$12 |    000005FC  C$main.c$
     000005FD  A$main$12 |    000005FE  A$main$12 |    00000600  A$main$12
ASxxxx Linker V03.00 + NoICE + sdld,  page 8.
Hexadecimal  [32-Bits]

Area                       Addr        Size        Decimal Bytes (Attributes)
--------------------       ----        ----        ------- ----- ------------
_CODE                  00000200    00001060 =        4192. bytes (REL,CON)

        Value  Global            Value  Global            Value  Global    
        -----  ------            -----  ------            -----  ------    
     00000601  A$main$12 |    00000601  C$main.c$ |    00000603  A$main$12
     00000604  A$main$12 |    00000605  A$main$12 |    00000607  A$main$12
     00000609  A$main$12 |    00000609  C$main.c$ |    0000060A  A$main$12
     0000060B  A$main$12 |    0000060D  A$main$12 |    0000060E  A$main$12
     0000060E  C$main.c$ |    00000610  A$main$12 |    00000611  A$main$12
     00000612  A$main$12 |    00000614  A$main$12 |    00000615  A$main$12
     00000615  C$main.c$ |    00000616  A$main$12 |    00000618  A$main$12
     0000061A  A$main$12 |    0000061A  C$main.c$ |    0000061B  A$main$12
     0000061C  A$main$12 |    0000061D  A$main$12 |    0000061E  A$main$12
     00000620  A$main$12 |    00000621  A$main$12 |    00000621  C$main.c$
     00000622  A$main$12 |    00000624  A$main$12 |    00000626  A$main$12
     00000627  A$main$12 |    00000627  C$main.c$ |    00000629  A$main$12
     0000062A  A$main$12 |    0000062B  A$main$12 |    0000062D  A$main$12
     0000062F  A$main$12 |    00000630  A$main$12 |    00000632  A$main$12
     00000633  A$main$13 |    00000635  A$main$13 |    00000635  C$main.c$
     00000637  A$main$13 |    00000638  A$main$13 |    00000639  A$main$13
     0000063B  A$main$13 |    0000063C  A$main$13 |    0000063D  A$main$13
     0000063E  A$main$13 |    00000640  A$main$13 |    00000641  A$main$13
     00000643  A$main$13 |    00000643  C$main.c$ |    00000644  A$main$13
     00000646  A$main$13 |    00000647  A$main$13 |    00000647  C$main.c$
     00000649  A$main$13 |    0000064A  A$main$13 |    0000064B  A$main$13
     0000064C  A$main$13 |    0000064E  A$main$13 |    0000064E  C$main.c$
     00000650  A$main$13 |    00000652  A$main$13 |    00000652  C$main.c$
     00000653  A$main$13 |    00000656  A$main$13 |    00000656  C$main.c$
     00000657  A$main$13 |    00000657  C$main.c$ |    00000659  A$main$13
     0000065A  A$main$13 |    0000065B  A$main$13 |    0000065C  A$main$13
     0000065C  C$main.c$ |    0000065C  G$isValid |    0000065C  _isValidM
     0000065E  A$main$13 |    00000660  A$main$13 |    00000661  A$main$13
     00000662  A$main$13 |    00000662  C$main.c$ |    00000664  A$main$13
     00000665  A$main$13 |    00000666  A$main$13 |    00000668  A$main$13
     00000668  C$main.c$ |    0000066A  A$main$13 |    0000066C  A$main$13
     0000066D  A$main$13 |    0000066F  A$main$13 |    0000066F  C$main.c$
     00000671  A$main$13 |    00000673  A$main$13 |    00000674  A$main$13
     00000674  C$main.c$ |    00000676  A$main$13 |    00000677  A$main$13
     00000679  A$main$13 |    0000067A  A$main$13 |    0000067B  A$main$13
     0000067C  A$main$13 |    0000067C  C$main.c$ |    0000067E  A$main$14
     0000067E  C$main.c$ |    00000680  A$main$14 |    00000682  A$main$14
     00000683  A$main$14 |    00000685  A$main$14 |    00000685  C$main.c$
     00000687  A$main$14 |    00000689  A$main$14 |    0000068A  A$main$14
     0000068A  C$main.c$ |    0000068C  A$main$14 |    0000068D  A$main$14
     0000068F  A$main$14 |    00000690  A$main$14 |    00000691  A$main$14
     00000692  A$main$14 |    00000692  C$main.c$ |    00000692  C$main.c$
     00000694  A$main$14 |    00000696  A$main$14 |    00000697  A$main$14
     00000699  A$main$14 |    0000069B  A$main$14 |    0000069C  A$main$14
     0000069E  A$main$14 |    0000069F  A$main$14 |    000006A1  A$main$14
     000006A2  A$main$14 |    000006A4  A$main$14 |    000006A6  A$main$14
     000006A7  A$main$14 |    000006A9  A$main$14 |    000006A9  C$main.c$
     000006AA  A$main$14 |    000006AD  A$main$14 |    000006AD  C$main.c$
     000006AF  A$main$14 |    000006B1  A$main$14 |    000006B3  A$main$14
     000006B5  A$main$14 |    000006B6  A$main$14 |    000006B7  A$main$14
     000006B9  A$main$14 |    000006BA  A$main$14 |    000006BB  A$main$14
ASxxxx Linker V03.00 + NoICE + sdld,  page 9.
Hexadecimal  [32-Bits]

Area                       Addr        Size        Decimal Bytes (Attributes)
--------------------       ----        ----        ------- ----- ------------
_CODE                  00000200    00001060 =        4192. bytes (REL,CON)

        Value  Global            Value  Global            Value  Global    
        -----  ------            -----  ------            -----  ------    
     000006BC  A$main$14 |    000006BD  A$main$14 |    000006BE  A$main$14
     000006BF  A$main$14 |    000006C0  A$main$14 |    000006C1  A$main$14
     000006C2  A$main$14 |    000006C4  A$main$14 |    000006C6  A$main$14
     000006C8  A$main$14 |    000006CA  A$main$14 |    000006CB  A$main$14
     000006CD  A$main$14 |    000006CF  A$main$14 |    000006D1  A$main$14
     000006D2  A$main$14 |    000006D4  A$main$14 |    000006D4  C$main.c$
     000006D5  A$main$14 |    000006D8  A$main$14 |    000006D8  C$main.c$
     000006DA  A$main$14 |    000006DB  A$main$14 |    000006DD  A$main$14
     000006DE  A$main$14 |    000006E0  A$main$14 |    000006E2  A$main$14
     000006E3  A$main$14 |    000006E4  A$main$14 |    000006E5  A$main$14
     000006E6  A$main$15 |    000006E7  A$main$15 |    000006E8  A$main$15
     000006E9  A$main$15 |    000006EA  A$main$15 |    000006EB  A$main$15
     000006ED  A$main$15 |    000006EE  A$main$15 |    000006EF  A$main$15
     000006F0  A$main$15 |    000006F1  A$main$15 |    000006F2  A$main$15
     000006F3  A$main$15 |    000006F5  A$main$15 |    000006F6  A$main$15
     000006F7  A$main$15 |    000006F8  A$main$15 |    000006FA  A$main$15
     000006FB  A$main$15 |    000006FC  A$main$15 |    000006FD  A$main$15
     000006FE  A$main$15 |    000006FF  A$main$15 |    00000700  A$main$15
     00000702  A$main$15 |    00000704  A$main$15 |    00000705  A$main$15
     00000706  A$main$15 |    00000707  A$main$15 |    00000708  A$main$15
     00000709  A$main$15 |    0000070A  A$main$15 |    0000070B  A$main$15
     0000070C  A$main$15 |    0000070D  A$main$15 |    0000070E  A$main$15
     0000070F  A$main$15 |    00000710  A$main$15 |    00000711  A$main$15
     00000713  A$main$15 |    00000714  A$main$15 |    00000716  A$main$15
     00000717  A$main$15 |    00000719  A$main$15 |    0000071A  A$main$15
     0000071A  C$main.c$ |    0000071C  A$main$15 |    0000071D  A$main$15
     0000071F  A$main$15 |    00000720  A$main$15 |    00000722  A$main$15
     00000724  A$main$15 |    00000725  A$main$15 |    00000727  A$main$15
     00000728  A$main$15 |    0000072A  A$main$15 |    0000072B  A$main$15
     0000072D  A$main$15 |    0000072E  A$main$15 |    00000730  A$main$15
     00000731  A$main$15 |    00000732  A$main$15 |    00000733  A$main$15
     00000734  A$main$15 |    00000735  A$main$15 |    00000736  A$main$15
     00000737  A$main$15 |    00000738  A$main$15 |    0000073A  A$main$15
     0000073B  A$main$15 |    0000073C  A$main$15 |    0000073D  A$main$15
     0000073F  A$main$15 |    00000740  A$main$15 |    00000741  A$main$15
     00000742  A$main$15 |    00000743  A$main$15 |    00000744  A$main$15
     00000746  A$main$15 |    00000747  A$main$15 |    00000749  A$main$15
     0000074A  A$main$15 |    0000074C  A$main$15 |    0000074D  A$main$15
     0000074E  A$main$15 |    0000074F  A$main$15 |    00000750  A$main$15
     00000751  A$main$15 |    00000752  A$main$15 |    00000753  A$main$15
     00000754  A$main$15 |    00000755  A$main$15 |    00000756  A$main$15
     00000758  A$main$15 |    00000759  A$main$15 |    0000075A  A$main$15
     0000075B  A$main$15 |    0000075C  A$main$15 |    0000075D  A$main$16
     0000075F  A$main$16 |    00000760  A$main$16 |    00000761  A$main$16
     00000762  A$main$16 |    00000762  C$main.c$ |    00000764  A$main$16
     00000765  A$main$16 |    00000766  A$main$16 |    00000767  A$main$16
     00000768  A$main$16 |    0000076B  A$main$16 |    0000076C  A$main$16
     0000076D  A$main$16 |    0000076F  A$main$16 |    00000770  A$main$16
     00000771  A$main$16 |    00000772  A$main$16 |    00000773  A$main$16
     00000776  A$main$16 |    00000777  A$main$16 |    00000778  A$main$16
     00000779  A$main$16 |    0000077A  A$main$16 |    0000077C  A$main$16
ASxxxx Linker V03.00 + NoICE + sdld,  page 10.
Hexadecimal  [32-Bits]

Area                       Addr        Size        Decimal Bytes (Attributes)
--------------------       ----        ----        ------- ----- ------------
_CODE                  00000200    00001060 =        4192. bytes (REL,CON)

        Value  Global            Value  Global            Value  Global    
        -----  ------            -----  ------            -----  ------    
     0000077D  A$main$16 |    0000077E  A$main$16 |    00000780  A$main$16
     00000780  C$main.c$ |    00000781  A$main$16 |    00000784  A$main$16
     00000784  C$main.c$ |    00000786  A$main$16 |    00000787  A$main$16
     00000788  A$main$16 |    0000078A  A$main$16 |    0000078B  A$main$16
     0000078C  A$main$16 |    0000078D  A$main$16 |    0000078E  A$main$16
     0000078F  A$main$16 |    00000790  A$main$16 |    00000791  A$main$16
     00000793  A$main$16 |    00000794  A$main$16 |    00000795  A$main$16
     00000797  A$main$16 |    00000799  A$main$16 |    0000079A  A$main$16
     0000079B  A$main$16 |    0000079D  A$main$16 |    0000079E  A$main$16
     0000079F  A$main$16 |    000007A1  A$main$16 |    000007A3  A$main$16
     000007A3  C$main.c$ |    000007A5  A$main$16 |    000007A6  A$main$16
     000007A7  A$main$16 |    000007A9  A$main$16 |    000007AB  A$main$16
     000007AC  A$main$16 |    000007AD  A$main$16 |    000007AE  A$main$16
     000007B0  A$main$16 |    000007B1  A$main$16 |    000007B3  A$main$16
     000007B4  A$main$16 |    000007B5  A$main$16 |    000007B7  A$main$16
     000007B9  A$main$16 |    000007BB  A$main$16 |    000007BD  A$main$16
     000007BE  A$main$16 |    000007C0  A$main$16 |    000007C2  A$main$16
     000007C4  A$main$16 |    000007C5  A$main$16 |    000007C7  A$main$16
     000007C8  A$main$16 |    000007C9  A$main$16 |    000007CB  A$main$16
     000007CD  A$main$16 |    000007CD  C$main.c$ |    000007CE  A$main$17
     000007D1  A$main$17 |    000007D1  C$main.c$ |    000007D4  A$main$17
     000007D6  A$main$17 |    000007D7  A$main$17 |    000007D8  A$main$17
     000007D9  A$main$17 |    000007DA  A$main$17 |    000007DB  A$main$17
     000007DC  A$main$17 |    000007DD  A$main$17 |    000007DF  A$main$17
     000007E1  A$main$17 |    000007E3  A$main$17 |    000007E5  A$main$17
     000007E6  A$main$17 |    000007E8  A$main$17 |    000007EA  A$main$17
     000007EC  A$main$17 |    000007ED  A$main$17 |    000007EF  A$main$17
     000007EF  C$main.c$ |    000007F0  A$main$17 |    000007F1  A$main$17
     000007F2  A$main$17 |    000007F3  A$main$17 |    000007F4  A$main$17
     000007F5  A$main$17 |    000007F7  A$main$17 |    000007F8  A$main$17
     000007F9  A$main$17 |    000007FA  A$main$17 |    000007FC  A$main$17
     000007FD  A$main$17 |    00000800  A$main$17 |    00000801  A$main$17
     00000802  A$main$17 |    00000803  A$main$17 |    00000804  A$main$17
     00000805  A$main$17 |    00000806  A$main$17 |    00000807  A$main$17
     00000809  A$main$17 |    0000080A  A$main$17 |    0000080B  A$main$17
     0000080C  A$main$17 |    0000080D  A$main$17 |    0000080E  A$main$17
     00000810  A$main$17 |    00000811  A$main$17 |    00000812  A$main$17
     00000813  A$main$17 |    00000815  A$main$17 |    00000816  A$main$17
     00000817  A$main$17 |    00000819  A$main$17 |    00000819  C$main.c$
     0000081A  A$main$17 |    0000081D  A$main$17 |    0000081D  C$main.c$
     00000820  A$main$17 |    00000822  A$main$17 |    00000823  A$main$17
     00000824  A$main$17 |    00000825  A$main$17 |    00000826  A$main$17
     00000827  A$main$17 |    00000828  A$main$17 |    00000829  A$main$17
     0000082B  A$main$17 |    0000082C  A$main$17 |    0000082D  A$main$17
     0000082E  A$main$17 |    0000082F  A$main$17 |    00000830  A$main$17
     00000832  A$main$17 |    00000833  A$main$17 |    00000834  A$main$17
     00000835  A$main$17 |    00000837  A$main$17 |    00000838  A$main$17
     00000839  A$main$17 |    0000083B  A$main$17 |    0000083B  C$main.c$
     0000083C  A$main$18 |    0000083F  A$main$18 |    0000083F  C$main.c$
     00000840  A$main$18 |    00000842  A$main$18 |    00000842  C$main.c$
     00000844  A$main$18 |    00000845  A$main$18 |    00000846  A$main$18
ASxxxx Linker V03.00 + NoICE + sdld,  page 11.
Hexadecimal  [32-Bits]

Area                       Addr        Size        Decimal Bytes (Attributes)
--------------------       ----        ----        ------- ----- ------------
_CODE                  00000200    00001060 =        4192. bytes (REL,CON)

        Value  Global            Value  Global            Value  Global    
        -----  ------            -----  ------            -----  ------    
     00000847  A$main$18 |    00000848  A$main$18 |    0000084B  A$main$18
     0000084C  A$main$18 |    0000084D  A$main$18 |    0000084E  A$main$18
     0000084F  A$main$18 |    00000851  A$main$18 |    00000853  A$main$18
     00000854  A$main$18 |    00000856  A$main$18 |    00000857  A$main$18
     00000859  A$main$18 |    0000085B  A$main$18 |    0000085D  A$main$18
     0000085F  A$main$18 |    00000860  A$main$18 |    00000862  A$main$18
     00000864  A$main$18 |    00000866  A$main$18 |    00000867  A$main$18
     00000869  A$main$18 |    0000086B  A$main$18 |    0000086C  A$main$18
     0000086D  A$main$18 |    0000086E  A$main$18 |    0000086F  A$main$18
     00000872  A$main$18 |    00000873  A$main$18 |    00000874  A$main$18
     00000875  A$main$18 |    00000876  A$main$18 |    00000878  A$main$18
     0000087A  A$main$18 |    0000087B  A$main$18 |    0000087D  A$main$18
     0000087E  A$main$18 |    00000880  A$main$18 |    00000882  A$main$18
     00000884  A$main$18 |    00000886  A$main$18 |    00000887  A$main$18
     00000889  A$main$18 |    0000088B  A$main$18 |    0000088D  A$main$18
     0000088E  A$main$18 |    00000890  A$main$18 |    00000890  C$main.c$
     00000891  A$main$18 |    00000893  A$main$18 |    00000893  C$main.c$
     00000895  A$main$18 |    00000896  A$main$18 |    00000897  A$main$18
     00000898  A$main$18 |    00000899  A$main$18 |    0000089C  A$main$18
     0000089D  A$main$18 |    0000089E  A$main$18 |    000008A0  A$main$18
     000008A1  A$main$18 |    000008A3  A$main$18 |    000008A5  A$main$18
     000008A6  A$main$18 |    000008A7  A$main$18 |    000008A8  A$main$18
     000008A9  A$main$18 |    000008AC  A$main$18 |    000008AD  A$main$18
     000008AE  A$main$18 |    000008B0  A$main$18 |    000008B1  A$main$18
     000008B3  A$main$19 |    000008B3  C$main.c$ |    000008B5  A$main$19
     000008B6  A$main$19 |    000008B7  A$main$19 |    000008B8  A$main$19
     000008B9  A$main$19 |    000008BB  A$main$19 |    000008BC  A$main$19
     000008BE  A$main$19 |    000008BF  A$main$19 |    000008C0  A$main$19
     000008C1  A$main$19 |    000008C3  A$main$19 |    000008C5  A$main$19
     000008C6  A$main$19 |    000008C7  A$main$19 |    000008C8  A$main$19
     000008C9  A$main$19 |    000008CA  A$main$19 |    000008CC  A$main$19
     000008CE  A$main$19 |    000008D0  A$main$19 |    000008D1  A$main$19
     000008D2  A$main$19 |    000008D3  A$main$19 |    000008D3  C$main.c$
     000008D5  A$main$19 |    000008D6  A$main$19 |    000008D7  A$main$19
     000008D8  A$main$19 |    000008D9  A$main$19 |    000008DA  A$main$19
     000008DB  A$main$19 |    000008DC  A$main$19 |    000008DD  A$main$19
     000008DE  A$main$19 |    000008DF  A$main$19 |    000008E0  A$main$19
     000008E1  A$main$19 |    000008E3  A$main$19 |    000008E4  A$main$19
     000008E5  A$main$19 |    000008E6  A$main$19 |    000008E7  A$main$19
     000008E8  A$main$19 |    000008E9  A$main$19 |    000008EB  A$main$19
     000008ED  A$main$19 |    000008EE  A$main$19 |    000008EF  A$main$19
     000008F0  A$main$19 |    000008F0  C$main.c$ |    000008F2  A$main$19
     000008F3  A$main$19 |    000008F4  A$main$19 |    000008F5  A$main$19
     000008F6  A$main$19 |    000008F7  A$main$19 |    000008F8  A$main$19
     000008FB  A$main$19 |    000008FC  A$main$19 |    000008FE  A$main$19
     00000900  A$main$19 |    00000900  C$main.c$ |    00000902  A$main$19
     00000904  A$main$19 |    00000904  C$main.c$ |    00000905  A$main$19
     00000907  A$main$19 |    00000907  C$main.c$ |    00000909  A$main$19
     00000909  C$main.c$ |    0000090B  A$main$19 |    0000090C  A$main$19
     0000090E  A$main$19 |    0000090F  A$main$20 |    0000090F  C$main.c$
     0000090F  G$isCaptu |    0000090F  _isCaptur |    00000911  A$main$20
ASxxxx Linker V03.00 + NoICE + sdld,  page 12.
Hexadecimal  [32-Bits]

Area                       Addr        Size        Decimal Bytes (Attributes)
--------------------       ----        ----        ------- ----- ------------
_CODE                  00000200    00001060 =        4192. bytes (REL,CON)

        Value  Global            Value  Global            Value  Global    
        -----  ------            -----  ------            -----  ------    
     00000913  A$main$20 |    00000914  A$main$20 |    00000915  A$main$20
     00000915  C$main.c$ |    00000917  A$main$20 |    00000918  A$main$20
     00000919  A$main$20 |    0000091B  A$main$20 |    0000091B  C$main.c$
     0000091D  A$main$20 |    0000091F  A$main$20 |    00000920  A$main$20
     00000922  A$main$20 |    00000922  C$main.c$ |    00000924  A$main$20
     00000926  A$main$20 |    00000927  A$main$20 |    00000929  A$main$20
     00000929  C$main.c$ |    0000092B  A$main$20 |    0000092B  C$main.c$
     0000092D  A$main$20 |    0000092F  A$main$20 |    00000930  A$main$20
     00000932  A$main$20 |    00000932  C$main.c$ |    00000934  A$main$20
     00000936  A$main$20 |    00000937  A$main$20 |    00000939  A$main$20
     00000939  C$main.c$ |    00000939  C$main.c$ |    0000093B  A$main$20
     0000093C  A$main$20 |    0000093E  A$main$20 |    00000940  A$main$20
     00000941  A$main$20 |    00000942  A$main$20 |    00000943  A$main$20
     00000944  A$main$20 |    00000945  A$main$20 |    00000946  A$main$20
     00000947  A$main$20 |    00000948  A$main$20 |    00000949  A$main$20
     0000094B  A$main$20 |    0000094C  A$main$20 |    0000094D  A$main$20
     0000094E  A$main$20 |    00000950  A$main$20 |    00000951  A$main$20
     00000952  A$main$20 |    00000953  A$main$20 |    00000954  A$main$20
     00000956  A$main$20 |    00000957  A$main$20 |    00000958  A$main$20
     00000959  A$main$20 |    0000095A  A$main$20 |    0000095B  A$main$20
     0000095C  A$main$20 |    0000095D  A$main$20 |    0000095E  A$main$20
     00000960  A$main$20 |    00000961  A$main$20 |    00000962  A$main$20
     00000963  A$main$20 |    00000964  A$main$20 |    00000965  A$main$20
     00000967  A$main$20 |    00000968  A$main$20 |    00000969  A$main$21
     00000969  C$main.c$ |    0000096A  A$main$21 |    0000096A  C$main.c$
     0000096B  A$main$21 |    0000096C  A$main$21 |    0000096D  A$main$21
     0000096F  A$main$21 |    00000970  A$main$21 |    00000971  A$main$21
     00000972  A$main$21 |    00000974  A$main$21 |    00000975  A$main$21
     00000976  A$main$21 |    00000977  A$main$21 |    00000978  A$main$21
     00000979  A$main$21 |    0000097A  A$main$21 |    0000097B  A$main$21
     0000097C  A$main$21 |    0000097D  A$main$21 |    0000097E  A$main$21
     0000097F  A$main$21 |    00000982  A$main$21 |    00000983  A$main$21
     00000984  A$main$21 |    00000985  A$main$21 |    00000987  A$main$21
     00000988  A$main$21 |    0000098A  A$main$21 |    0000098B  A$main$21
     0000098E  A$main$21 |    0000098F  A$main$21 |    00000990  A$main$21
     00000992  A$main$21 |    00000993  A$main$21 |    00000995  A$main$21
     00000995  C$main.c$ |    00000998  A$main$21 |    00000999  A$main$21
     0000099B  A$main$21 |    0000099C  A$main$21 |    0000099D  A$main$21
     0000099E  A$main$21 |    0000099F  A$main$21 |    000009A1  A$main$21
     000009A3  A$main$21 |    000009A3  C$main.c$ |    000009A4  A$main$21
     000009A5  A$main$21 |    000009A6  A$main$21 |    000009A7  A$main$21
     000009A8  A$main$21 |    000009A9  A$main$21 |    000009AB  A$main$21
     000009AC  A$main$21 |    000009AD  A$main$21 |    000009AE  A$main$21
     000009B0  A$main$21 |    000009B1  A$main$21 |    000009B2  A$main$21
     000009B3  A$main$21 |    000009B4  A$main$21 |    000009B5  A$main$21
     000009B6  A$main$21 |    000009B7  A$main$21 |    000009B8  A$main$21
     000009B9  A$main$21 |    000009BA  A$main$21 |    000009BB  A$main$21
     000009BB  C$main.c$ |    000009BC  A$main$21 |    000009BD  A$main$21
     000009BE  A$main$21 |    000009BE  C$main.c$ |    000009BF  A$main$21
     000009C1  A$main$21 |    000009C2  A$main$21 |    000009C2  C$main.c$
     000009C3  A$main$21 |    000009C5  A$main$21 |    000009C7  A$main$21
ASxxxx Linker V03.00 + NoICE + sdld,  page 13.
Hexadecimal  [32-Bits]

Area                       Addr        Size        Decimal Bytes (Attributes)
--------------------       ----        ----        ------- ----- ------------
_CODE                  00000200    00001060 =        4192. bytes (REL,CON)

        Value  Global            Value  Global            Value  Global    
        -----  ------            -----  ------            -----  ------    
     000009C7  C$main.c$ |    000009C8  A$main$22 |    000009C9  A$main$22
     000009CB  A$main$22 |    000009CB  C$main.c$ |    000009CC  A$main$22
     000009CD  A$main$22 |    000009CF  A$main$22 |    000009D0  A$main$22
     000009D0  C$main.c$ |    000009D2  A$main$22 |    000009D3  A$main$22
     000009D4  A$main$22 |    000009D6  A$main$22 |    000009D8  A$main$22
     000009D8  C$main.c$ |    000009D9  A$main$22 |    000009DA  A$main$22
     000009DC  A$main$22 |    000009DC  C$main.c$ |    000009DD  A$main$22
     000009DE  A$main$22 |    000009DF  A$main$22 |    000009E0  A$main$22
     000009E2  A$main$22 |    000009E3  A$main$22 |    000009E3  C$main.c$
     000009E4  A$main$22 |    000009E6  A$main$22 |    000009E8  A$main$22
     000009E9  A$main$22 |    000009E9  C$main.c$ |    000009EB  A$main$22
     000009EC  A$main$22 |    000009EE  A$main$22 |    000009EF  A$main$22
     000009F1  A$main$22 |    000009F2  A$main$22 |    000009F3  A$main$22
     000009F4  A$main$22 |    000009F6  A$main$22 |    000009F6  C$main.c$
     000009F7  A$main$22 |    000009F8  A$main$22 |    000009F9  A$main$22
     000009FA  A$main$22 |    000009FC  A$main$22 |    000009FE  A$main$22
     000009FF  A$main$22 |    00000A01  A$main$22 |    00000A02  A$main$22
     00000A04  A$main$22 |    00000A04  C$main.c$ |    00000A06  A$main$22
     00000A08  A$main$22 |    00000A08  C$main.c$ |    00000A09  A$main$22
     00000A0B  A$main$22 |    00000A0B  C$main.c$ |    00000A0C  A$main$22
     00000A0C  C$main.c$ |    00000A0E  A$main$22 |    00000A0F  A$main$22
     00000A11  A$main$22 |    00000A12  A$main$22 |    00000A12  C$main.c$
     00000A12  G$testVal |    00000A12  _testVali |    00000A14  A$main$23
     00000A16  A$main$23 |    00000A17  A$main$23 |    00000A18  A$main$23
     00000A18  C$main.c$ |    00000A1A  A$main$23 |    00000A1B  A$main$23
     00000A1C  A$main$23 |    00000A1E  A$main$23 |    00000A1E  C$main.c$
     00000A20  A$main$23 |    00000A22  A$main$23 |    00000A23  A$main$23
     00000A25  A$main$23 |    00000A25  C$main.c$ |    00000A27  A$main$23
     00000A29  A$main$23 |    00000A2A  A$main$23 |    00000A2B  A$main$23
     00000A2C  A$main$23 |    00000A2C  C$main.c$ |    00000A2E  A$main$23
     00000A2E  C$main.c$ |    00000A30  A$main$23 |    00000A32  A$main$23
     00000A33  A$main$23 |    00000A35  A$main$23 |    00000A35  C$main.c$
     00000A37  A$main$23 |    00000A39  A$main$23 |    00000A3A  A$main$23
     00000A3B  A$main$23 |    00000A3C  A$main$23 |    00000A3C  C$main.c$
     00000A3C  C$main.c$ |    00000A3E  A$main$23 |    00000A40  A$main$23
     00000A41  A$main$23 |    00000A43  A$main$23 |    00000A45  A$main$23
     00000A46  A$main$23 |    00000A48  A$main$23 |    00000A49  A$main$23
     00000A4B  A$main$23 |    00000A4C  A$main$23 |    00000A4E  A$main$23
     00000A50  A$main$23 |    00000A51  A$main$23 |    00000A53  A$main$23
     00000A53  C$main.c$ |    00000A54  A$main$23 |    00000A57  A$main$23
     00000A57  C$main.c$ |    00000A59  A$main$23 |    00000A5B  A$main$23
     00000A5D  A$main$23 |    00000A5F  A$main$23 |    00000A60  A$main$23
     00000A61  A$main$23 |    00000A63  A$main$23 |    00000A64  A$main$23
     00000A65  A$main$23 |    00000A66  A$main$23 |    00000A67  A$main$23
     00000A68  A$main$23 |    00000A69  A$main$23 |    00000A6A  A$main$23
     00000A6B  A$main$23 |    00000A6C  A$main$23 |    00000A6E  A$main$23
     00000A70  A$main$23 |    00000A72  A$main$23 |    00000A74  A$main$23
     00000A75  A$main$23 |    00000A77  A$main$23 |    00000A79  A$main$24
     00000A7B  A$main$24 |    00000A7C  A$main$24 |    00000A7E  A$main$24
     00000A7E  C$main.c$ |    00000A7F  A$main$24 |    00000A82  A$main$24
     00000A82  C$main.c$ |    00000A84  A$main$24 |    00000A85  A$main$24
ASxxxx Linker V03.00 + NoICE + sdld,  page 14.
Hexadecimal  [32-Bits]

Area                       Addr        Size        Decimal Bytes (Attributes)
--------------------       ----        ----        ------- ----- ------------
_CODE                  00000200    00001060 =        4192. bytes (REL,CON)

        Value  Global            Value  Global            Value  Global    
        -----  ------            -----  ------            -----  ------    
     00000A87  A$main$24 |    00000A88  A$main$24 |    00000A8A  A$main$24
     00000A8C  A$main$24 |    00000A8D  A$main$24 |    00000A8E  A$main$24
     00000A8F  A$main$24 |    00000A90  A$main$24 |    00000A91  A$main$24
     00000A92  A$main$24 |    00000A93  A$main$24 |    00000A94  A$main$24
     00000A95  A$main$24 |    00000A97  A$main$24 |    00000A98  A$main$24
     00000A99  A$main$24 |    00000A9A  A$main$24 |    00000A9B  A$main$24
     00000A9C  A$main$24 |    00000A9D  A$main$24 |    00000A9F  A$main$24
     00000AA0  A$main$24 |    00000AA1  A$main$24 |    00000AA2  A$main$24
     00000AA4  A$main$24 |    00000AA5  A$main$24 |    00000AA6  A$main$24
     00000AA7  A$main$24 |    00000AA8  A$main$24 |    00000AA9  A$main$24
     00000AAA  A$main$24 |    00000AAC  A$main$24 |    00000AAE  A$main$24
     00000AAF  A$main$24 |    00000AB0  A$main$24 |    00000AB1  A$main$24
     00000AB2  A$main$24 |    00000AB3  A$main$24 |    00000AB4  A$main$24
     00000AB5  A$main$24 |    00000AB6  A$main$24 |    00000AB7  A$main$24
     00000AB8  A$main$24 |    00000AB9  A$main$24 |    00000ABA  A$main$24
     00000ABB  A$main$24 |    00000ABD  A$main$24 |    00000ABE  A$main$24
     00000AC0  A$main$24 |    00000AC1  A$main$24 |    00000AC3  A$main$24
     00000AC4  A$main$24 |    00000AC4  C$main.c$ |    00000AC6  A$main$24
     00000AC7  A$main$24 |    00000AC9  A$main$24 |    00000ACA  A$main$24
     00000ACC  A$main$24 |    00000ACE  A$main$24 |    00000ACF  A$main$24
     00000AD1  A$main$24 |    00000AD2  A$main$24 |    00000AD4  A$main$24
     00000AD5  A$main$24 |    00000AD7  A$main$24 |    00000AD8  A$main$24
     00000ADA  A$main$24 |    00000ADB  A$main$24 |    00000ADC  A$main$24
     00000ADD  A$main$24 |    00000ADE  A$main$24 |    00000ADF  A$main$24
     00000AE0  A$main$24 |    00000AE1  A$main$24 |    00000AE2  A$main$24
     00000AE4  A$main$24 |    00000AE5  A$main$24 |    00000AE6  A$main$24
     00000AE7  A$main$24 |    00000AE9  A$main$24 |    00000AEA  A$main$24
     00000AEB  A$main$25 |    00000AEC  A$main$25 |    00000AED  A$main$25
     00000AEE  A$main$25 |    00000AF0  A$main$25 |    00000AF1  A$main$25
     00000AF3  A$main$25 |    00000AF4  A$main$25 |    00000AF6  A$main$25
     00000AF7  A$main$25 |    00000AF8  A$main$25 |    00000AF9  A$main$25
     00000AFA  A$main$25 |    00000AFB  A$main$25 |    00000AFC  A$main$25
     00000AFD  A$main$25 |    00000AFE  A$main$25 |    00000AFF  A$main$25
     00000B00  A$main$25 |    00000B02  A$main$25 |    00000B03  A$main$25
     00000B04  A$main$25 |    00000B05  A$main$25 |    00000B06  A$main$25
     00000B07  A$main$25 |    00000B09  A$main$25 |    00000B0A  A$main$25
     00000B0B  A$main$25 |    00000B0C  A$main$25 |    00000B0C  C$main.c$
     00000B0E  A$main$25 |    00000B0F  A$main$25 |    00000B10  A$main$25
     00000B11  A$main$25 |    00000B12  A$main$25 |    00000B15  A$main$25
     00000B16  A$main$25 |    00000B17  A$main$25 |    00000B19  A$main$25
     00000B1A  A$main$25 |    00000B1B  A$main$25 |    00000B1C  A$main$25
     00000B1D  A$main$25 |    00000B20  A$main$25 |    00000B21  A$main$25
     00000B22  A$main$25 |    00000B23  A$main$25 |    00000B24  A$main$25
     00000B26  A$main$25 |    00000B27  A$main$25 |    00000B28  A$main$25
     00000B2A  A$main$25 |    00000B2A  C$main.c$ |    00000B2B  A$main$25
     00000B2E  A$main$25 |    00000B2E  C$main.c$ |    00000B30  A$main$25
     00000B31  A$main$25 |    00000B32  A$main$25 |    00000B34  A$main$25
     00000B35  A$main$25 |    00000B36  A$main$25 |    00000B37  A$main$25
     00000B38  A$main$25 |    00000B39  A$main$25 |    00000B3A  A$main$25
     00000B3B  A$main$25 |    00000B3D  A$main$25 |    00000B3E  A$main$25
     00000B3F  A$main$25 |    00000B41  A$main$25 |    00000B43  A$main$25
ASxxxx Linker V03.00 + NoICE + sdld,  page 15.
Hexadecimal  [32-Bits]

Area                       Addr        Size        Decimal Bytes (Attributes)
--------------------       ----        ----        ------- ----- ------------
_CODE                  00000200    00001060 =        4192. bytes (REL,CON)

        Value  Global            Value  Global            Value  Global    
        -----  ------            -----  ------            -----  ------    
     00000B44  A$main$25 |    00000B45  A$main$25 |    00000B47  A$main$25
     00000B48  A$main$25 |    00000B49  A$main$25 |    00000B4B  A$main$25
     00000B4D  A$main$25 |    00000B4D  C$main.c$ |    00000B4F  A$main$25
     00000B50  A$main$25 |    00000B51  A$main$25 |    00000B53  A$main$25
     00000B55  A$main$25 |    00000B56  A$main$25 |    00000B57  A$main$25
     00000B58  A$main$25 |    00000B5A  A$main$25 |    00000B5B  A$main$26
     00000B5D  A$main$26 |    00000B5E  A$main$26 |    00000B5F  A$main$26
     00000B61  A$main$26 |    00000B63  A$main$26 |    00000B65  A$main$26
     00000B67  A$main$26 |    00000B68  A$main$26 |    00000B6A  A$main$26
     00000B6C  A$main$26 |    00000B6E  A$main$26 |    00000B6F  A$main$26
     00000B71  A$main$26 |    00000B72  A$main$26 |    00000B73  A$main$26
     00000B75  A$main$26 |    00000B77  A$main$26 |    00000B77  C$main.c$
     00000B78  A$main$26 |    00000B7B  A$main$26 |    00000B7B  C$main.c$
     00000B7E  A$main$26 |    00000B80  A$main$26 |    00000B81  A$main$26
     00000B82  A$main$26 |    00000B83  A$main$26 |    00000B84  A$main$26
     00000B85  A$main$26 |    00000B86  A$main$26 |    00000B87  A$main$26
     00000B89  A$main$26 |    00000B8B  A$main$26 |    00000B8D  A$main$26
     00000B8F  A$main$26 |    00000B90  A$main$26 |    00000B92  A$main$26
     00000B94  A$main$26 |    00000B96  A$main$26 |    00000B97  A$main$26
     00000B99  A$main$26 |    00000B99  C$main.c$ |    00000B9A  A$main$26
     00000B9B  A$main$26 |    00000B9C  A$main$26 |    00000B9D  A$main$26
     00000B9E  A$main$26 |    00000B9F  A$main$26 |    00000BA1  A$main$26
     00000BA2  A$main$26 |    00000BA3  A$main$26 |    00000BA4  A$main$26
     00000BA6  A$main$26 |    00000BA7  A$main$26 |    00000BAA  A$main$26
     00000BAB  A$main$26 |    00000BAC  A$main$26 |    00000BAD  A$main$26
     00000BAE  A$main$26 |    00000BAF  A$main$26 |    00000BB0  A$main$26
     00000BB1  A$main$26 |    00000BB3  A$main$26 |    00000BB4  A$main$26
     00000BB5  A$main$26 |    00000BB6  A$main$26 |    00000BB7  A$main$26
     00000BB8  A$main$26 |    00000BBA  A$main$26 |    00000BBB  A$main$26
     00000BBC  A$main$26 |    00000BBD  A$main$26 |    00000BBF  A$main$26
     00000BC0  A$main$26 |    00000BC1  A$main$26 |    00000BC3  A$main$26
     00000BC3  C$main.c$ |    00000BC4  A$main$26 |    00000BC7  A$main$26
     00000BC7  C$main.c$ |    00000BCA  A$main$26 |    00000BCC  A$main$26
     00000BCD  A$main$27 |    00000BCE  A$main$27 |    00000BCF  A$main$27
     00000BD0  A$main$27 |    00000BD1  A$main$27 |    00000BD2  A$main$27
     00000BD3  A$main$27 |    00000BD5  A$main$27 |    00000BD6  A$main$27
     00000BD7  A$main$27 |    00000BD8  A$main$27 |    00000BD9  A$main$27
     00000BDA  A$main$27 |    00000BDC  A$main$27 |    00000BDD  A$main$27
     00000BDE  A$main$27 |    00000BDF  A$main$27 |    00000BE1  A$main$27
     00000BE2  A$main$27 |    00000BE3  A$main$27 |    00000BE5  A$main$27
     00000BE5  C$main.c$ |    00000BE6  A$main$27 |    00000BE9  A$main$27
     00000BE9  C$main.c$ |    00000BEA  A$main$27 |    00000BEC  A$main$27
     00000BEC  C$main.c$ |    00000BEE  A$main$27 |    00000BEF  A$main$27
     00000BF0  A$main$27 |    00000BF1  A$main$27 |    00000BF2  A$main$27
     00000BF5  A$main$27 |    00000BF6  A$main$27 |    00000BF7  A$main$27
     00000BF8  A$main$27 |    00000BF9  A$main$27 |    00000BFB  A$main$27
     00000BFD  A$main$27 |    00000BFE  A$main$27 |    00000C00  A$main$27
     00000C01  A$main$27 |    00000C03  A$main$27 |    00000C05  A$main$27
     00000C07  A$main$27 |    00000C09  A$main$27 |    00000C0A  A$main$27
     00000C0C  A$main$27 |    00000C0E  A$main$27 |    00000C10  A$main$27
     00000C11  A$main$27 |    00000C13  A$main$27 |    00000C15  A$main$27
ASxxxx Linker V03.00 + NoICE + sdld,  page 16.
Hexadecimal  [32-Bits]

Area                       Addr        Size        Decimal Bytes (Attributes)
--------------------       ----        ----        ------- ----- ------------
_CODE                  00000200    00001060 =        4192. bytes (REL,CON)

        Value  Global            Value  Global            Value  Global    
        -----  ------            -----  ------            -----  ------    
     00000C16  A$main$27 |    00000C17  A$main$27 |    00000C18  A$main$27
     00000C19  A$main$27 |    00000C1C  A$main$27 |    00000C1D  A$main$27
     00000C1E  A$main$27 |    00000C1F  A$main$27 |    00000C20  A$main$27
     00000C22  A$main$27 |    00000C24  A$main$27 |    00000C25  A$main$27
     00000C27  A$main$27 |    00000C28  A$main$27 |    00000C2A  A$main$27
     00000C2C  A$main$27 |    00000C2E  A$main$27 |    00000C30  A$main$27
     00000C31  A$main$27 |    00000C33  A$main$27 |    00000C35  A$main$27
     00000C37  A$main$27 |    00000C38  A$main$27 |    00000C3A  A$main$27
     00000C3A  C$main.c$ |    00000C3B  A$main$27 |    00000C3D  A$main$27
     00000C3D  C$main.c$ |    00000C3F  A$main$28 |    00000C40  A$main$28
     00000C41  A$main$28 |    00000C42  A$main$28 |    00000C43  A$main$28
     00000C46  A$main$28 |    00000C47  A$main$28 |    00000C48  A$main$28
     00000C4A  A$main$28 |    00000C4B  A$main$28 |    00000C4D  A$main$28
     00000C4F  A$main$28 |    00000C50  A$main$28 |    00000C51  A$main$28
     00000C52  A$main$28 |    00000C53  A$main$28 |    00000C56  A$main$28
     00000C57  A$main$28 |    00000C58  A$main$28 |    00000C5A  A$main$28
     00000C5B  A$main$28 |    00000C5D  A$main$28 |    00000C5D  C$main.c$
     00000C5F  A$main$28 |    00000C60  A$main$28 |    00000C61  A$main$28
     00000C62  A$main$28 |    00000C63  A$main$28 |    00000C65  A$main$28
     00000C66  A$main$28 |    00000C68  A$main$28 |    00000C69  A$main$28
     00000C6A  A$main$28 |    00000C6B  A$main$28 |    00000C6D  A$main$28
     00000C6F  A$main$28 |    00000C70  A$main$28 |    00000C71  A$main$28
     00000C72  A$main$28 |    00000C73  A$main$28 |    00000C74  A$main$28
     00000C76  A$main$28 |    00000C78  A$main$28 |    00000C7A  A$main$28
     00000C7B  A$main$28 |    00000C7C  A$main$28 |    00000C7D  A$main$28
     00000C7D  C$main.c$ |    00000C7F  A$main$28 |    00000C80  A$main$28
     00000C81  A$main$28 |    00000C82  A$main$28 |    00000C83  A$main$28
     00000C84  A$main$28 |    00000C85  A$main$28 |    00000C86  A$main$28
     00000C87  A$main$28 |    00000C88  A$main$28 |    00000C89  A$main$28
     00000C8A  A$main$28 |    00000C8B  A$main$28 |    00000C8D  A$main$28
     00000C8E  A$main$28 |    00000C8F  A$main$28 |    00000C90  A$main$28
     00000C91  A$main$28 |    00000C92  A$main$28 |    00000C93  A$main$28
     00000C95  A$main$28 |    00000C97  A$main$28 |    00000C98  A$main$28
     00000C99  A$main$28 |    00000C9A  A$main$28 |    00000C9A  C$main.c$
     00000C9C  A$main$28 |    00000C9D  A$main$28 |    00000C9E  A$main$28
     00000CA0  A$main$28 |    00000CA1  A$main$28 |    00000CA2  A$main$28
     00000CA3  A$main$28 |    00000CA4  A$main$28 |    00000CA5  A$main$28
     00000CA6  A$main$28 |    00000CA7  A$main$28 |    00000CAA  A$main$28
     00000CAB  A$main$28 |    00000CAD  A$main$29 |    00000CAF  A$main$29
     00000CAF  C$main.c$ |    00000CB1  A$main$29 |    00000CB3  A$main$29
     00000CB3  C$main.c$ |    00000CB4  A$main$29 |    00000CB6  A$main$29
     00000CB6  C$main.c$ |    00000CB8  A$main$29 |    00000CB8  C$main.c$
     00000CBA  A$main$29 |    00000CBB  A$main$29 |    00000CBD  A$main$29
     00000CBE  A$main$29 |    00000CBE  C$main.c$ |    00000CBE  G$testMov
     00000CBE  _testMove |    00000CC0  A$main$29 |    00000CC2  A$main$29
     00000CC3  A$main$29 |    00000CC4  A$main$29 |    00000CC5  A$main$29
     00000CC6  A$main$29 |    00000CC6  C$main.c$ |    00000CC7  A$main$29
     00000CC8  A$main$29 |    00000CC9  A$main$29 |    00000CCA  A$main$29
     00000CCC  A$main$29 |    00000CCC  C$main.c$ |    00000CCE  A$main$29
     00000CD0  A$main$29 |    00000CD1  A$main$29 |    00000CD1  C$main.c$
     00000CD3  A$main$29 |    00000CD4  A$main$29 |    00000CD6  A$main$29
ASxxxx Linker V03.00 + NoICE + sdld,  page 17.
Hexadecimal  [32-Bits]

Area                       Addr        Size        Decimal Bytes (Attributes)
--------------------       ----        ----        ------- ----- ------------
_CODE                  00000200    00001060 =        4192. bytes (REL,CON)

        Value  Global            Value  Global            Value  Global    
        -----  ------            -----  ------            -----  ------    
     00000CD7  A$main$29 |    00000CD8  A$main$29 |    00000CD9  A$main$29
     00000CDB  A$main$29 |    00000CDB  C$main.c$ |    00000CDD  A$main$29
     00000CDF  A$main$29 |    00000CE0  A$main$29 |    00000CE0  C$main.c$
     00000CE2  A$main$29 |    00000CE3  A$main$29 |    00000CE5  A$main$29
     00000CE6  A$main$29 |    00000CE7  A$main$29 |    00000CE8  A$main$29
     00000CE8  C$main.c$ |    00000CEA  A$main$29 |    00000CEB  A$main$29
     00000CEC  A$main$29 |    00000CED  A$main$29 |    00000CEE  A$main$29
     00000CEF  A$main$29 |    00000CF0  A$main$29 |    00000CF0  C$main.c$
     00000CF2  A$main$29 |    00000CF3  A$main$29 |    00000CF5  A$main$29
     00000CF6  A$main$29 |    00000CF8  A$main$29 |    00000CF9  A$main$30
     00000CFB  A$main$30 |    00000CFC  A$main$30 |    00000CFD  A$main$30
     00000CFE  A$main$30 |    00000CFF  A$main$30 |    00000D00  A$main$30
     00000D01  A$main$30 |    00000D02  A$main$30 |    00000D02  C$main.c$
     00000D03  A$main$30 |    00000D05  A$main$30 |    00000D06  A$main$30
     00000D07  A$main$30 |    00000D09  A$main$30 |    00000D0A  A$main$30
     00000D0B  A$main$30 |    00000D0D  A$main$30 |    00000D0E  A$main$30
     00000D0F  A$main$30 |    00000D10  A$main$30 |    00000D11  A$main$30
     00000D12  A$main$30 |    00000D13  A$main$30 |    00000D14  A$main$30
     00000D15  A$main$30 |    00000D16  A$main$30 |    00000D18  A$main$30
     00000D1A  A$main$30 |    00000D1C  A$main$30 |    00000D1E  A$main$30
     00000D1F  A$main$30 |    00000D21  A$main$30 |    00000D23  A$main$30
     00000D25  A$main$30 |    00000D26  A$main$30 |    00000D29  A$main$30
     00000D29  C$main.c$ |    00000D2B  A$main$30 |    00000D2C  A$main$30
     00000D2D  A$main$30 |    00000D2E  A$main$30 |    00000D2F  A$main$30
     00000D30  A$main$30 |    00000D31  A$main$30 |    00000D32  A$main$30
     00000D33  A$main$30 |    00000D34  A$main$30 |    00000D36  A$main$30
     00000D37  A$main$30 |    00000D38  A$main$30 |    00000D39  A$main$30
     00000D3B  A$main$30 |    00000D3C  A$main$30 |    00000D3D  A$main$30
     00000D3E  A$main$30 |    00000D3F  A$main$30 |    00000D41  A$main$30
     00000D42  A$main$30 |    00000D43  A$main$30 |    00000D44  A$main$30
     00000D45  A$main$30 |    00000D46  A$main$30 |    00000D47  A$main$30
     00000D49  A$main$30 |    00000D4A  A$main$30 |    00000D4B  A$main$30
     00000D4C  A$main$30 |    00000D4E  A$main$30 |    00000D4F  A$main$30
     00000D50  A$main$30 |    00000D51  A$main$30 |    00000D52  A$main$30
     00000D53  A$main$30 |    00000D54  A$main$30 |    00000D54  C$main.c$
     00000D55  A$main$30 |    00000D56  A$main$30 |    00000D57  A$main$30
     00000D58  A$main$30 |    00000D59  A$main$30 |    00000D5A  A$main$30
     00000D5B  A$main$30 |    00000D5C  A$main$30 |    00000D5D  A$main$30
     00000D5D  C$main.c$ |    00000D5E  A$main$30 |    00000D5F  A$main$30
     00000D61  A$main$30 |    00000D62  A$main$31 |    00000D63  A$main$31
     00000D64  A$main$31 |    00000D65  A$main$31 |    00000D66  A$main$31
     00000D67  A$main$31 |    00000D6A  A$main$31 |    00000D6B  A$main$31
     00000D6C  A$main$31 |    00000D6D  A$main$31 |    00000D6F  A$main$31
     00000D70  A$main$31 |    00000D71  A$main$31 |    00000D72  A$main$31
     00000D74  A$main$31 |    00000D75  A$main$31 |    00000D76  A$main$31
     00000D78  A$main$31 |    00000D79  A$main$31 |    00000D7B  A$main$31
     00000D7C  A$main$31 |    00000D7E  A$main$31 |    00000D7F  A$main$31
     00000D81  A$main$31 |    00000D82  A$main$31 |    00000D84  A$main$31
     00000D85  A$main$31 |    00000D86  A$main$31 |    00000D87  A$main$31
     00000D88  A$main$31 |    00000D89  A$main$31 |    00000D8A  A$main$31
     00000D8D  A$main$31 |    00000D8E  A$main$31 |    00000D8F  A$main$31
ASxxxx Linker V03.00 + NoICE + sdld,  page 18.
Hexadecimal  [32-Bits]

Area                       Addr        Size        Decimal Bytes (Attributes)
--------------------       ----        ----        ------- ----- ------------
_CODE                  00000200    00001060 =        4192. bytes (REL,CON)

        Value  Global            Value  Global            Value  Global    
        -----  ------            -----  ------            -----  ------    
     00000D90  A$main$31 |    00000D92  A$main$31 |    00000D93  A$main$31
     00000D94  A$main$31 |    00000D95  A$main$31 |    00000D97  A$main$31
     00000D98  A$main$31 |    00000D99  A$main$31 |    00000D9A  A$main$31
     00000D9D  A$main$31 |    00000D9E  A$main$31 |    00000D9F  A$main$31
     00000DA0  A$main$31 |    00000DA1  A$main$31 |    00000DA2  A$main$31
     00000DA4  A$main$31 |    00000DA5  A$main$31 |    00000DA6  A$main$31
     00000DA7  A$main$31 |    00000DA9  A$main$31 |    00000DAA  A$main$31
     00000DAC  A$main$31 |    00000DAD  A$main$31 |    00000DAF  A$main$31
     00000DB0  A$main$31 |    00000DB1  A$main$31 |    00000DB2  A$main$31
     00000DB3  A$main$31 |    00000DB5  A$main$31 |    00000DB6  A$main$31
     00000DB8  A$main$31 |    00000DB9  A$main$31 |    00000DBB  A$main$31
     00000DBC  A$main$31 |    00000DBE  A$main$31 |    00000DBF  A$main$31
     00000DC1  A$main$31 |    00000DC2  A$main$31 |    00000DC3  A$main$31
     00000DC4  A$main$31 |    00000DC7  A$main$31 |    00000DC8  A$main$31
     00000DC9  A$main$31 |    00000DCA  A$main$31 |    00000DCB  A$main$31
     00000DCC  A$main$31 |    00000DCD  A$main$31 |    00000DCE  A$main$31
     00000DD0  A$main$31 |    00000DD1  A$main$31 |    00000DD2  A$main$31
     00000DD3  A$main$31 |    00000DD5  A$main$31 |    00000DD6  A$main$31
     00000DD8  A$main$31 |    00000DD9  A$main$31 |    00000DDB  A$main$31
     00000DDC  A$main$31 |    00000DDE  A$main$31 |    00000DDF  A$main$31
     00000DE0  A$main$31 |    00000DE1  A$main$31 |    00000DE2  A$main$31
     00000DE4  A$main$31 |    00000DE5  A$main$31 |    00000DE6  A$main$32
     00000DE7  A$main$32 |    00000DEA  A$main$32 |    00000DEB  A$main$32
     00000DEC  A$main$32 |    00000DED  A$main$32 |    00000DEF  A$main$32
     00000DF0  A$main$32 |    00000DF1  A$main$32 |    00000DF2  A$main$32
     00000DF4  A$main$32 |    00000DF5  A$main$32 |    00000DF6  A$main$32
     00000DF8  A$main$32 |    00000DF9  A$main$32 |    00000DFB  A$main$32
     00000DFC  A$main$32 |    00000DFE  A$main$32 |    00000DFF  A$main$32
     00000E01  A$main$32 |    00000E02  A$main$32 |    00000E03  A$main$32
     00000E04  A$main$32 |    00000E07  A$main$32 |    00000E08  A$main$32
     00000E09  A$main$32 |    00000E0A  A$main$32 |    00000E0C  A$main$32
     00000E0D  A$main$32 |    00000E0E  A$main$32 |    00000E0F  A$main$32
     00000E11  A$main$32 |    00000E12  A$main$32 |    00000E13  A$main$32
     00000E14  A$main$32 |    00000E17  A$main$32 |    00000E18  A$main$32
     00000E19  A$main$32 |    00000E1A  A$main$32 |    00000E1B  A$main$32
     00000E1C  A$main$32 |    00000E1E  A$main$32 |    00000E1F  A$main$32
     00000E20  A$main$32 |    00000E21  A$main$32 |    00000E23  A$main$32
     00000E24  A$main$32 |    00000E26  A$main$32 |    00000E27  A$main$32
     00000E29  A$main$32 |    00000E2A  A$main$32 |    00000E2B  A$main$32
     00000E2C  A$main$32 |    00000E2D  A$main$32 |    00000E2F  A$main$32
     00000E30  A$main$32 |    00000E32  A$main$32 |    00000E33  A$main$32
     00000E35  A$main$32 |    00000E36  A$main$32 |    00000E38  A$main$32
     00000E39  A$main$32 |    00000E3B  A$main$32 |    00000E3C  A$main$32
     00000E3D  A$main$32 |    00000E3E  A$main$32 |    00000E41  A$main$32
     00000E42  A$main$32 |    00000E43  A$main$32 |    00000E44  A$main$32
     00000E45  A$main$32 |    00000E46  A$main$32 |    00000E47  A$main$32
     00000E48  A$main$32 |    00000E4A  A$main$32 |    00000E4B  A$main$32
     00000E4C  A$main$32 |    00000E4D  A$main$32 |    00000E4F  A$main$32
     00000E50  A$main$32 |    00000E52  A$main$32 |    00000E53  A$main$32
     00000E55  A$main$32 |    00000E56  A$main$32 |    00000E58  A$main$32
     00000E59  A$main$32 |    00000E5A  A$main$32 |    00000E5B  A$main$32
ASxxxx Linker V03.00 + NoICE + sdld,  page 19.
Hexadecimal  [32-Bits]

Area                       Addr        Size        Decimal Bytes (Attributes)
--------------------       ----        ----        ------- ----- ------------
_CODE                  00000200    00001060 =        4192. bytes (REL,CON)

        Value  Global            Value  Global            Value  Global    
        -----  ------            -----  ------            -----  ------    
     00000E5C  A$main$32 |    00000E5C  C$main.c$ |    00000E5F  A$main$32
     00000E60  A$main$32 |    00000E62  A$main$32 |    00000E63  A$main$32
     00000E64  A$main$32 |    00000E65  A$main$32 |    00000E66  A$main$32
     00000E68  A$main$33 |    00000E6B  A$main$33 |    00000E6B  C$main.c$
     00000E6C  A$main$33 |    00000E6D  A$main$33 |    00000E6E  A$main$33
     00000E6F  A$main$33 |    00000E70  A$main$33 |    00000E73  A$main$33
     00000E74  A$main$33 |    00000E75  A$main$33 |    00000E76  A$main$33
     00000E77  A$main$33 |    00000E78  A$main$33 |    00000E78  C$main.c$
     00000E79  A$main$33 |    00000E7A  A$main$33 |    00000E7B  A$main$33
     00000E7C  A$main$33 |    00000E7E  A$main$33 |    00000E7F  A$main$33
     00000E7F  C$main.c$ |    00000E80  A$main$33 |    00000E81  A$main$33
     00000E83  A$main$33 |    00000E84  A$main$33 |    00000E85  A$main$33
     00000E86  A$main$33 |    00000E87  A$main$33 |    00000E89  A$main$33
     00000E8A  A$main$33 |    00000E8B  A$main$33 |    00000E8C  A$main$33
     00000E8E  A$main$33 |    00000E8F  A$main$33 |    00000E90  A$main$33
     00000E93  A$main$33 |    00000E94  A$main$33 |    00000E95  A$main$33
     00000E96  A$main$33 |    00000E98  A$main$33 |    00000E9A  A$main$33
     00000E9A  C$main.c$ |    00000E9C  A$main$33 |    00000E9D  A$main$33
     00000E9F  A$main$33 |    00000EA0  A$main$33 |    00000EA1  A$main$33
     00000EA2  A$main$33 |    00000EA3  A$main$33 |    00000EA4  A$main$33
     00000EA5  A$main$33 |    00000EA6  A$main$33 |    00000EA7  A$main$33
     00000EA8  A$main$33 |    00000EA9  A$main$33 |    00000EAB  A$main$33
     00000EAC  A$main$33 |    00000EAD  A$main$33 |    00000EB0  A$main$33
     00000EB1  A$main$33 |    00000EB2  A$main$33 |    00000EB4  A$main$33
     00000EB6  A$main$33 |    00000EB6  C$main.c$ |    00000EB8  A$main$33
     00000EB9  A$main$33 |    00000EBA  A$main$33 |    00000EBB  A$main$33
     00000EBC  A$main$33 |    00000EBE  A$main$33 |    00000EBF  A$main$33
     00000EC0  A$main$33 |    00000EC1  A$main$33 |    00000EC2  A$main$33
     00000EC3  A$main$33 |    00000EC4  A$main$34 |    00000EC5  A$main$34
     00000EC6  A$main$34 |    00000EC7  A$main$34 |    00000EC8  A$main$34
     00000EC9  A$main$34 |    00000ECA  A$main$34 |    00000ECC  A$main$34
     00000ECD  A$main$34 |    00000ECE  A$main$34 |    00000ECF  A$main$34
     00000ED1  A$main$34 |    00000ED2  A$main$34 |    00000ED3  A$main$34
     00000ED4  A$main$34 |    00000ED5  A$main$34 |    00000ED7  A$main$34
     00000ED8  A$main$34 |    00000ED9  A$main$34 |    00000EDA  A$main$34
     00000EDB  A$main$34 |    00000EDC  A$main$34 |    00000EDE  A$main$34
     00000EDE  C$main.c$ |    00000EE0  A$main$34 |    00000EE1  A$main$34
     00000EE2  A$main$34 |    00000EE3  A$main$34 |    00000EE4  A$main$34
     00000EE6  A$main$34 |    00000EE7  A$main$34 |    00000EE8  A$main$34
     00000EE9  A$main$34 |    00000EEA  A$main$34 |    00000EEB  A$main$34
     00000EEC  A$main$34 |    00000EED  A$main$34 |    00000EEE  A$main$34
     00000EEF  A$main$34 |    00000EF0  A$main$34 |    00000EF1  A$main$34
     00000EF2  A$main$34 |    00000EF4  A$main$34 |    00000EF5  A$main$34
     00000EF6  A$main$34 |    00000EF7  A$main$34 |    00000EF9  A$main$34
     00000EFA  A$main$34 |    00000EFC  A$main$34 |    00000EFD  A$main$34
     00000EFE  A$main$34 |    00000EFF  A$main$34 |    00000F01  A$main$34
     00000F02  A$main$34 |    00000F03  A$main$34 |    00000F04  A$main$34
     00000F05  A$main$34 |    00000F06  A$main$34 |    00000F06  C$main.c$
     00000F07  A$main$34 |    00000F0A  A$main$34 |    00000F0A  C$main.c$
     00000F0C  A$main$34 |    00000F0D  A$main$34 |    00000F10  A$main$34
     00000F11  A$main$34 |    00000F12  A$main$34 |    00000F15  A$main$34
ASxxxx Linker V03.00 + NoICE + sdld,  page 20.
Hexadecimal  [32-Bits]

Area                       Addr        Size        Decimal Bytes (Attributes)
--------------------       ----        ----        ------- ----- ------------
_CODE                  00000200    00001060 =        4192. bytes (REL,CON)

        Value  Global            Value  Global            Value  Global    
        -----  ------            -----  ------            -----  ------    
     00000F15  C$main.c$ |    00000F17  A$main$34 |    00000F18  A$main$34
     00000F19  A$main$34 |    00000F1A  A$main$34 |    00000F1A  C$main.c$
     00000F1A  G$checkCo |    00000F1A  _checkCol |    00000F1C  A$main$34
     00000F1E  A$main$34 |    00000F1F  A$main$34 |    00000F20  A$main$35
     00000F20  C$main.c$ |    00000F22  A$main$35 |    00000F23  A$main$35
     00000F24  A$main$35 |    00000F26  A$main$35 |    00000F26  C$main.c$
     00000F28  A$main$35 |    00000F2A  A$main$35 |    00000F2B  A$main$35
     00000F2B  C$main.c$ |    00000F2D  A$main$35 |    00000F2E  A$main$35
     00000F30  A$main$35 |    00000F31  A$main$35 |    00000F32  A$main$35
     00000F33  A$main$35 |    00000F35  A$main$35 |    00000F35  C$main.c$
     00000F37  A$main$35 |    00000F39  A$main$35 |    00000F3A  A$main$35
[...]
     000011F7  A$main$42 |    000011FA  A$main$42 |    000011FB  A$main$42
     000011FE  A$main$42 |    00001201  A$main$42 |    00001203  A$main$42
     00001205  A$main$42 |    00001205  C$main.c$ |    00001208  A$main$42
     00001209  A$main$42 |    0000120B  A$main$42 |    0000120E  A$main$42
     0000120F  A$main$42 |    00001211  A$main$42 |    00001212  A$main$42
     00001213  A$main$42 |    00001216  A$main$42 |    00001217  A$main$42
     00001218  A$main$42 |    00001219  A$main$42 |    0000121B  A$main$42
     0000121C  A$main$42 |    0000121D  A$main$42 |    0000121E  A$main$42
     00001221  A$main$42 |    00001221  C$main.c$ |    00001224  A$main$42
     00001225  A$main$42 |    00001226  A$main$42 |    00001228  A$main$42
     00001228  C$main.c$ |    0000122A  A$main$42 |    0000122C  A$main$42
     0000122C  C$main.c$ |    0000122F  A$main$42 |    00001231  A$main$42
     00001231  C$main.c$ |    00001234  A$main$42 |    00001234  C$main.c$
     00001237  A$main$42 |    00001237  C$main.c$ |    0000123A  A$main$42
     0000123A  C$main.c$ |    0000123D  A$main$42 |    0000123F  A$main$42
     0000123F  C$main.c$ |    00001241  A$main$42 |    00001241  C$main.c$
     00001244  A$main$42 |    00001246  A$main$42 |    00001249  A$main$42
     00001249  C$main.c$ |    0000124C  A$main$42 |    0000124E  A$main$42
     0000124E  C$main.c$ |    00001251  A$main$42 |    00001251  C$main.c$
     00001254  A$main$42 |    00001254  C$main.c$ |    00001254  C$main.c$
     00001257  A$main$42 |    0000125A  A$main$42 |    0000125D  A$main$42
     0000125F  A$main$43 |    0000125F  C$main.c$ |    0000125F  XG$main$0
ASxxxx Linker V03.00 + NoICE + sdld,  page 24.
Hexadecimal  [32-Bits]

Area                       Addr        Size        Decimal Bytes (Attributes)
--------------------       ----        ----        ------- ----- ------------
_HEADER0               00000000    00000001 =           1. bytes (ABS,CON)

        Value  Global            Value  Global            Value  Global    
        -----  ------            -----  ------            -----  ------    
     00000020  .call_hl 
ASxxxx Linker V03.00 + NoICE + sdld,  page 25.
Hexadecimal  [32-Bits]

Area                       Addr        Size        Decimal Bytes (Attributes)
--------------------       ----        ----        ------- ----- ------------
_HEADER1               00000000    00000005 =           5. bytes (ABS,CON)

        Value  Global            Value  Global            Value  Global    
        -----  ------            -----  ------            -----  ------    
     00000028  .MemsetSm
ASxxxx Linker V03.00 + NoICE + sdld,  page 26.
Hexadecimal  [32-Bits]

Area                       Addr        Size        Decimal Bytes (Attributes)
--------------------       ----        ----        ------- ----- ------------
_HEADER2               00000000    00000007 =           7. bytes (ABS,CON)

        Value  Global            Value  Global            Value  Global    
        -----  ------            -----  ------            -----  ------    
     00000030  .MemcpySm
ASxxxx Linker V03.00 + NoICE + sdld,  page 27.
Hexadecimal  [32-Bits]

Area                       Addr        Size        Decimal Bytes (Attributes)
--------------------       ----        ----        ------- ----- ------------
_HEADER3               00000000    00000008 =           8. bytes (ABS,CON)

        Value  Global            Value  Global            Value  Global    
        -----  ------            -----  ------            -----  ------    
ASxxxx Linker V03.00 + NoICE + sdld,  page 28.
Hexadecimal  [32-Bits]

Area                       Addr        Size        Decimal Bytes (Attributes)
--------------------       ----        ----        ------- ----- ------------
_HEADER4               00000000    0000004C =          76. bytes (ABS,CON)

        Value  Global            Value  Global            Value  Global    
        -----  ------            -----  ------            -----  ------    
     00000080  .int      |    0000008F  _wait_int |    0000009C  __standar
     000000AC  _refresh_
ASxxxx Linker V03.00 + NoICE + sdld,  page 29.
Hexadecimal  [32-Bits]

Area                       Addr        Size        Decimal Bytes (Attributes)
--------------------       ----        ----        ------- ----- ------------
_HEADER5               00000000    00000002 =           2. bytes (ABS,CON)

        Value  Global            Value  Global            Value  Global    
        -----  ------            -----  ------            -----  ------    
ASxxxx Linker V03.00 + NoICE + sdld,  page 30.
Hexadecimal  [32-Bits]

Area                       Addr        Size        Decimal Bytes (Attributes)
--------------------       ----        ----        ------- ----- ------------
_HEADER6               00000000    00000030 =          48. bytes (ABS,CON)

        Value  Global            Value  Global            Value  Global    
        -----  ------            -----  ------            -----  ------    
ASxxxx Linker V03.00 + NoICE + sdld,  page 31.
Hexadecimal  [32-Bits]

Area                       Addr        Size        Decimal Bytes (Attributes)
--------------------       ----        ----        ------- ----- ------------
_HEADER7               00000000    00000006 =           6. bytes (ABS,CON)

        Value  Global            Value  Global            Value  Global    
        -----  ------            -----  ------            -----  ------    
ASxxxx Linker V03.00 + NoICE + sdld,  page 32.
Hexadecimal  [32-Bits]

Area                       Addr        Size        Decimal Bytes (Attributes)
--------------------       ----        ----        ------- ----- ------------
_HEADER8               00000000    00000003 =           3. bytes (ABS,CON)

        Value  Global            Value  Global            Value  Global    
        -----  ------            -----  ------            -----  ------    
ASxxxx Linker V03.00 + NoICE + sdld,  page 33.
Hexadecimal  [32-Bits]

Area                       Addr        Size        Decimal Bytes (Attributes)
--------------------       ----        ----        ------- ----- ------------
_HEADER9               00000000    00000001 =           1. bytes (ABS,CON)

        Value  Global            Value  Global            Value  Global    
        -----  ------            -----  ------            -----  ------    
ASxxxx Linker V03.00 + NoICE + sdld,  page 34.
Hexadecimal  [32-Bits]

Area                       Addr        Size        Decimal Bytes (Attributes)
--------------------       ----        ----        ------- ----- ------------
_HEADERa               00000000    00000001 =           1. bytes (ABS,CON)

        Value  Global            Value  Global            Value  Global    
        -----  ------            -----  ------            -----  ------    
ASxxxx Linker V03.00 + NoICE + sdld,  page 35.
Hexadecimal  [32-Bits]

Area                       Addr        Size        Decimal Bytes (Attributes)
--------------------       ----        ----        ------- ----- ------------
_HEADERb               00000000    00000001 =           1. bytes (ABS,CON)

        Value  Global            Value  Global            Value  Global    
        -----  ------            -----  ------            -----  ------    
ASxxxx Linker V03.00 + NoICE + sdld,  page 36.
Hexadecimal  [32-Bits]

Area                       Addr        Size        Decimal Bytes (Attributes)
--------------------       ----        ----        ------- ----- ------------
_HEADERc               00000000    00000002 =           2. bytes (ABS,CON)

        Value  Global            Value  Global            Value  Global    
        -----  ------            -----  ------            -----  ------    
ASxxxx Linker V03.00 + NoICE + sdld,  page 37.
Hexadecimal  [32-Bits]

Area                       Addr        Size        Decimal Bytes (Attributes)
--------------------       ----        ----        ------- ----- ------------
_HEADERd               00000000    00000001 =           1. bytes (ABS,CON)

        Value  Global            Value  Global            Value  Global    
        -----  ------            -----  ------            -----  ------    
ASxxxx Linker V03.00 + NoICE + sdld,  page 38.
Hexadecimal  [32-Bits]

Area                       Addr        Size        Decimal Bytes (Attributes)
--------------------       ----        ----        ------- ----- ------------
_HEADERe               00000000    00000001 =           1. bytes (ABS,CON)

        Value  Global            Value  Global            Value  Global    
        -----  ------            -----  ------            -----  ------    
ASxxxx Linker V03.00 + NoICE + sdld,  page 39.
Hexadecimal  [32-Bits]

Area                       Addr        Size        Decimal Bytes (Attributes)
--------------------       ----        ----        ------- ----- ------------
_HEADERf               00000000    00000002 =           2. bytes (ABS,CON)

        Value  Global            Value  Global            Value  Global    
        -----  ------            -----  ------            -----  ------    
ASxxxx Linker V03.00 + NoICE + sdld,  page 40.
Hexadecimal  [32-Bits]

Area                       Addr        Size        Decimal Bytes (Attributes)
--------------------       ----        ----        ------- ----- ------------
_HEADER10              00000000    00000084 =         132. bytes (ABS,CON)

        Value  Global            Value  Global            Value  Global    
        -----  ------            -----  ------            -----  ------    
     00000150  .reset    |    00000150  _reset    |    00000157  .code_sta
     000001B9  _exit     |    000001BD  _set_inte
ASxxxx Linker V03.00 + NoICE + sdld,  page 41.
Hexadecimal  [32-Bits]

Area                       Addr        Size        Decimal Bytes (Attributes)
--------------------       ----        ----        ------- ----- ------------
_HEADER11              00000000    00000001 =           1. bytes (ABS,CON)

        Value  Global            Value  Global            Value  Global    
        -----  ------            -----  ------            -----  ------    
ASxxxx Linker V03.00 + NoICE + sdld,  page 42.
Hexadecimal  [32-Bits]

Area                       Addr        Size        Decimal Bytes (Attributes)
--------------------       ----        ----        ------- ----- ------------
_HOME                  00001260    000011B5 =        4533. bytes (REL,CON)

        Value  Global            Value  Global            Value  Global    
        -----  ------            -----  ------            -----  ------    
     00001260  .memset_s |    00001269  .memcpy_s |    00001286  .remove_V
     00001289  .remove_i |    000012A6  .add_VBL  |    000012A9  .add_int 
     000012B4  .wait_vbl |    000012B4  _wait_vbl |    000012C4  .display_
     000012C4  _display_ |    000012DC  _remove_V |    000012E7  _add_VBL 
     000012F2  _font_loa |    000012F9  font_load |    00001341  font_copy
     00001377  font_set  |    00001384  .put_char |    0000139C  .out_char
     000013A2  .del_char |    000013F8  _putchar  |    00001401  _setchar 
     0000140A  _font_loa |    00001418  _font_set |    00001427  _font_ini
     00001446  .cls      |    00001446  _cls      |    00001468  _gotoxy  
     00001473  _posx     |    00001484  _posy     |    000014AC  .cr_curs 
     000014C1  .adv_curs |    0000151D  .tmode    |    00001546  .tmode_ou
     0000154F  _set_bkg_ |    0000154F  _set_win_ |    00001557  _set_spri
     000015AF  _abs      |    000015BE  _set_win_ |    000015D2  _set_tile
     000015D7  _set_bkg_ |    000015D7  _set_win_ |    000015DF  _set_spri
     0000160F  _font_ibm |    00001711  _font_ibm |    00001F11  .padup   
     00001F11  _waitpadu |    00001F21  .jpad     |    00001F21  _joypad  
     00001F49  _waitpad  |    00001F4A  .wait_pad |    00001F51  _color   
     00001F51  _set_1bpp |    00001F60  .drawing_ |    00001F6B  .drawing_
     00001FA7  _add_LCD  |    00001FB2  .add_LCD  |    00001FB8  _remove_L
     00001FC3  .remove_L |    00001FC9  _font_ibm |    0000237B  .delay   
     0000237B  _delay    |    000023A7  _set_bkg_ |    000023BB  .set_xy_w
     000023C4  .set_xy_b |    000023D3  .set_xy_t
ASxxxx Linker V03.00 + NoICE + sdld,  page 43.
Hexadecimal  [32-Bits]

Area                       Addr        Size        Decimal Bytes (Attributes)
--------------------       ----        ----        ------- ----- ------------
_INITIALIZER           00002415    00000291 =         657. bytes (REL,CON)

        Value  Global            Value  Global            Value  Global    
        -----  ------            -----  ------            -----  ------    
     00002415  Fmain$__x |    00002416  Fmain$__x |    00002418  Fmain$__x
     0000241A  Fmain$__x |    0000241B  Fmain$__x |    0000241C  Fmain$__x
     0000241D  Fmain$__x |    0000241F  Fmain$__x |    00002420  Fmain$__x
     00002430  Fmain$__x |    00002440  Fmain$__x |    00002450  Fmain$__x
     000025B8  Fmain$__x |    000025C8  Fmain$__x |    000025D8  Fmain$__x
     000025E8  Fmain$__x |    000025F8  Fmain$__x |    00002608  Fmain$__x
     00002618  Fmain$__x |    00002628  Fmain$__x |    00002638  Fmain$__x
     00002648  Fmain$__x |    00002658  Fmain$__x |    0000267C  Fmain$__x
ASxxxx Linker V03.00 + NoICE + sdld,  page 44.
Hexadecimal  [32-Bits]

Area                       Addr        Size        Decimal Bytes (Attributes)
--------------------       ----        ----        ------- ----- ------------
_GSINIT                000026A6    0000000C =          12. bytes (REL,CON)

        Value  Global            Value  Global            Value  Global    
        -----  ------            -----  ------            -----  ------    
     000026A6  gsinit   
ASxxxx Linker V03.00 + NoICE + sdld,  page 45.
Hexadecimal  [32-Bits]

Area                       Addr        Size        Decimal Bytes (Attributes)
--------------------       ----        ----        ------- ----- ------------
_GSFINAL               000026B2    00000001 =           1. bytes (REL,CON)

        Value  Global            Value  Global            Value  Global    
        -----  ------            -----  ------            -----  ------    
ASxxxx Linker V03.00 + NoICE + sdld,  page 46.
Hexadecimal  [32-Bits]

Area                       Addr        Size        Decimal Bytes (Attributes)
--------------------       ----        ----        ------- ----- ------------
_DATA                  0000C0A0    00000030 =          48. bytes (REL,CON)

        Value  Global            Value  Global            Value  Global    
        -----  ------            -----  ------            -----  ------    
     0000C0A0  __cpu     |    0000C0A1  __is_GBA  |    0000C0A2  .mode    
     0000C0A3  .sys_time |    0000C0A3  _sys_time |    0000C0A5  .int_0x40
     0000C0B1  G$joypad_ |    0000C0B1  _joypad_i |    0000C0B2  font_curr
     0000C0B5  font_firs |    0000C0B6  font_tabl |    0000C0C8  .int_0x48
ASxxxx Linker V03.00 + NoICE + sdld,  page 47.
Hexadecimal  [32-Bits]

Area                       Addr        Size        Decimal Bytes (Attributes)
--------------------       ----        ----        ------- ----- ------------
_INITIALIZED           0000C0D0    00000291 =         657. bytes (REL,CON)

        Value  Global            Value  Global            Value  Global    
        -----  ------            -----  ------            -----  ------    
     0000C0D0  G$lastBut |    0000C0D0  _lastButt |    0000C0D1  G$debounc
     0000C0D1  _debounce |    0000C0D3  G$selecte |    0000C0D3  _selected
     0000C0D5  G$cursorx |    0000C0D5  _cursorx  |    0000C0D6  G$cursory
     0000C0D6  _cursory  |    0000C0D7  G$current |    0000C0D7  _currentP
     0000C0D8  G$selecte |    0000C0D8  _selected |    0000C0DA  G$pieceSe
     0000C0DA  _pieceSel |    0000C0DB  G$tile1$0 |    0000C0DB  _tile1   
     0000C0EB  G$tile2$0 |    0000C0EB  _tile2    |    0000C0FB  G$tile3$0
     0000C0FB  _tile3    |    0000C10B  G$map$0_0 |    0000C10B  _map     
     0000C273  G$squareT |    0000C273  _squareTL |    0000C283  G$squareT
     0000C283  _squareTR |    0000C293  G$squareB |    0000C293  _squareBL
     0000C2A3  G$squareB |    0000C2A3  _squareBR |    0000C2B3  G$black_p
     0000C2B3  _black_pi |    0000C2C3  G$white_p |    0000C2C3  _white_pi
     0000C2D3  G$current |    0000C2D3  _currentP |    0000C2E3  G$current
     0000C2E3  _currentP |    0000C2F3  G$blackKi |    0000C2F3  _blackKin
     0000C303  G$whiteKi |    0000C303  _whiteKin |    0000C313  G$blackPi
     0000C313  _blackPie |    0000C337  G$whitePi |    0000C337  _whitePie
     0000C35B  .curx     |    0000C35C  .cury     |    0000C35D  .fg_colou
     0000C35D  __current |    0000C35E  .bg_colou |    0000C35F  .draw_mod
     0000C360  __map_til
ASxxxx Linker V03.00 + NoICE + sdld,  page 48.
Hexadecimal  [32-Bits]

Area                       Addr        Size        Decimal Bytes (Attributes)
--------------------       ----        ----        ------- ----- ------------
_HRAM12                00000000    00000003 =           3. bytes (ABS,CON)

        Value  Global            Value  Global            Value  Global    
        -----  ------            -----  ------            -----  ------    
     0000FF90  __current |    0000FF92  __shadow_
ASxxxx Linker V03.00 + NoICE + sdld,  page 49.
Hexadecimal  [32-Bits]

Area                       Addr        Size        Decimal Bytes (Attributes)
--------------------       ----        ----        ------- ----- ------------
_FONT_HEADER0          00000000    00000003 =           3. bytes (ABS,CON)

        Value  Global            Value  Global            Value  Global    
        -----  ------            -----  ------            -----  ------    
ASxxxx Linker V03.00 + NoICE + sdld,  page 50.
Hexadecimal  [32-Bits]

Area                       Addr        Size        Decimal Bytes (Attributes)
--------------------       ----        ----        ------- ----- ------------
_HEADER_LCD0           00000000    00000003 =           3. bytes (ABS,CON)

        Value  Global            Value  Global            Value  Global    
        -----  ------            -----  ------            -----  ------    
ASxxxx Linker V03.00 + NoICE + sdld,  page 51.

Files Linked                              [ module(s) ]

c:\gbdk\lib/gb/crt0.o                     [ Runtime ]
main.o                                    [ main ]


Libraries Linked                          [ object file ]

c:\gbdk\lib/gb/gb.lib                     [ font.o ]
c:\gbdk\lib/gb/gb.lib                     [ set_1bit_data.o ]
c:\gbdk\lib/gb/gb.lib                     [ sfr.o ]
c:\gbdk\lib/sm83/sm83.lib                 [ abs.o ]
c:\gbdk\lib/gb/gb.lib                     [ set_wi_t.o ]
c:\gbdk\lib/gb/gb.lib                     [ set_data.o ]
c:\gbdk\lib/gb/gb.lib                     [ f_ibm_full.o ]
c:\gbdk\lib/gb/gb.lib                     [ pad.o ]
c:\gbdk\lib/gb/gb.lib                     [ color.o ]
c:\gbdk\lib/gb/gb.lib                     [ drawing_isr.o ]
c:\gbdk\lib/gb/gb.lib                     [ lcd.o ]
c:\gbdk\lib/gb/gb.lib                     [ f_ibm_sh.o ]
c:\gbdk\lib/gb/gb.lib                     [ delay.o ]
c:\gbdk\lib/gb/gb.lib                     [ set_bk_t.o ]
c:\gbdk\lib/gb/gb.lib                     [ set_xy_t.o ]

ASxxxx Linker V03.00 + NoICE + sdld,  page 52.

User Base Address Definitions

_DATA=0xC0A0
_CODE=0x0200
ASxxxx Linker V03.00 + NoICE + sdld,  page 53.

User Global Definitions

_shadow_OAM=0xC000
.STACK=0xE000
.refresh_OAM=0xFF80

