ASxxxx Linker V03.00 + NoICE + sdld,  page 1.
Hexadecimal  [32-Bits]

Area                       Addr        Size        Decimal Bytes (Attributes)
--------------------       ----        ----        ------- ----- ------------
.  .ABS.               00000000    00000000 =           0. bytes (ABS,CON)

        Value  Global            Value  Global            Value  Global    
        -----  ------            -----  ------            -----  ------    
     00000000  .__.ABS.  |    00000000  _rRAMG    |    00000000  l__BASE  
     00000000  l__BSS    |    00000000  l__CABS   |    00000000  l__CODE_0
     00000000  l__DABS   |    00000000  l__FONT_H |    00000000  l__HEADER
     00000000  l__HEADER |    00000000  l__HEAP   |    00000000  l__HEAP_E
     00000000  l__HRAM   |    00000000  l__LIT    |    00000000  s__CABS  
     00000000  s__DABS   |    00000000  s__FONT_H |    00000000  s__FONT_H
     00000000  s__HEADER |    00000000  s__HEADER |    00000000  s__HEADER
     00000000  s__HEADER |    00000000  s__HEADER |    00000000  s__HEADER
     00000000  s__HEADER |    00000000  s__HEADER |    00000000  s__HEADER
     00000000  s__HEADER |    00000000  s__HEADER |    00000000  s__HEADER
     00000000  s__HEADER |    00000000  s__HEADER |    00000000  s__HEADER
     00000000  s__HEADER |    00000000  s__HEADER |    00000000  s__HEADER
     00000000  s__HEADER |    00000000  s__HEADER |    00000000  s__HEADER
     00000000  s__HRAM   |    00000000  s__HRAM12 |    00000001  l__GSFINA
     00000001  l__HEADER |    00000001  l__HEADER |    00000001  l__HEADER
     00000001  l__HEADER |    00000001  l__HEADER |    00000001  l__HEADER
     00000001  l__HEADER |    00000002  l__HEADER |    00000002  l__HEADER
     00000002  l__HEADER |    00000003  l__FONT_H |    00000003  l__HEADER
     00000003  l__HEADER |    00000003  l__HRAM12 |    00000005  l__HEADER
     00000006  l__HEADER |    00000007  l__HEADER |    00000008  l__HEADER
     0000000C  l__GSINIT |    00000030  l__DATA   |    00000030  l__HEADER
     0000004C  l__HEADER |    00000084  l__HEADER |    00000200  s__CODE  
     00000291  l__INITIA |    00000291  l__INITIA |    00000F2C  l__CODE  
     0000112C  s__HOME   |    000011B5  l__HOME   |    00002000  _rROMB0  
     000022E1  s__BASE   |    000022E1  s__CODE_0 |    000022E1  s__INITIA
     000022E1  s__LIT    |    00002572  s__GSINIT |    0000257E  s__GSFINA
     00003000  _rROMB1   |    00004000  _rRAMB    |    00008000  __VRAM   
     00008000  __VRAM800 |    00008800  __VRAM880 |    00009000  __VRAM900
     00009800  __SCRN0   |    00009C00  __SCRN1   |    0000A000  __SRAM   
     0000C000  __RAM     |    0000C000  _shadow_O |    0000C0A0  s__DATA  
     0000C0D0  s__BSS    |    0000C0D0  s__INITIA |    0000C361  s__HEAP  
     0000C361  s__HEAP_E |    0000D000  __RAMBANK |    0000E000  .STACK   
     0000FE00  __OAMRAM  |    0000FF00  _P1_REG   |    0000FF00  __IO     
     0000FF01  _SB_REG   |    0000FF02  _SC_REG   |    0000FF04  _DIV_REG 
     0000FF05  _TIMA_REG |    0000FF06  _TMA_REG  |    0000FF07  _TAC_REG 
     0000FF0F  _IF_REG   |    0000FF10  _NR10_REG |    0000FF11  _NR11_REG
     0000FF12  _NR12_REG |    0000FF13  _NR13_REG |    0000FF14  _NR14_REG
     0000FF16  _NR21_REG |    0000FF17  _NR22_REG |    0000FF18  _NR23_REG
     0000FF19  _NR24_REG |    0000FF1A  _NR30_REG |    0000FF1B  _NR31_REG
     0000FF1C  _NR32_REG |    0000FF1D  _NR33_REG |    0000FF1E  _NR34_REG
     0000FF20  _NR41_REG |    0000FF21  _NR42_REG |    0000FF22  _NR43_REG
     0000FF23  _NR44_REG |    0000FF24  _NR50_REG |    0000FF25  _NR51_REG
     0000FF26  _NR52_REG |    0000FF30  _AUD3WAVE |    0000FF30  _PCM_SAMP
     0000FF30  __AUD3WAV |    0000FF40  _LCDC_REG |    0000FF41  _STAT_REG
     0000FF42  _SCY_REG  |    0000FF43  _SCX_REG  |    0000FF44  _LY_REG  
     0000FF45  _LYC_REG  |    0000FF46  _DMA_REG  |    0000FF47  _BGP_REG 
     0000FF48  _OBP0_REG |    0000FF49  _OBP1_REG |    0000FF4A  _WY_REG  
     0000FF4B  _WX_REG   |    0000FF4D  _KEY1_REG |    0000FF4F  _VBK_REG 
     0000FF51  _HDMA1_RE |    0000FF52  _HDMA2_RE |    0000FF53  _HDMA3_RE
     0000FF54  _HDMA4_RE |    0000FF55  _HDMA5_RE |    0000FF56  _RP_REG  
ASxxxx Linker V03.00 + NoICE + sdld,  page 2.
Hexadecimal  [32-Bits]

Area                       Addr        Size        Decimal Bytes (Attributes)
--------------------       ----        ----        ------- ----- ------------
.  .ABS.               00000000    00000000 =           0. bytes (ABS,CON)

        Value  Global            Value  Global            Value  Global    
        -----  ------            -----  ------            -----  ------    
     0000FF68  _BCPS_REG |    0000FF69  _BCPD_REG |    0000FF6A  _OCPS_REG
     0000FF6B  _OCPD_REG |    0000FF70  _SVBK_REG |    0000FF76  _PCM12_RE
     0000FF77  _PCM34_RE |    0000FF80  .refresh_ |    0000FF80  __HRAM   
     0000FFFF  _IE_REG  
ASxxxx Linker V03.00 + NoICE + sdld,  page 3.
Hexadecimal  [32-Bits]

Area                       Addr        Size        Decimal Bytes (Attributes)
--------------------       ----        ----        ------- ----- ------------
_CODE                  00000200    00000F2C =        3884. bytes (REL,CON)

        Value  Global            Value  Global            Value  Global    
        -----  ------            -----  ------            -----  ------    
     00000200  A$main$17 |    00000200  C$main.c$ |    00000200  G$moveSqu
     00000200  _moveSqua |    00000203  A$main$17 |    00000205  A$main$18
     00000206  A$main$18 |    00000209  A$main$18 |    0000020B  A$main$18
     0000020C  A$main$18 |    0000020F  A$main$18 |    00000210  A$main$18
     00000211  A$main$18 |    00000212  A$main$19 |    00000215  A$main$19
     00000217  A$main$19 |    00000218  A$main$19 |    0000021B  A$main$19
     0000021C  A$main$19 |    0000021F  A$main$19 |    00000220  A$main$20
     00000221  A$main$20 |    00000222  A$main$20 |    00000225  A$main$20
     00000226  A$main$20 |    00000229  A$main$20 |    0000022B  A$main$20
     0000022C  A$main$20 |    0000022F  A$main$21 |    00000230  A$main$21
     00000231  A$main$21 |    00000232  A$main$21 |    00000235  A$main$21
     00000236  A$main$21 |    00000239  A$main$21 |    0000023A  A$main$22
     0000023D  A$main$22 |    0000023E  A$main$22 |    0000023F  A$main$22
     00000240  A$main$23 |    00000240  C$main.c$ |    00000240  C$main.c$
     00000240  XG$moveSq |    00000241  A$main$24 |    00000241  C$main.c$
     00000241  G$promote |    00000241  _promoteT |    00000243  A$main$24
     00000245  A$main$24 |    00000246  A$main$24 |    00000247  A$main$24
     00000248  A$main$25 |    0000024A  A$main$25 |    0000024B  A$main$25
     0000024C  A$main$25 |    0000024D  A$main$25 |    0000024D  C$main.c$
     0000024F  A$main$25 |    00000250  A$main$25 |    00000251  A$main$26
     00000253  A$main$26 |    00000255  A$main$26 |    00000256  A$main$26
     00000258  A$main$26 |    00000259  A$main$26 |    0000025C  A$main$26
     0000025E  A$main$26 |    0000025F  A$main$27 |    00000260  A$main$27
     00000261  A$main$27 |    00000262  A$main$27 |    00000263  A$main$27
     00000264  A$main$27 |    00000265  A$main$27 |    00000266  A$main$27
     00000268  A$main$27 |    0000026A  A$main$27 |    0000026C  A$main$28
     0000026E  A$main$28 |    0000026F  A$main$28 |    00000271  A$main$28
     00000273  A$main$28 |    00000275  A$main$28 |    00000276  A$main$28
     00000278  A$main$29 |    00000278  C$main.c$ |    00000279  A$main$29
     0000027A  A$main$29 |    0000027B  A$main$29 |    0000027C  A$main$29
     0000027D  A$main$29 |    0000027E  A$main$29 |    0000027F  A$main$29
     00000280  A$main$30 |    00000281  A$main$30 |    00000283  A$main$30
     00000284  A$main$30 |    00000285  A$main$30 |    00000286  A$main$30
     00000287  A$main$30 |    00000288  A$main$30 |    00000289  A$main$31
     0000028A  A$main$31 |    0000028B  A$main$31 |    0000028D  A$main$31
     0000028E  A$main$31 |    0000028E  C$main.c$ |    0000028F  A$main$32
     00000290  A$main$32 |    00000290  C$main.c$ |    00000292  A$main$32
     00000293  A$main$32 |    00000295  A$main$32 |    00000297  A$main$32
     00000299  A$main$32 |    0000029A  A$main$33 |    0000029B  A$main$33
     0000029D  A$main$33 |    0000029D  C$main.c$ |    0000029F  A$main$33
     000002A0  A$main$33 |    000002A2  A$main$34 |    000002A2  C$main.c$
     000002A4  A$main$34 |    000002A5  A$main$34 |    000002A7  A$main$34
     000002A9  A$main$34 |    000002AB  A$main$34 |    000002AC  A$main$34
     000002AD  A$main$34 |    000002AF  A$main$35 |    000002AF  C$main.c$
     000002B1  A$main$35 |    000002B2  A$main$35 |    000002B2  C$main.c$
     000002B3  A$main$36 |    000002B5  A$main$36 |    000002B5  C$main.c$
     000002B7  A$main$36 |    000002B8  A$main$36 |    000002B9  A$main$36
     000002BA  A$main$38 |    000002BA  C$main.c$ |    000002BA  C$main.c$
     000002BA  G$dpad$0$ |    000002BA  _dpad     |    000002BD  A$main$38
     000002BE  A$main$38 |    000002C0  A$main$38 |    000002C2  A$main$38
ASxxxx Linker V03.00 + NoICE + sdld,  page 4.
Hexadecimal  [32-Bits]

Area                       Addr        Size        Decimal Bytes (Attributes)
--------------------       ----        ----        ------- ----- ------------
_CODE                  00000200    00000F2C =        3884. bytes (REL,CON)

        Value  Global            Value  Global            Value  Global    
        -----  ------            -----  ------            -----  ------    
     000002C2  C$main.c$ |    000002C5  A$main$38 |    000002C6  A$main$39
     000002C8  A$main$39 |    000002C9  A$main$39 |    000002C9  C$main.c$
     000002CB  A$main$39 |    000002CD  A$main$40 |    000002CD  C$main.c$
     000002D0  A$main$40 |    000002D1  A$main$40 |    000002D3  A$main$40
     000002D4  A$main$40 |    000002D4  C$main.c$ |    000002D6  A$main$41
     000002D8  A$main$41 |    000002D8  C$main.c$ |    000002DB  A$main$41
     000002DC  A$main$41 |    000002DE  A$main$41 |    000002DF  A$main$42
     000002DF  C$main.c$ |    000002E1  A$main$42 |    000002E4  A$main$42
     000002E4  C$main.c$ |    000002E7  A$main$42 |    000002E8  A$main$42
     000002EA  A$main$43 |    000002EB  A$main$44 |    000002EB  C$main.c$
     000002EB  C$main.c$ |    000002EB  XG$dpad$0 |    000002EE  A$main$45
     000002EE  C$main.c$ |    000002EE  C$main.c$ |    000002EE  G$font$0$
     000002EE  _font     |    000002F1  A$main$45 |    000002F1  C$main.c$
     000002F4  A$main$45 |    000002F5  A$main$46 |    000002F8  A$main$46
     000002F9  A$main$46 |    000002F9  C$main.c$ |    000002FA  A$main$46
     000002FD  A$main$46 |    000002FE  A$main$47 |    000002FE  C$main.c$
     000002FE  XG$font$0 |    000002FF  A$main$48 |    000002FF  C$main.c$
     000002FF  C$main.c$ |    000002FF  G$printTu |    000002FF  _printTur
     00000302  A$main$48 |    00000303  A$main$49 |    00000305  A$main$49
     00000305  C$main.c$ |    00000308  A$main$49 |    00000309  A$main$49
     0000030C  A$main$49 |    0000030D  A$main$49 |    00000310  A$main$49
     00000311  A$main$50 |    00000314  A$main$50 |    00000316  A$main$50
     00000318  A$main$50 |    00000318  C$main.c$ |    0000031B  A$main$50
     0000031C  A$main$50 |    0000031F  A$main$51 |    00000320  A$main$51
     00000323  A$main$51 |    00000324  A$main$51 |    00000327  A$main$51
     00000329  A$main$51 |    0000032B  A$main$51 |    0000032D  A$main$51
     0000032F  A$main$52 |    00000331  A$main$53 |    00000331  C$main.c$
     00000331  C$main.c$ |    00000331  XG$printT |    00000332  A$main$54
     00000332  C$main.c$ |    00000332  C$main.c$ |    00000332  G$printbk
     00000332  _printbkg |    00000335  A$main$54 |    00000336  A$main$54
     00000339  A$main$54 |    0000033A  A$main$54 |    0000033D  A$main$54
     0000033F  A$main$55 |    0000033F  C$main.c$ |    00000342  A$main$55
     00000343  A$main$55 |    00000346  A$main$55 |    00000347  A$main$55
     0000034A  A$main$55 |    0000034C  A$main$56 |    0000034C  C$main.c$
     0000034F  A$main$56 |    00000350  A$main$56 |    00000353  A$main$56
     00000354  A$main$56 |    00000357  A$main$56 |    00000359  A$main$57
     00000359  C$main.c$ |    0000035C  A$main$57 |    0000035D  A$main$57
     00000360  A$main$57 |    00000361  A$main$57 |    00000362  A$main$57
     00000363  A$main$57 |    00000364  A$main$57 |    00000367  A$main$57
     00000369  A$main$58 |    00000369  C$main.c$ |    00000369  XG$printb
     0000036A  A$main$60 |    0000036A  C$main.c$ |    0000036A  C$main.c$
     0000036A  G$printSq |    0000036A  _printSqu |    0000036D  A$main$60
     0000036E  A$main$60 |    0000036F  A$main$60 |    00000370  A$main$60
     00000371  A$main$60 |    00000374  A$main$60 |    00000376  A$main$61
     00000376  C$main.c$ |    00000379  A$main$61 |    0000037A  A$main$61
     0000037D  A$main$61 |    0000037E  A$main$61 |    00000381  A$main$61
     00000383  A$main$61 |    00000383  C$main.c$ |    00000386  A$main$62
     00000387  A$main$62 |    0000038A  A$main$62 |    0000038B  A$main$62
     0000038E  A$main$62 |    00000390  A$main$62 |    00000390  C$main.c$
     00000393  A$main$62 |    00000394  A$main$63 |    00000396  A$main$63
     00000397  A$main$63 |    00000398  A$main$63 |    0000039A  A$main$63
ASxxxx Linker V03.00 + NoICE + sdld,  page 5.
Hexadecimal  [32-Bits]

Area                       Addr        Size        Decimal Bytes (Attributes)
--------------------       ----        ----        ------- ----- ------------
_CODE                  00000200    00000F2C =        3884. bytes (REL,CON)

        Value  Global            Value  Global            Value  Global    
        -----  ------            -----  ------            -----  ------    
     0000039B  A$main$63 |    0000039C  A$main$63 |    0000039F  A$main$63
     000003A1  A$main$63 |    000003A4  A$main$64 |    000003A6  A$main$64
     000003A9  A$main$64 |    000003AB  A$main$64 |    000003AE  A$main$64
     000003B0  A$main$64 |    000003B3  A$main$64 |    000003B5  A$main$65
     000003B5  C$main.c$ |    000003B5  C$main.c$ |    000003B5  XG$printS
     000003B8  A$main$66 |    000003B8  C$main.c$ |    000003B8  G$printBl
     000003B8  _printBla |    000003BA  A$main$67 |    000003BA  C$main.c$
     000003BD  A$main$67 |    000003BE  A$main$67 |    000003C1  A$main$67
     000003C2  A$main$67 |    000003C5  A$main$67 |    000003C7  A$main$68
     000003C7  C$main.c$ |    000003CA  A$main$68 |    000003CB  A$main$68
     000003CE  A$main$68 |    000003CF  A$main$68 |    000003D2  A$main$68
     000003D4  A$main$68 |    000003D4  C$main.c$ |    000003D5  A$main$69
     000003D7  A$main$69 |    000003D8  A$main$69 |    000003D9  A$main$69
     000003DB  A$main$69 |    000003DC  A$main$69 |    000003DE  A$main$69
     000003DF  A$main$69 |    000003E1  A$main$69 |    000003E2  A$main$70
     000003E4  A$main$70 |    000003E6  A$main$70 |    000003E8  A$main$70
     000003EA  A$main$70 |    000003EC  A$main$70 |    000003ED  A$main$70
     000003EF  A$main$70 |    000003F1  A$main$70 |    000003F3  A$main$71
     000003F4  A$main$71 |    000003F7  A$main$71 |    000003F9  A$main$71
     000003FA  A$main$71 |    000003FB  A$main$71 |    000003FC  A$main$72
     000003FD  A$main$72 |    000003FE  A$main$72 |    000003FF  A$main$72
     00000400  A$main$72 |    00000403  A$main$72 |    00000404  A$main$72
     00000405  A$main$72 |    00000406  A$main$72 |    00000407  A$main$72
     00000409  A$main$73 |    0000040A  A$main$73 |    0000040A  C$main.c$
     0000040C  A$main$73 |    0000040D  A$main$73 |    0000040F  A$main$74
     0000040F  C$main.c$ |    00000410  A$main$74 |    00000412  A$main$74
     00000414  A$main$74 |    00000415  A$main$74 |    00000416  A$main$74
     00000417  A$main$74 |    00000419  A$main$74 |    0000041B  A$main$75
     0000041D  A$main$75 |    0000041F  A$main$75 |    00000420  A$main$75
     00000422  A$main$75 |    00000423  A$main$75 |    00000425  A$main$75
     00000426  A$main$75 |    00000427  A$main$75 |    00000428  A$main$76
     00000429  A$main$76 |    0000042C  A$main$76 |    0000042D  A$main$76
     0000042E  A$main$76 |    0000042F  A$main$76 |    00000430  A$main$76
     00000431  A$main$76 |    00000432  A$main$76 |    00000435  A$main$76
     00000436  A$main$77 |    00000437  A$main$77 |    00000438  A$main$77
     0000043A  A$main$77 |    0000043B  A$main$77 |    0000043C  A$main$77
     0000043D  A$main$77 |    0000043F  A$main$77 |    00000440  A$main$77
     00000441  A$main$77 |    00000442  A$main$78 |    00000443  A$main$78
     00000445  A$main$78 |    00000445  C$main.c$ |    00000447  A$main$78
     00000449  A$main$79 |    0000044A  A$main$79 |    0000044B  A$main$79
     0000044D  A$main$79 |    0000044F  A$main$79 |    00000451  A$main$79
     00000453  A$main$79 |    00000454  A$main$79 |    00000456  A$main$79
     00000457  A$main$80 |    00000459  A$main$80 |    0000045A  A$main$80
     0000045B  A$main$80 |    0000045C  A$main$80 |    0000045D  A$main$80
     00000460  A$main$80 |    00000461  A$main$80 |    00000462  A$main$80
     00000463  A$main$80 |    00000464  A$main$81 |    00000465  A$main$81
     00000466  A$main$81 |    00000469  A$main$81 |    0000046A  A$main$81
     0000046B  A$main$81 |    0000046C  A$main$81 |    0000046E  A$main$81
     0000046F  A$main$81 |    00000470  A$main$81 |    00000471  A$main$82
     00000473  A$main$82 |    00000474  A$main$82 |    00000475  A$main$82
     00000476  A$main$82 |    00000477  A$main$82 |    00000479  A$main$83
ASxxxx Linker V03.00 + NoICE + sdld,  page 6.
Hexadecimal  [32-Bits]

Area                       Addr        Size        Decimal Bytes (Attributes)
--------------------       ----        ----        ------- ----- ------------
_CODE                  00000200    00000F2C =        3884. bytes (REL,CON)

        Value  Global            Value  Global            Value  Global    
        -----  ------            -----  ------            -----  ------    
     00000479  C$main.c$ |    0000047B  A$main$83 |    0000047C  A$main$83
     0000047D  A$main$83 |    0000047E  A$main$83 |    0000047F  A$main$83
     00000480  A$main$83 |    00000481  A$main$83 |    00000482  A$main$83
     00000485  A$main$84 |    00000486  A$main$84 |    00000487  A$main$84
     00000488  A$main$84 |    00000489  A$main$84 |    0000048A  A$main$84
     0000048B  A$main$84 |    0000048C  A$main$84 |    0000048E  A$main$84
     0000048F  A$main$84 |    00000491  A$main$85 |    00000492  A$main$85
     00000494  A$main$85 |    00000495  A$main$85 |    00000496  A$main$85
     00000497  A$main$86 |    0000049A  A$main$86 |    0000049B  A$main$86
     0000049C  A$main$86 |    0000049D  A$main$86 |    0000049E  A$main$86
     0000049F  A$main$87 |    0000049F  C$main.c$ |    000004A1  A$main$87
     000004A2  A$main$87 |    000004A5  A$main$87 |    000004A6  A$main$87
     000004A7  A$main$87 |    000004AA  A$main$88 |    000004AC  A$main$88
     000004AC  C$main.c$ |    000004AC  XG$printB |    000004AD  A$main$89
     000004AD  C$main.c$ |    000004AD  G$printWh |    000004AD  _printWhi
     000004AF  A$main$89 |    000004AF  C$main.c$ |    000004B2  A$main$90
     000004B3  A$main$90 |    000004B6  A$main$90 |    000004B7  A$main$90
     000004BA  A$main$90 |    000004BC  A$main$90 |    000004BC  C$main.c$
     000004BF  A$main$90 |    000004C0  A$main$91 |    000004C3  A$main$91
     000004C4  A$main$91 |    000004C7  A$main$91 |    000004C9  A$main$91
     000004C9  C$main.c$ |    000004CA  A$main$91 |    000004CC  A$main$91
     000004CD  A$main$92 |    000004CE  A$main$92 |    000004D0  A$main$92
     000004D1  A$main$92 |    000004D3  A$main$92 |    000004D4  A$main$92
     000004D6  A$main$92 |    000004D7  A$main$92 |    000004D9  A$main$92
     000004DB  A$main$93 |    000004DD  A$main$93 |    000004DF  A$main$93
     000004E1  A$main$93 |    000004E2  A$main$93 |    000004E4  A$main$93
     000004E6  A$main$93 |    000004E8  A$main$93 |    000004E9  A$main$94
     000004EC  A$main$94 |    000004EE  A$main$94 |    000004EF  A$main$94
     000004F0  A$main$94 |    000004F1  A$main$94 |    000004F2  A$main$94
     000004F3  A$main$95 |    000004F4  A$main$95 |    000004F5  A$main$95
     000004F8  A$main$95 |    000004F9  A$main$95 |    000004FA  A$main$95
     000004FB  A$main$95 |    000004FC  A$main$95 |    000004FE  A$main$95
     000004FF  A$main$96 |    000004FF  C$main.c$ |    00000501  A$main$96
     00000502  A$main$96 |    00000504  A$main$96 |    00000504  C$main.c$
     00000505  A$main$96 |    00000507  A$main$97 |    00000509  A$main$97
     0000050A  A$main$97 |    0000050B  A$main$97 |    0000050C  A$main$97
     0000050E  A$main$97 |    00000510  A$main$97 |    00000512  A$main$98
     00000514  A$main$98 |    00000515  A$main$98 |    00000517  A$main$98
     00000518  A$main$98 |    0000051A  A$main$98 |    0000051B  A$main$98
     0000051C  A$main$98 |    0000051D  A$main$98 |    0000051E  A$main$98
     00000521  A$main$99 |    00000522  A$main$99 |    00000523  A$main$99
     00000524  A$main$99 |    00000525  A$main$99 |    00000526  A$main$99
     00000527  A$main$99 |    0000052A  A$main$99 |    0000052B  A$main$99
     0000052C  A$main$99 |    0000052D  A$main$10 |    0000052F  A$main$10
     00000530  A$main$10 |    00000531  A$main$10 |    00000532  A$main$10
     00000534  A$main$10 |    00000535  A$main$10 |    00000536  A$main$10
     00000537  A$main$10 |    00000538  A$main$10 |    0000053A  A$main$10
     0000053A  C$main.c$ |    0000053C  A$main$10 |    0000053E  A$main$10
     0000053F  A$main$10 |    00000540  A$main$10 |    00000542  A$main$10
     00000544  A$main$10 |    00000546  A$main$10 |    00000548  A$main$10
     00000549  A$main$10 |    0000054B  A$main$10 |    0000054C  A$main$10
ASxxxx Linker V03.00 + NoICE + sdld,  page 7.
Hexadecimal  [32-Bits]

Area                       Addr        Size        Decimal Bytes (Attributes)
--------------------       ----        ----        ------- ----- ------------
_CODE                  00000200    00000F2C =        3884. bytes (REL,CON)

        Value  Global            Value  Global            Value  Global    
        -----  ------            -----  ------            -----  ------    
     0000054E  A$main$10 |    0000054F  A$main$10 |    00000550  A$main$10
     00000551  A$main$10 |    00000552  A$main$10 |    00000555  A$main$10
     00000556  A$main$10 |    00000557  A$main$10 |    00000558  A$main$10
     00000559  A$main$10 |    0000055A  A$main$10 |    0000055B  A$main$10
     0000055E  A$main$10 |    0000055F  A$main$10 |    00000560  A$main$10
     00000561  A$main$10 |    00000563  A$main$10 |    00000564  A$main$10
     00000565  A$main$10 |    00000566  A$main$10 |    00000568  A$main$10
     00000569  A$main$10 |    0000056A  A$main$10 |    0000056B  A$main$10
     0000056C  A$main$10 |    0000056E  A$main$10 |    0000056E  C$main.c$
     00000570  A$main$10 |    00000571  A$main$10 |    00000572  A$main$10
     00000573  A$main$10 |    00000574  A$main$10 |    00000575  A$main$10
     00000576  A$main$10 |    00000577  A$main$10 |    0000057A  A$main$10
     0000057B  A$main$10 |    0000057C  A$main$10 |    0000057D  A$main$10
     0000057E  A$main$10 |    0000057F  A$main$10 |    00000580  A$main$10
     00000581  A$main$10 |    00000583  A$main$10 |    00000584  A$main$10
     00000586  A$main$10 |    00000587  A$main$10 |    00000589  A$main$10
     0000058A  A$main$10 |    0000058B  A$main$10 |    0000058C  A$main$10
     0000058F  A$main$10 |    00000590  A$main$10 |    00000591  A$main$10
     00000592  A$main$10 |    00000593  A$main$10 |    00000594  A$main$10
     00000594  C$main.c$ |    00000596  A$main$10 |    00000597  A$main$11
     0000059A  A$main$11 |    0000059B  A$main$11 |    0000059C  A$main$11
     0000059F  A$main$11 |    000005A1  A$main$11 |    000005A1  C$main.c$
     000005A1  XG$printW |    000005A2  A$main$11 |    000005A2  C$main.c$
     000005A2  C$main.c$ |    000005A2  G$isMoveW |    000005A2  _isMoveWi
     000005A3  A$main$11 |    000005A5  A$main$11 |    000005A7  A$main$11
     000005A9  A$main$11 |    000005AA  A$main$11 |    000005AC  A$main$11
     000005AD  A$main$11 |    000005AF  A$main$11 |    000005B1  A$main$11
     000005B3  A$main$11 |    000005B4  A$main$11 |    000005B6  A$main$11
     000005B7  A$main$11 |    000005B8  A$main$11 |    000005BA  A$main$11
     000005BA  C$main.c$ |    000005BA  XG$isMove |    000005BB  A$main$11
     000005BB  C$main.c$ |    000005BB  G$getCapt |    000005BB  _getCaptu
     000005BD  A$main$11 |    000005BF  A$main$11 |    000005C0  A$main$11
     000005C1  A$main$11 |    000005C1  C$main.c$ |    000005C2  A$main$11
     000005C4  A$main$11 |    000005C5  A$main$11 |    000005C6  A$main$11
     000005C9  A$main$11 |    000005CB  A$main$11 |    000005CC  A$main$11
     000005CD  A$main$11 |    000005CE  A$main$11 |    000005CF  A$main$11
     000005D0  A$main$11 |    000005D1  A$main$11 |    000005D2  A$main$11
     000005D3  A$main$11 |    000005D5  A$main$11 |    000005D7  A$main$11
     000005D9  A$main$11 |    000005DB  A$main$11 |    000005DC  A$main$11
     000005DE  A$main$11 |    000005E0  A$main$11 |    000005E2  A$main$11
     000005E3  A$main$11 |    000005E5  A$main$11 |    000005E5  C$main.c$
     000005E6  A$main$11 |    000005E7  A$main$11 |    000005E8  A$main$12
     000005E9  A$main$12 |    000005EA  A$main$12 |    000005EB  A$main$12
     000005EC  A$main$12 |    000005ED  A$main$12 |    000005EE  A$main$12
     000005F0  A$main$12 |    000005F1  A$main$12 |    000005F2  A$main$12
     000005F3  A$main$12 |    000005F4  A$main$12 |    000005F5  A$main$12
     000005F6  A$main$12 |    000005F7  A$main$12 |    000005F9  A$main$12
     000005F9  C$main.c$ |    000005F9  C$main.c$ |    000005FA  A$main$12
     000005FB  A$main$12 |    000005FC  A$main$12 |    000005FD  A$main$12
     000005FE  A$main$12 |    000005FF  A$main$12 |    00000600  A$main$12
     00000601  A$main$12 |    00000603  A$main$12 |    00000605  A$main$12
ASxxxx Linker V03.00 + NoICE + sdld,  page 8.
Hexadecimal  [32-Bits]

Area                       Addr        Size        Decimal Bytes (Attributes)
--------------------       ----        ----        ------- ----- ------------
_CODE                  00000200    00000F2C =        3884. bytes (REL,CON)

        Value  Global            Value  Global            Value  Global    
        -----  ------            -----  ------            -----  ------    
     00000606  A$main$12 |    00000607  A$main$12 |    00000609  A$main$12
     00000609  C$main.c$ |    0000060B  A$main$12 |    0000060C  A$main$12
     0000060D  A$main$12 |    0000060E  A$main$12 |    00000610  A$main$12
     00000610  C$main.c$ |    00000611  A$main$12 |    00000613  A$main$12
     00000614  A$main$12 |    00000615  A$main$12 |    00000616  A$main$12
     00000618  A$main$12 |    00000618  C$main.c$ |    0000061B  A$main$12
     0000061B  C$main.c$ |    0000061D  A$main$12 |    0000061E  A$main$12
     00000620  A$main$12 |    00000621  A$main$12 |    00000621  C$main.c$
     00000621  G$isValid |    00000621  _isValidM |    00000623  A$main$12
     00000625  A$main$12 |    00000626  A$main$12 |    00000627  A$main$12
     00000627  C$main.c$ |    00000629  A$main$12 |    0000062A  A$main$12
     0000062B  A$main$12 |    0000062D  A$main$12 |    0000062D  C$main.c$
     00000630  A$main$12 |    00000630  C$main.c$ |    00000632  A$main$12
     00000634  A$main$12 |    00000635  A$main$12 |    00000636  A$main$12
     00000637  A$main$13 |    00000637  C$main.c$ |    00000639  A$main$13
     00000639  C$main.c$ |    0000063C  A$main$13 |    0000063C  C$main.c$
     0000063E  A$main$13 |    00000640  A$main$13 |    00000641  A$main$13
     00000642  A$main$13 |    00000643  A$main$13 |    00000643  C$main.c$
     00000643  C$main.c$ |    00000645  A$main$13 |    00000646  A$main$13
     00000648  A$main$13 |    00000649  A$main$13 |    0000064B  A$main$13
     0000064D  A$main$13 |    0000064E  A$main$13 |    0000064F  A$main$13
     00000650  A$main$13 |    00000651  A$main$13 |    00000652  A$main$13
     00000653  A$main$13 |    00000654  A$main$13 |    00000655  A$main$13
     00000656  A$main$13 |    00000658  A$main$13 |    00000659  A$main$13
     0000065A  A$main$13 |    0000065B  A$main$13 |    0000065D  A$main$13
     0000065E  A$main$13 |    0000065F  A$main$13 |    00000660  A$main$13
     00000661  A$main$13 |    00000662  A$main$13 |    00000663  A$main$13
     00000664  A$main$13 |    00000666  A$main$13 |    00000667  A$main$13
     00000668  A$main$13 |    00000669  A$main$13 |    0000066B  A$main$13
     0000066C  A$main$13 |    0000066D  A$main$13 |    0000066E  A$main$13
     0000066F  A$main$13 |    00000670  A$main$13 |    00000671  A$main$13
     00000673  A$main$13 |    00000675  A$main$13 |    00000676  A$main$13
     00000677  A$main$13 |    00000678  A$main$13 |    00000679  A$main$13
     0000067A  A$main$13 |    0000067B  A$main$13 |    0000067C  A$main$13
     0000067D  A$main$13 |    0000067E  A$main$13 |    0000067F  A$main$13
     00000680  A$main$13 |    00000681  A$main$13 |    00000682  A$main$13
     00000682  C$main.c$ |    00000684  A$main$13 |    00000685  A$main$13
     00000686  A$main$13 |    00000687  A$main$13 |    00000689  A$main$13
     0000068A  A$main$13 |    0000068B  A$main$13 |    0000068C  A$main$13
     0000068D  A$main$13 |    0000068E  A$main$13 |    0000068F  A$main$13
     00000691  A$main$13 |    00000692  A$main$13 |    00000693  A$main$13
     00000694  A$main$13 |    00000695  A$main$13 |    00000696  A$main$13
     00000698  A$main$13 |    00000699  A$main$13 |    0000069A  A$main$13
     0000069B  A$main$14 |    0000069B  C$main.c$ |    0000069D  A$main$14
     0000069E  A$main$14 |    0000069F  A$main$14 |    000006A0  A$main$14
     000006A3  A$main$14 |    000006A4  A$main$14 |    000006A6  A$main$14
     000006A8  A$main$14 |    000006A8  C$main.c$ |    000006A9  A$main$14
     000006AC  A$main$14 |    000006AC  C$main.c$ |    000006AE  A$main$14
     000006B0  A$main$14 |    000006B2  A$main$14 |    000006B4  A$main$14
     000006B5  A$main$14 |    000006B6  A$main$14 |    000006B8  A$main$14
     000006B9  A$main$14 |    000006BA  A$main$14 |    000006BB  A$main$14
ASxxxx Linker V03.00 + NoICE + sdld,  page 9.
Hexadecimal  [32-Bits]

Area                       Addr        Size        Decimal Bytes (Attributes)
--------------------       ----        ----        ------- ----- ------------
_CODE                  00000200    00000F2C =        3884. bytes (REL,CON)

        Value  Global            Value  Global            Value  Global    
        -----  ------            -----  ------            -----  ------    
     000006BC  A$main$14 |    000006BD  A$main$14 |    000006BE  A$main$14
     000006BF  A$main$14 |    000006C0  A$main$14 |    000006C1  A$main$14
     000006C3  A$main$14 |    000006C5  A$main$14 |    000006C7  A$main$14
     000006C9  A$main$14 |    000006CA  A$main$14 |    000006CC  A$main$14
     000006CE  A$main$14 |    000006D0  A$main$14 |    000006D1  A$main$14
     000006D3  A$main$14 |    000006D3  C$main.c$ |    000006D4  A$main$14
     000006D7  A$main$14 |    000006D7  C$main.c$ |    000006D9  A$main$14
     000006DA  A$main$14 |    000006DB  A$main$14 |    000006DC  A$main$14
     000006DD  A$main$14 |    000006E0  A$main$14 |    000006E1  A$main$14
     000006E2  A$main$14 |    000006E4  A$main$14 |    000006E5  A$main$14
     000006E6  A$main$14 |    000006E7  A$main$14 |    000006E8  A$main$14
     000006EB  A$main$14 |    000006EC  A$main$14 |    000006ED  A$main$14
     000006EE  A$main$14 |    000006EF  A$main$14 |    000006F1  A$main$14
     000006F2  A$main$14 |    000006F3  A$main$14 |    000006F5  A$main$14
     000006F5  C$main.c$ |    000006F6  A$main$14 |    000006F9  A$main$14
     000006F9  C$main.c$ |    000006FB  A$main$14 |    000006FC  A$main$14
     000006FD  A$main$14 |    000006FE  A$main$14 |    000006FF  A$main$14
     00000700  A$main$14 |    00000702  A$main$14 |    00000703  A$main$14
     00000704  A$main$14 |    00000706  A$main$14 |    00000708  A$main$14
     0000070A  A$main$15 |    0000070C  A$main$15 |    0000070D  A$main$15
     0000070E  A$main$15 |    00000710  A$main$15 |    00000712  A$main$15
     00000712  C$main.c$ |    00000714  A$main$15 |    00000715  A$main$15
     00000716  A$main$15 |    00000718  A$main$15 |    0000071A  A$main$15
     0000071B  A$main$15 |    0000071C  A$main$15 |    0000071D  A$main$15
     0000071F  A$main$15 |    00000720  A$main$15 |    00000722  A$main$15
     00000723  A$main$15 |    00000724  A$main$15 |    00000726  A$main$15
     00000728  A$main$15 |    0000072A  A$main$15 |    0000072C  A$main$15
     0000072D  A$main$15 |    0000072F  A$main$15 |    00000731  A$main$15
     00000733  A$main$15 |    00000734  A$main$15 |    00000736  A$main$15
     00000737  A$main$15 |    00000738  A$main$15 |    0000073A  A$main$15
     0000073C  A$main$15 |    0000073C  C$main.c$ |    0000073D  A$main$15
     00000740  A$main$15 |    00000740  C$main.c$ |    00000743  A$main$15
     00000745  A$main$15 |    00000746  A$main$15 |    00000747  A$main$15
     00000748  A$main$15 |    00000749  A$main$15 |    0000074A  A$main$15
     0000074B  A$main$15 |    0000074C  A$main$15 |    0000074E  A$main$15
     00000750  A$main$15 |    00000752  A$main$15 |    00000754  A$main$15
     00000755  A$main$15 |    00000757  A$main$15 |    00000759  A$main$15
     0000075B  A$main$15 |    0000075C  A$main$15 |    0000075E  A$main$15
     0000075E  C$main.c$ |    0000075F  A$main$15 |    00000760  A$main$15
     00000761  A$main$15 |    00000762  A$main$15 |    00000763  A$main$15
     00000764  A$main$15 |    00000766  A$main$15 |    00000767  A$main$15
     00000768  A$main$15 |    00000769  A$main$15 |    0000076B  A$main$15
     0000076C  A$main$15 |    0000076F  A$main$15 |    00000770  A$main$15
     00000771  A$main$15 |    00000772  A$main$15 |    00000773  A$main$15
     00000774  A$main$15 |    00000775  A$main$15 |    00000776  A$main$15
     00000778  A$main$15 |    00000779  A$main$15 |    0000077A  A$main$15
     0000077B  A$main$15 |    0000077C  A$main$15 |    0000077D  A$main$15
     0000077F  A$main$16 |    00000780  A$main$16 |    00000781  A$main$16
     00000782  A$main$16 |    00000784  A$main$16 |    00000785  A$main$16
     00000786  A$main$16 |    00000788  A$main$16 |    00000788  C$main.c$
     00000789  A$main$16 |    0000078B  A$main$16 |    0000078B  C$main.c$
ASxxxx Linker V03.00 + NoICE + sdld,  page 10.
Hexadecimal  [32-Bits]

Area                       Addr        Size        Decimal Bytes (Attributes)
--------------------       ----        ----        ------- ----- ------------
_CODE                  00000200    00000F2C =        3884. bytes (REL,CON)

        Value  Global            Value  Global            Value  Global    
        -----  ------            -----  ------            -----  ------    
     0000078E  A$main$16 |    00000790  A$main$16 |    00000791  A$main$16
     00000792  A$main$16 |    00000793  A$main$16 |    00000794  A$main$16
     00000795  A$main$16 |    00000796  A$main$16 |    00000797  A$main$16
     00000799  A$main$16 |    0000079A  A$main$16 |    0000079B  A$main$16
     0000079C  A$main$16 |    0000079D  A$main$16 |    0000079E  A$main$16
     000007A0  A$main$16 |    000007A1  A$main$16 |    000007A2  A$main$16
     000007A3  A$main$16 |    000007A5  A$main$16 |    000007A6  A$main$16
     000007A7  A$main$16 |    000007A9  A$main$16 |    000007A9  C$main.c$
     000007AA  A$main$16 |    000007AC  A$main$16 |    000007AC  C$main.c$
     000007AD  A$main$16 |    000007AF  A$main$16 |    000007AF  C$main.c$
     000007B1  A$main$16 |    000007B2  A$main$16 |    000007B3  A$main$16
     000007B4  A$main$16 |    000007B5  A$main$16 |    000007B8  A$main$16
     000007B9  A$main$16 |    000007BA  A$main$16 |    000007BB  A$main$16
     000007BC  A$main$16 |    000007BE  A$main$16 |    000007C0  A$main$16
     000007C1  A$main$16 |    000007C3  A$main$16 |    000007C4  A$main$16
     000007C6  A$main$16 |    000007C8  A$main$16 |    000007CA  A$main$16
     000007CC  A$main$16 |    000007CD  A$main$16 |    000007CF  A$main$16
     000007D1  A$main$16 |    000007D3  A$main$16 |    000007D4  A$main$16
     000007D6  A$main$16 |    000007D8  A$main$16 |    000007D9  A$main$16
     000007DA  A$main$16 |    000007DB  A$main$16 |    000007DC  A$main$16
     000007DF  A$main$16 |    000007E0  A$main$16 |    000007E1  A$main$16
     000007E2  A$main$16 |    000007E3  A$main$16 |    000007E5  A$main$16
     000007E7  A$main$16 |    000007E8  A$main$16 |    000007EA  A$main$16
     000007EB  A$main$16 |    000007ED  A$main$16 |    000007EF  A$main$16
     000007F1  A$main$16 |    000007F3  A$main$17 |    000007F4  A$main$17
     000007F6  A$main$17 |    000007F8  A$main$17 |    000007FA  A$main$17
     000007FB  A$main$17 |    000007FD  A$main$17 |    000007FD  C$main.c$
     000007FE  A$main$17 |    00000800  A$main$17 |    00000800  C$main.c$
     00000802  A$main$17 |    00000802  C$main.c$ |    00000804  A$main$17
     00000805  A$main$17 |    00000807  A$main$17 |    00000808  A$main$17
     00000808  C$main.c$ |    00000808  G$checkCo |    00000808  _checkCol
     0000080A  A$main$17 |    0000080C  A$main$17 |    0000080D  A$main$17
     0000080E  A$main$17 |    0000080E  C$main.c$ |    00000810  A$main$17
     00000811  A$main$17 |    00000812  A$main$17 |    00000814  A$main$17
     00000814  C$main.c$ |    00000816  A$main$17 |    00000818  A$main$17
     00000819  A$main$17 |    00000819  C$main.c$ |    0000081B  A$main$17
     0000081C  A$main$17 |    0000081E  A$main$17 |    0000081F  A$main$17
     00000820  A$main$17 |    00000821  A$main$17 |    00000823  A$main$17
     00000823  C$main.c$ |    00000825  A$main$17 |    00000827  A$main$17
     00000828  A$main$17 |    00000828  C$main.c$ |    0000082A  A$main$17
     0000082B  A$main$17 |    0000082D  A$main$17 |    0000082E  A$main$17
     0000082F  A$main$17 |    00000830  A$main$17 |    00000830  C$main.c$
     00000831  A$main$17 |    00000833  A$main$17 |    00000834  A$main$17
     00000835  A$main$17 |    00000838  A$main$17 |    0000083A  A$main$17
     0000083B  A$main$17 |    0000083C  A$main$17 |    0000083D  A$main$17
     0000083E  A$main$17 |    0000083F  A$main$17 |    00000840  A$main$17
     00000841  A$main$17 |    00000842  A$main$17 |    00000844  A$main$17
     00000846  A$main$18 |    00000848  A$main$18 |    0000084A  A$main$18
     0000084B  A$main$18 |    0000084D  A$main$18 |    0000084F  A$main$18
     00000851  A$main$18 |    00000852  A$main$18 |    00000854  A$main$18
     00000854  C$main.c$ |    00000855  A$main$18 |    00000856  A$main$18
ASxxxx Linker V03.00 + NoICE + sdld,  page 11.
Hexadecimal  [32-Bits]

Area                       Addr        Size        Decimal Bytes (Attributes)
--------------------       ----        ----        ------- ----- ------------
_CODE                  00000200    00000F2C =        3884. bytes (REL,CON)

        Value  Global            Value  Global            Value  Global    
        -----  ------            -----  ------            -----  ------    
     00000857  A$main$18 |    00000858  A$main$18 |    00000859  A$main$18
     0000085A  A$main$18 |    0000085B  A$main$18 |    0000085C  A$main$18
     0000085D  A$main$18 |    0000085F  A$main$18 |    00000860  A$main$18
     00000861  A$main$18 |    00000862  A$main$18 |    00000863  A$main$18
     00000864  A$main$18 |    00000865  A$main$18 |    00000866  A$main$18
     00000868  A$main$18 |    00000868  C$main.c$ |    00000868  C$main.c$
     00000869  A$main$18 |    0000086A  A$main$18 |    0000086B  A$main$18
     0000086C  A$main$18 |    0000086D  A$main$18 |    0000086E  A$main$18
     0000086F  A$main$18 |    00000870  A$main$18 |    00000872  A$main$18
     00000872  C$main.c$ |    00000874  A$main$18 |    00000875  A$main$18
     00000876  A$main$18 |    00000878  A$main$18 |    00000878  C$main.c$
     0000087A  A$main$18 |    0000087B  A$main$18 |    0000087C  A$main$18
     0000087E  A$main$18 |    0000087E  C$main.c$ |    00000880  A$main$18
     00000881  A$main$18 |    00000884  A$main$18 |    00000886  A$main$18
     00000887  A$main$18 |    0000088A  A$main$18 |    0000088A  C$main.c$
     0000088C  A$main$18 |    0000088D  A$main$18 |    0000088E  A$main$18
     0000088F  A$main$18 |    00000892  A$main$18 |    00000893  A$main$18
     00000894  A$main$18 |    00000895  A$main$18 |    00000898  A$main$18
     00000899  A$main$18 |    0000089A  A$main$18 |    0000089B  A$main$18
     0000089D  A$main$18 |    0000089D  C$main.c$ |    0000089F  A$main$18
     000008A0  A$main$18 |    000008A3  A$main$18 |    000008A5  A$main$18
     000008A6  A$main$18 |    000008A9  A$main$18 |    000008A9  C$main.c$
     000008AB  A$main$18 |    000008AC  A$main$19 |    000008AD  A$main$19
     000008AE  A$main$19 |    000008B1  A$main$19 |    000008B2  A$main$19
     000008B3  A$main$19 |    000008B4  A$main$19 |    000008B7  A$main$19
     000008B8  A$main$19 |    000008B9  A$main$19 |    000008BA  A$main$19
     000008BA  C$main.c$ |    000008BC  A$main$19 |    000008BE  A$main$19
     000008BE  C$main.c$ |    000008BF  A$main$19 |    000008C1  A$main$19
     000008C2  A$main$19 |    000008C3  A$main$19 |    000008C4  A$main$19
     000008C7  A$main$19 |    000008C7  C$main.c$ |    000008CA  A$main$19
     000008CC  A$main$19 |    000008CD  A$main$19 |    000008CF  A$main$19
     000008CF  C$main.c$ |    000008D0  A$main$19 |    000008D0  C$main.c$
     000008D2  A$main$19 |    000008D3  A$main$19 |    000008D4  A$main$19
     000008D5  A$main$19 |    000008D5  C$main.c$ |    000008D5  G$hasVali
     000008D5  _hasValid |    000008D7  A$main$19 |    000008D9  A$main$19
     000008D9  C$main.c$ |    000008DA  A$main$19 |    000008DB  A$main$19
     000008DD  A$main$19 |    000008E0  A$main$19 |    000008E2  A$main$19
     000008E5  A$main$19 |    000008E7  A$main$19 |    000008E8  A$main$19
     000008E9  A$main$19 |    000008EA  A$main$19 |    000008EA  C$main.c$
     000008EC  A$main$19 |    000008ED  A$main$19 |    000008EE  A$main$19
     000008F0  A$main$19 |    000008F3  A$main$19 |    000008F5  A$main$19
     000008F8  A$main$19 |    000008FA  A$main$19 |    000008FB  A$main$19
     000008FC  A$main$19 |    000008FD  A$main$19 |    000008FD  C$main.c$
     000008FE  A$main$19 |    00000900  A$main$19 |    00000901  A$main$19
     00000902  A$main$19 |    00000904  A$main$19 |    00000905  A$main$19
     00000907  A$main$19 |    00000908  A$main$20 |    0000090A  A$main$20
     0000090B  A$main$20 |    0000090D  A$main$20 |    0000090E  A$main$20
     00000910  A$main$20 |    00000912  A$main$20 |    00000914  A$main$20
     00000916  A$main$20 |    00000917  A$main$20 |    00000919  A$main$20
     0000091B  A$main$20 |    0000091D  A$main$20 |    0000091E  A$main$20
     00000921  A$main$20 |    00000921  C$main.c$ |    00000923  A$main$20
ASxxxx Linker V03.00 + NoICE + sdld,  page 12.
Hexadecimal  [32-Bits]

Area                       Addr        Size        Decimal Bytes (Attributes)
--------------------       ----        ----        ------- ----- ------------
_CODE                  00000200    00000F2C =        3884. bytes (REL,CON)

        Value  Global            Value  Global            Value  Global    
        -----  ------            -----  ------            -----  ------    
     00000924  A$main$20 |    00000925  A$main$20 |    00000926  A$main$20
     00000927  A$main$20 |    00000928  A$main$20 |    00000929  A$main$20
     0000092A  A$main$20 |    0000092B  A$main$20 |    0000092C  A$main$20
     0000092E  A$main$20 |    0000092F  A$main$20 |    00000930  A$main$20
     00000931  A$main$20 |    00000932  A$main$20 |    00000933  A$main$20
     00000934  A$main$20 |    00000936  A$main$20 |    00000937  A$main$20
     00000938  A$main$20 |    00000939  A$main$20 |    0000093B  A$main$20
     0000093C  A$main$20 |    0000093D  A$main$20 |    0000093E  A$main$20
     0000093F  A$main$20 |    00000940  A$main$20 |    00000941  A$main$20
     00000942  A$main$20 |    00000943  A$main$20 |    00000944  A$main$20
     00000946  A$main$20 |    00000947  A$main$20 |    00000948  A$main$20
     00000949  A$main$20 |    0000094B  A$main$20 |    0000094C  A$main$20
     0000094D  A$main$20 |    0000094E  A$main$20 |    0000094F  A$main$20
     00000950  A$main$20 |    00000952  A$main$20 |    00000953  A$main$20
     00000955  A$main$20 |    00000956  A$main$20 |    00000957  A$main$20
     00000958  A$main$20 |    00000959  A$main$20 |    0000095A  A$main$20
     0000095B  A$main$20 |    0000095D  A$main$20 |    0000095E  A$main$20
     0000095F  A$main$20 |    00000960  A$main$20 |    00000961  A$main$20
     00000962  A$main$20 |    00000963  A$main$20 |    00000964  A$main$20
     00000965  A$main$20 |    00000966  A$main$20 |    00000967  A$main$20
     00000968  A$main$20 |    00000969  A$main$20 |    0000096C  A$main$20
     0000096E  A$main$20 |    00000970  A$main$20 |    00000972  A$main$20
     00000973  A$main$20 |    00000974  A$main$20 |    00000975  A$main$20
     00000976  A$main$20 |    00000977  A$main$20 |    00000979  A$main$20
     0000097C  A$main$20 |    0000097D  A$main$20 |    0000097E  A$main$20
     0000097F  A$main$20 |    00000980  A$main$21 |    00000982  A$main$21
     00000984  A$main$21 |    00000985  A$main$21 |    00000986  A$main$21
     00000987  A$main$21 |    00000988  A$main$21 |    00000989  A$main$21
     0000098B  A$main$21 |    0000098D  A$main$21 |    0000098F  A$main$21
     00000990  A$main$21 |    00000991  A$main$21 |    00000992  A$main$21
     00000993  A$main$21 |    00000994  A$main$21 |    00000995  A$main$21
     00000996  A$main$21 |    00000998  A$main$21 |    00000999  A$main$21
     0000099B  A$main$21 |    0000099C  A$main$21 |    0000099D  A$main$21
     0000099F  A$main$21 |    000009A0  A$main$21 |    000009A1  A$main$21
     000009A2  A$main$21 |    000009A3  A$main$21 |    000009A5  A$main$21
     000009A7  A$main$21 |    000009A8  A$main$21 |    000009A9  A$main$21
     000009AA  A$main$21 |    000009AB  A$main$21 |    000009AD  A$main$21
     000009AF  A$main$21 |    000009B2  A$main$21 |    000009B3  A$main$21
     000009B5  A$main$21 |    000009B6  A$main$21 |    000009B7  A$main$21
     000009B8  A$main$21 |    000009B9  A$main$21 |    000009BB  A$main$21
     000009BC  A$main$21 |    000009BD  A$main$21 |    000009C0  A$main$21
     000009C1  A$main$21 |    000009C2  A$main$21 |    000009C3  A$main$21
     000009C6  A$main$21 |    000009C6  C$main.c$ |    000009C8  A$main$21
     000009C9  A$main$21 |    000009CA  A$main$21 |    000009CB  A$main$21
     000009CC  A$main$21 |    000009CE  A$main$21 |    000009CF  A$main$21
     000009D1  A$main$21 |    000009D2  A$main$21 |    000009D3  A$main$21
     000009D4  A$main$21 |    000009D5  A$main$21 |    000009D6  A$main$21
     000009D7  A$main$21 |    000009D9  A$main$21 |    000009DA  A$main$21
     000009DB  A$main$21 |    000009DC  A$main$21 |    000009DD  A$main$21
     000009DE  A$main$21 |    000009DF  A$main$21 |    000009E0  A$main$21
     000009E1  A$main$21 |    000009E2  A$main$21 |    000009E3  A$main$21
ASxxxx Linker V03.00 + NoICE + sdld,  page 13.
Hexadecimal  [32-Bits]

Area                       Addr        Size        Decimal Bytes (Attributes)
--------------------       ----        ----        ------- ----- ------------
_CODE                  00000200    00000F2C =        3884. bytes (REL,CON)

        Value  Global            Value  Global            Value  Global    
        -----  ------            -----  ------            -----  ------    
     000009E4  A$main$21 |    000009E5  A$main$22 |    000009E8  A$main$22
     000009EA  A$main$22 |    000009EC  A$main$22 |    000009EE  A$main$22
     000009EF  A$main$22 |    000009F0  A$main$22 |    000009F1  A$main$22
     000009F2  A$main$22 |    000009F3  A$main$22 |    000009F5  A$main$22
     000009F8  A$main$22 |    000009F9  A$main$22 |    000009FA  A$main$22
     000009FB  A$main$22 |    000009FC  A$main$22 |    000009FE  A$main$22
     00000A00  A$main$22 |    00000A01  A$main$22 |    00000A02  A$main$22
     00000A03  A$main$22 |    00000A04  A$main$22 |    00000A05  A$main$22
     00000A07  A$main$22 |    00000A09  A$main$22 |    00000A0B  A$main$22
     00000A0C  A$main$22 |    00000A0D  A$main$22 |    00000A0E  A$main$22
     00000A0F  A$main$22 |    00000A10  A$main$22 |    00000A11  A$main$22
     00000A12  A$main$22 |    00000A14  A$main$22 |    00000A17  A$main$22
     00000A18  A$main$22 |    00000A19  A$main$22 |    00000A1A  A$main$22
     00000A1B  A$main$22 |    00000A1D  A$main$22 |    00000A1F  A$main$22
     00000A20  A$main$22 |    00000A21  A$main$22 |    00000A22  A$main$22
     00000A23  A$main$22 |    00000A25  A$main$22 |    00000A27  A$main$22
     00000A2A  A$main$22 |    00000A2B  A$main$22 |    00000A2D  A$main$22
     00000A2E  A$main$22 |    00000A2F  A$main$22 |    00000A30  A$main$22
     00000A31  A$main$22 |    00000A33  A$main$22 |    00000A34  A$main$22
     00000A35  A$main$22 |    00000A38  A$main$22 |    00000A39  A$main$22
     00000A3A  A$main$22 |    00000A3B  A$main$22 |    00000A3E  A$main$22
     00000A3E  C$main.c$ |    00000A40  A$main$22 |    00000A41  A$main$22
     00000A42  A$main$22 |    00000A43  A$main$22 |    00000A44  A$main$22
     00000A46  A$main$22 |    00000A47  A$main$22 |    00000A49  A$main$22
     00000A4A  A$main$22 |    00000A4B  A$main$22 |    00000A4C  A$main$22
     00000A4D  A$main$22 |    00000A4E  A$main$22 |    00000A4F  A$main$22
     00000A51  A$main$22 |    00000A52  A$main$22 |    00000A53  A$main$23
     00000A54  A$main$23 |    00000A55  A$main$23 |    00000A56  A$main$23
     00000A57  A$main$23 |    00000A58  A$main$23 |    00000A59  A$main$23
     00000A5A  A$main$23 |    00000A5B  A$main$23 |    00000A5C  A$main$23
     00000A5D  A$main$23 |    00000A60  A$main$23 |    00000A62  A$main$23
     00000A64  A$main$23 |    00000A66  A$main$23 |    00000A67  A$main$23
     00000A68  A$main$23 |    00000A69  A$main$23 |    00000A6A  A$main$23
     00000A6B  A$main$23 |    00000A6D  A$main$23 |    00000A6E  A$main$23
     00000A70  A$main$23 |    00000A71  A$main$23 |    00000A72  A$main$23
     00000A74  A$main$23 |    00000A75  A$main$23 |    00000A76  A$main$23
     00000A77  A$main$23 |    00000A78  A$main$23 |    00000A7A  A$main$23
     00000A7C  A$main$23 |    00000A7D  A$main$23 |    00000A7E  A$main$23
     00000A7F  A$main$23 |    00000A80  A$main$23 |    00000A81  A$main$23
     00000A83  A$main$23 |    00000A85  A$main$23 |    00000A87  A$main$23
     00000A88  A$main$23 |    00000A89  A$main$23 |    00000A8A  A$main$23
     00000A8B  A$main$23 |    00000A8C  A$main$23 |    00000A8D  A$main$23
     00000A8E  A$main$23 |    00000A90  A$main$23 |    00000A91  A$main$23
     00000A93  A$main$23 |    00000A94  A$main$23 |    00000A95  A$main$23
     00000A97  A$main$23 |    00000A98  A$main$23 |    00000A99  A$main$23
     00000A9A  A$main$23 |    00000A9B  A$main$23 |    00000A9D  A$main$23
     00000A9F  A$main$23 |    00000AA0  A$main$23 |    00000AA1  A$main$23
     00000AA2  A$main$23 |    00000AA4  A$main$23 |    00000AA6  A$main$23
     00000AA9  A$main$23 |    00000AAA  A$main$23 |    00000AAC  A$main$23
     00000AAD  A$main$23 |    00000AAE  A$main$23 |    00000AAF  A$main$23
     00000AB0  A$main$23 |    00000AB2  A$main$23 |    00000AB3  A$main$23
ASxxxx Linker V03.00 + NoICE + sdld,  page 14.
Hexadecimal  [32-Bits]

Area                       Addr        Size        Decimal Bytes (Attributes)
--------------------       ----        ----        ------- ----- ------------
_CODE                  00000200    00000F2C =        3884. bytes (REL,CON)

        Value  Global            Value  Global            Value  Global    
        -----  ------            -----  ------            -----  ------    
     00000AB4  A$main$23 |    00000AB7  A$main$23 |    00000AB8  A$main$23
     00000AB9  A$main$23 |    00000ABA  A$main$23 |    00000ABD  A$main$24
     00000ABD  C$main.c$ |    00000ABF  A$main$24 |    00000AC0  A$main$24
     00000AC1  A$main$24 |    00000AC2  A$main$24 |    00000AC3  A$main$24
     00000AC5  A$main$24 |    00000AC6  A$main$24 |    00000AC8  A$main$24
     00000AC9  A$main$24 |    00000ACA  A$main$24 |    00000ACB  A$main$24
     00000ACC  A$main$24 |    00000ACD  A$main$24 |    00000ACE  A$main$24
     00000AD0  A$main$24 |    00000AD1  A$main$24 |    00000AD2  A$main$24
     00000AD3  A$main$24 |    00000AD4  A$main$24 |    00000AD5  A$main$24
     00000AD6  A$main$24 |    00000AD7  A$main$24 |    00000AD8  A$main$24
     00000AD9  A$main$24 |    00000ADA  A$main$24 |    00000ADB  A$main$24
     00000ADC  A$main$24 |    00000ADF  A$main$24 |    00000AE1  A$main$24
     00000AE4  A$main$24 |    00000AE6  A$main$24 |    00000AE7  A$main$24
     00000AE8  A$main$24 |    00000AE9  A$main$24 |    00000AEA  A$main$24
     00000AEB  A$main$24 |    00000AED  A$main$24 |    00000AEE  A$main$24
     00000AF0  A$main$24 |    00000AF1  A$main$24 |    00000AF2  A$main$24
     00000AF4  A$main$24 |    00000AF5  A$main$24 |    00000AF6  A$main$24
     00000AF7  A$main$24 |    00000AF8  A$main$24 |    00000AF9  A$main$24
     00000AFA  A$main$24 |    00000AFB  A$main$24 |    00000AFD  A$main$24
     00000AFE  A$main$24 |    00000B00  A$main$24 |    00000B01  A$main$24
     00000B03  A$main$24 |    00000B04  A$main$24 |    00000B06  A$main$24
     00000B07  A$main$24 |    00000B09  A$main$24 |    00000B0B  A$main$24
     00000B0D  A$main$24 |    00000B0E  A$main$24 |    00000B0F  A$main$24
     00000B10  A$main$24 |    00000B11  A$main$24 |    00000B12  A$main$24
     00000B13  A$main$24 |    00000B14  A$main$24 |    00000B16  A$main$24
     00000B17  A$main$24 |    00000B18  A$main$24 |    00000B19  A$main$24
     00000B1B  A$main$24 |    00000B1C  A$main$24 |    00000B1E  A$main$24
     00000B1F  A$main$24 |    00000B20  A$main$24 |    00000B21  A$main$24
     00000B22  A$main$24 |    00000B23  A$main$24 |    00000B25  A$main$24
     00000B27  A$main$24 |    00000B28  A$main$24 |    00000B2A  A$main$24
     00000B2B  A$main$24 |    00000B2C  A$main$24 |    00000B2D  A$main$24
     00000B2E  A$main$24 |    00000B2F  A$main$24 |    00000B31  A$main$24
     00000B34  A$main$24 |    00000B35  A$main$24 |    00000B36  A$main$24
     00000B37  A$main$24 |    00000B38  A$main$24 |    00000B3A  A$main$24
     00000B3B  A$main$24 |    00000B3C  A$main$24 |    00000B3D  A$main$24
     00000B3F  A$main$25 |    00000B40  A$main$25 |    00000B41  A$main$25
     00000B42  A$main$25 |    00000B43  A$main$25 |    00000B44  A$main$25
     00000B45  A$main$25 |    00000B46  A$main$25 |    00000B47  A$main$25
     00000B49  A$main$25 |    00000B4B  A$main$25 |    00000B4C  A$main$25
     00000B4D  A$main$25 |    00000B4E  A$main$25 |    00000B4F  A$main$25
     00000B50  A$main$25 |    00000B51  A$main$25 |    00000B52  A$main$25
     00000B53  A$main$25 |    00000B54  A$main$25 |    00000B56  A$main$25
     00000B57  A$main$25 |    00000B58  A$main$25 |    00000B59  A$main$25
     00000B5B  A$main$25 |    00000B5C  A$main$25 |    00000B5E  A$main$25
     00000B5F  A$main$25 |    00000B60  A$main$25 |    00000B61  A$main$25
     00000B63  A$main$25 |    00000B65  A$main$25 |    00000B68  A$main$25
     00000B69  A$main$25 |    00000B6B  A$main$25 |    00000B6C  A$main$25
     00000B6D  A$main$25 |    00000B6E  A$main$25 |    00000B6F  A$main$25
     00000B70  A$main$25 |    00000B71  A$main$25 |    00000B72  A$main$25
     00000B75  A$main$25 |    00000B76  A$main$25 |    00000B77  A$main$25
     00000B78  A$main$25 |    00000B7A  A$main$25 |    00000B7A  C$main.c$
ASxxxx Linker V03.00 + NoICE + sdld,  page 15.
Hexadecimal  [32-Bits]

Area                       Addr        Size        Decimal Bytes (Attributes)
--------------------       ----        ----        ------- ----- ------------
_CODE                  00000200    00000F2C =        3884. bytes (REL,CON)

        Value  Global            Value  Global            Value  Global    
        -----  ------            -----  ------            -----  ------    
     00000B7C  A$main$25 |    00000B7E  A$main$25 |    00000B7E  C$main.c$
     00000B80  A$main$25 |    00000B81  A$main$25 |    00000B84  A$main$25
     00000B85  A$main$25 |    00000B86  A$main$25 |    00000B89  A$main$25
     00000B89  C$main.c$ |    00000B8A  A$main$25 |    00000B8C  A$main$25
     00000B8C  C$main.c$ |    00000B8C  XG$hasVal |    00000B8D  A$main$25
     00000B8D  C$main.c$ |    00000B8D  G$hasVali |    00000B8D  _hasValid
     00000B8F  A$main$25 |    00000B91  A$main$25 |    00000B92  A$main$25
     00000B93  A$main$25 |    00000B94  A$main$25 |    00000B96  A$main$25
     00000B97  A$main$25 |    00000B98  A$main$25 |    00000B99  A$main$25
     00000B99  C$main.c$ |    00000B9C  A$main$26 |    00000B9E  A$main$26
     00000B9F  A$main$26 |    00000BA0  A$main$26 |    00000BA1  A$main$26
     00000BA2  A$main$26 |    00000BA3  A$main$26 |    00000BA4  A$main$26
     00000BA5  A$main$26 |    00000BA6  A$main$26 |    00000BA8  A$main$26
     00000BAA  A$main$26 |    00000BAC  A$main$26 |    00000BAE  A$main$26
     00000BAF  A$main$26 |    00000BB1  A$main$26 |    00000BB3  A$main$26
     00000BB5  A$main$26 |    00000BB6  A$main$26 |    00000BB9  A$main$26
     00000BB9  C$main.c$ |    00000BBA  A$main$26 |    00000BBB  A$main$26
     00000BBC  A$main$26 |    00000BBD  A$main$26 |    00000BBE  A$main$26
     00000BBF  A$main$26 |    00000BC1  A$main$26 |    00000BC2  A$main$26
     00000BC3  A$main$26 |    00000BC4  A$main$26 |    00000BC6  A$main$26
     00000BC7  A$main$26 |    00000BC8  A$main$26 |    00000BC9  A$main$26
     00000BCA  A$main$26 |    00000BCC  A$main$26 |    00000BCD  A$main$26
     00000BCE  A$main$26 |    00000BCF  A$main$26 |    00000BD0  A$main$26
     00000BD1  A$main$26 |    00000BD2  A$main$26 |    00000BD3  A$main$26
     00000BD4  A$main$26 |    00000BD5  A$main$26 |    00000BD6  A$main$26
     00000BD7  A$main$26 |    00000BD8  A$main$26 |    00000BD9  A$main$26
     00000BDA  A$main$26 |    00000BDC  A$main$26 |    00000BDD  A$main$26
     00000BDE  A$main$26 |    00000BDF  A$main$26 |    00000BE1  A$main$26
     00000BE2  A$main$26 |    00000BE3  A$main$26 |    00000BE4  A$main$26
     00000BE5  A$main$26 |    00000BE6  A$main$26 |    00000BE7  A$main$26
     00000BE9  A$main$26 |    00000BEA  A$main$26 |    00000BEB  A$main$26
     00000BEC  A$main$26 |    00000BED  A$main$26 |    00000BEF  A$main$26
     00000BF0  A$main$26 |    00000BF1  A$main$26 |    00000BF2  A$main$26
     00000BF4  A$main$26 |    00000BF5  A$main$26 |    00000BF6  A$main$26
     00000BF7  A$main$26 |    00000BF9  A$main$26 |    00000BFA  A$main$26
     00000BFB  A$main$26 |    00000BFE  A$main$26 |    00000BFF  A$main$26
     00000C00  A$main$26 |    00000C02  A$main$26 |    00000C04  A$main$26
     00000C04  C$main.c$ |    00000C06  A$main$26 |    00000C07  A$main$26
     00000C08  A$main$26 |    00000C09  A$main$26 |    00000C0A  A$main$26
     00000C0B  A$main$26 |    00000C0D  A$main$26 |    00000C0E  A$main$26
     00000C0F  A$main$26 |    00000C10  A$main$27 |    00000C11  A$main$27
     00000C13  A$main$27 |    00000C14  A$main$27 |    00000C15  A$main$27
     00000C16  A$main$27 |    00000C18  A$main$27 |    00000C19  A$main$27
     00000C1A  A$main$27 |    00000C1B  A$main$27 |    00000C1D  A$main$27
     00000C1E  A$main$27 |    00000C1F  A$main$27 |    00000C22  A$main$27
     00000C23  A$main$27 |    00000C24  A$main$27 |    00000C26  A$main$27
     00000C28  A$main$27 |    00000C28  C$main.c$ |    00000C2A  A$main$27
     00000C2B  A$main$27 |    00000C2C  A$main$27 |    00000C2D  A$main$27
     00000C2E  A$main$27 |    00000C2F  A$main$27 |    00000C31  A$main$27
     00000C32  A$main$27 |    00000C33  A$main$27 |    00000C34  A$main$27
     00000C35  A$main$27 |    00000C37  A$main$27 |    00000C38  A$main$27
ASxxxx Linker V03.00 + NoICE + sdld,  page 16.
Hexadecimal  [32-Bits]

Area                       Addr        Size        Decimal Bytes (Attributes)
--------------------       ----        ----        ------- ----- ------------
_CODE                  00000200    00000F2C =        3884. bytes (REL,CON)

        Value  Global            Value  Global            Value  Global    
        -----  ------            -----  ------            -----  ------    
     00000C39  A$main$27 |    00000C3A  A$main$27 |    00000C3C  A$main$27
     00000C3D  A$main$27 |    00000C3E  A$main$27 |    00000C3F  A$main$27
     00000C41  A$main$27 |    00000C42  A$main$27 |    00000C43  A$main$27
     00000C46  A$main$27 |    00000C47  A$main$27 |    00000C48  A$main$27
     00000C4A  A$main$27 |    00000C4C  A$main$27 |    00000C4C  C$main.c$
     00000C4E  A$main$27 |    00000C4F  A$main$27 |    00000C50  A$main$27
     00000C51  A$main$27 |    00000C52  A$main$27 |    00000C53  A$main$27
     00000C55  A$main$27 |    00000C56  A$main$27 |    00000C57  A$main$27
     00000C58  A$main$27 |    00000C59  A$main$27 |    00000C5B  A$main$27
     00000C5C  A$main$27 |    00000C5D  A$main$27 |    00000C5E  A$main$27
     00000C60  A$main$27 |    00000C61  A$main$27 |    00000C62  A$main$27
     00000C63  A$main$27 |    00000C65  A$main$27 |    00000C66  A$main$27
     00000C67  A$main$27 |    00000C6A  A$main$27 |    00000C6B  A$main$27
     00000C6C  A$main$27 |    00000C6E  A$main$27 |    00000C70  A$main$27
     00000C70  C$main.c$ |    00000C72  A$main$27 |    00000C74  A$main$27
     00000C74  C$main.c$ |    00000C75  A$main$27 |    00000C78  A$main$27
     00000C78  C$main.c$ |    00000C79  A$main$27 |    00000C79  C$main.c$
     00000C7B  A$main$27 |    00000C7C  A$main$28 |    00000C7D  A$main$28
     00000C7E  A$main$28 |    00000C7E  C$main.c$ |    00000C7E  G$main$0$
     00000C7E  _main     |    00000C80  A$main$28 |    00000C80  C$main.c$
     00000C83  A$main$28 |    00000C83  C$main.c$ |    00000C86  A$main$28
     00000C86  C$main.c$ |    00000C89  A$main$28 |    00000C89  C$main.c$
     00000C8C  A$main$28 |    00000C8C  C$main.c$ |    00000C8F  A$main$28
     00000C8F  C$main.c$ |    00000C92  A$main$28 |    00000C92  C$main.c$
     00000C94  A$main$28 |    00000C96  A$main$28 |    00000C98  A$main$28
     00000C98  C$main.c$ |    00000C9A  A$main$28 |    00000C9C  A$main$28
     00000C9E  A$main$28 |    00000C9E  C$main.c$ |    00000CA0  A$main$28
     00000CA2  A$main$28 |    00000CA4  A$main$28 |    00000CA4  C$main.c$
     00000CA4  C$main.c$ |    00000CA7  A$main$28 |    00000CAA  A$main$28
     00000CAB  A$main$28 |    00000CAB  C$main.c$ |    00000CAC  A$main$28
     00000CAF  A$main$28 |    00000CB0  A$main$28 |    00000CB2  A$main$28
     00000CB2  C$main.c$ |    00000CB3  A$main$28 |    00000CB6  A$main$28
     00000CB7  A$main$28 |    00000CB8  A$main$28 |    00000CB8  C$main.c$
     00000CBB  A$main$28 |    00000CBE  A$main$28 |    00000CC0  A$main$28
     00000CC0  C$main.c$ |    00000CC3  A$main$28 |    00000CC4  A$main$28
     00000CC6  A$main$28 |    00000CC7  A$main$28 |    00000CC9  A$main$28
     00000CCB  A$main$28 |    00000CCB  C$main.c$ |    00000CCC  A$main$28
     00000CCD  A$main$28 |    00000CCF  A$main$29 |    00000CD0  A$main$29
     00000CD1  A$main$29 |    00000CD3  A$main$29 |    00000CD4  A$main$29
     00000CD4  C$main.c$ |    00000CD6  A$main$29 |    00000CD6  C$main.c$
     00000CD9  A$main$29 |    00000CD9  C$main.c$ |    00000CDC  A$main$29
     00000CDE  A$main$29 |    00000CE1  A$main$29 |    00000CE1  C$main.c$
     00000CE4  A$main$29 |    00000CE6  A$main$29 |    00000CE9  A$main$29
     00000CE9  C$main.c$ |    00000CEC  A$main$29 |    00000CED  A$main$29
     00000CEF  A$main$29 |    00000CF2  A$main$29 |    00000CF4  A$main$29
     00000CF5  A$main$29 |    00000CF8  A$main$29 |    00000CFA  A$main$29
     00000CFB  A$main$29 |    00000CFC  A$main$29 |    00000CFD  A$main$29
     00000D00  A$main$29 |    00000D00  C$main.c$ |    00000D03  A$main$29
     00000D04  A$main$29 |    00000D06  A$main$29 |    00000D07  A$main$29
     00000D09  A$main$29 |    00000D0A  A$main$29 |    00000D0C  A$main$29
     00000D0E  A$main$29 |    00000D10  A$main$29 |    00000D12  A$main$29
ASxxxx Linker V03.00 + NoICE + sdld,  page 17.
Hexadecimal  [32-Bits]

Area                       Addr        Size        Decimal Bytes (Attributes)
--------------------       ----        ----        ------- ----- ------------
_CODE                  00000200    00000F2C =        3884. bytes (REL,CON)

        Value  Global            Value  Global            Value  Global    
        -----  ------            -----  ------            -----  ------    
     00000D14  A$main$29 |    00000D15  A$main$29 |    00000D17  A$main$29
     00000D19  A$main$29 |    00000D1B  A$main$29 |    00000D1C  A$main$29
     00000D1E  A$main$29 |    00000D1F  A$main$29 |    00000D20  A$main$29
     00000D20  C$main.c$ |    00000D23  A$main$29 |    00000D24  A$main$29
     00000D26  A$main$29 |    00000D26  C$main.c$ |    00000D29  A$main$29
     00000D2A  A$main$29 |    00000D2C  A$main$29 |    00000D2D  A$main$29
     00000D2F  A$main$29 |    00000D30  A$main$29 |    00000D32  A$main$29
     00000D34  A$main$29 |    00000D36  A$main$29 |    00000D38  A$main$29
     00000D3A  A$main$29 |    00000D3B  A$main$29 |    00000D3D  A$main$29
     00000D3F  A$main$29 |    00000D41  A$main$29 |    00000D42  A$main$29
     00000D44  A$main$29 |    00000D45  A$main$29 |    00000D46  A$main$29
     00000D48  A$main$29 |    00000D48  C$main.c$ |    00000D4B  A$main$29
     00000D4D  A$main$30 |    00000D4F  A$main$30 |    00000D4F  C$main.c$
     00000D51  A$main$30 |    00000D53  A$main$30 |    00000D56  A$main$30
     00000D57  A$main$30 |    00000D59  A$main$30 |    00000D5A  A$main$30
     00000D5C  A$main$30 |    00000D5D  A$main$30 |    00000D5F  A$main$30
     00000D61  A$main$30 |    00000D63  A$main$30 |    00000D65  A$main$30
     00000D67  A$main$30 |    00000D68  A$main$30 |    00000D6A  A$main$30
     00000D6C  A$main$30 |    00000D6E  A$main$30 |    00000D6F  A$main$30
     00000D71  A$main$30 |    00000D71  C$main.c$ |    00000D74  A$main$30
     00000D76  A$main$30 |    00000D76  C$main.c$ |    00000D79  A$main$30
     00000D7B  A$main$30 |    00000D7E  A$main$30 |    00000D7E  C$main.c$
     00000D81  A$main$30 |    00000D84  A$main$30 |    00000D84  C$main.c$
     00000D87  A$main$30 |    00000D8A  A$main$30 |    00000D8A  C$main.c$
     00000D8D  A$main$30 |    00000D90  A$main$30 |    00000D92  A$main$30
     00000D94  A$main$30 |    00000D95  A$main$30 |    00000D98  A$main$30
     00000D9A  A$main$30 |    00000D9B  A$main$30 |    00000D9C  A$main$30
     00000D9D  A$main$30 |    00000D9F  A$main$30 |    00000DA0  A$main$30
     00000DA3  A$main$30 |    00000DA5  A$main$30 |    00000DA6  A$main$30
     00000DA7  A$main$30 |    00000DA8  A$main$30 |    00000DA9  A$main$30
     00000DAA  A$main$30 |    00000DAB  A$main$30 |    00000DAD  A$main$30
     00000DAE  A$main$30 |    00000DB0  A$main$30 |    00000DB1  A$main$30
     00000DB3  A$main$30 |    00000DB4  A$main$30 |    00000DB6  A$main$30
     00000DB8  A$main$30 |    00000DBA  A$main$30 |    00000DBB  A$main$30
     00000DBD  A$main$30 |    00000DBE  A$main$30 |    00000DC0  A$main$30
     00000DC1  A$main$30 |    00000DC2  A$main$30 |    00000DC3  A$main$30
     00000DC4  A$main$30 |    00000DC7  A$main$30 |    00000DC8  A$main$30
     00000DC9  A$main$30 |    00000DCA  A$main$30 |    00000DCC  A$main$30
     00000DCD  A$main$30 |    00000DCE  A$main$30 |    00000DCF  A$main$31
     00000DD1  A$main$31 |    00000DD2  A$main$31 |    00000DD3  A$main$31
     00000DD4  A$main$31 |    00000DD5  A$main$31 |    00000DD7  A$main$31
     00000DD8  A$main$31 |    00000DD9  A$main$31 |    00000DDA  A$main$31
     00000DDB  A$main$31 |    00000DDC  A$main$31 |    00000DDD  A$main$31
     00000DDE  A$main$31 |    00000DDF  A$main$31 |    00000DE0  A$main$31
     00000DE1  A$main$31 |    00000DE2  A$main$31 |    00000DE2  C$main.c$
     00000DE5  A$main$31 |    00000DE7  A$main$31 |    00000DEA  A$main$31
     00000DEA  C$main.c$ |    00000DED  A$main$31 |    00000DEE  A$main$31
     00000DF0  A$main$31 |    00000DF2  A$main$31 |    00000DF4  A$main$31
     00000DF5  A$main$31 |    00000DF7  A$main$31 |    00000DF9  A$main$31
     00000DFB  A$main$31 |    00000DFD  A$main$31 |    00000DFE  A$main$31
     00000E00  A$main$31 |    00000E02  A$main$31 |    00000E03  A$main$31
ASxxxx Linker V03.00 + NoICE + sdld,  page 18.
Hexadecimal  [32-Bits]

Area                       Addr        Size        Decimal Bytes (Attributes)
--------------------       ----        ----        ------- ----- ------------
_CODE                  00000200    00000F2C =        3884. bytes (REL,CON)

        Value  Global            Value  Global            Value  Global    
        -----  ------            -----  ------            -----  ------    
     00000E05  A$main$31 |    00000E06  A$main$31 |    00000E08  A$main$31
     00000E09  A$main$31 |    00000E0B  A$main$31 |    00000E0C  A$main$31
     00000E0C  C$main.c$ |    00000E0F  A$main$31 |    00000E10  A$main$31
     00000E12  A$main$31 |    00000E14  A$main$31 |    00000E16  A$main$31
     00000E17  A$main$31 |    00000E19  A$main$31 |    00000E1B  A$main$31
     00000E1D  A$main$31 |    00000E1F  A$main$31 |    00000E20  A$main$31
     00000E22  A$main$31 |    00000E24  A$main$31 |    00000E25  A$main$31
     00000E27  A$main$31 |    00000E28  A$main$31 |    00000E2A  A$main$31
     00000E2B  A$main$31 |    00000E2D  A$main$31 |    00000E2E  A$main$31
     00000E2E  C$main.c$ |    00000E31  A$main$31 |    00000E33  A$main$31
     00000E34  A$main$31 |    00000E35  A$main$31 |    00000E36  A$main$31
     00000E37  A$main$31 |    00000E38  A$main$31 |    00000E39  A$main$31
     00000E3C  A$main$31 |    00000E3D  A$main$31 |    00000E3E  A$main$31
     00000E3F  A$main$31 |    00000E40  A$main$31 |    00000E41  A$main$31
     00000E43  A$main$31 |    00000E44  A$main$31 |    00000E45  A$main$31
     00000E48  A$main$31 |    00000E49  A$main$31 |    00000E4A  A$main$31
     00000E4B  A$main$31 |    00000E4C  A$main$31 |    00000E4D  A$main$32
     00000E4E  A$main$32 |    00000E4F  A$main$32 |    00000E50  A$main$32
     00000E51  A$main$32 |    00000E53  A$main$32 |    00000E54  A$main$32
     00000E55  A$main$32 |    00000E56  A$main$32 |    00000E58  A$main$32
     00000E59  A$main$32 |    00000E5A  A$main$32 |    00000E5B  A$main$32
     00000E5C  A$main$32 |    00000E5D  A$main$32 |    00000E5E  A$main$32
     00000E5F  A$main$32 |    00000E60  A$main$32 |    00000E61  A$main$32
     00000E63  A$main$32 |    00000E64  A$main$32 |    00000E65  A$main$32
     00000E66  A$main$32 |    00000E68  A$main$32 |    00000E69  A$main$32
     00000E6A  A$main$32 |    00000E6B  A$main$32 |    00000E6C  A$main$32
     00000E6D  A$main$32 |    00000E6E  A$main$32 |    00000E6F  A$main$32
     00000E70  A$main$32 |    00000E71  A$main$32 |    00000E73  A$main$32
     00000E74  A$main$32 |    00000E75  A$main$32 |    00000E76  A$main$32
     00000E77  A$main$32 |    00000E78  A$main$32 |    00000E79  A$main$32
     00000E7A  A$main$32 |    00000E7B  A$main$32 |    00000E7C  A$main$32
     00000E7D  A$main$32 |    00000E7E  A$main$32 |    00000E7F  A$main$32
     00000E80  A$main$32 |    00000E81  A$main$32 |    00000E82  A$main$32
     00000E83  A$main$32 |    00000E84  A$main$32 |    00000E86  A$main$32
     00000E87  A$main$32 |    00000E88  A$main$32 |    00000E89  A$main$32
     00000E8B  A$main$32 |    00000E8C  A$main$32 |    00000E8E  A$main$32
     00000E8F  A$main$32 |    00000E91  A$main$32 |    00000E92  A$main$32
     00000E92  C$main.c$ |    00000E95  A$main$32 |    00000E97  A$main$32
     00000E98  A$main$32 |    00000E99  A$main$32 |    00000E9A  A$main$32
     00000E9B  A$main$32 |    00000E9C  A$main$32 |    00000E9D  A$main$32
     00000EA0  A$main$32 |    00000EA1  A$main$32 |    00000EA2  A$main$32
     00000EA3  A$main$32 |    00000EA4  A$main$32 |    00000EA5  A$main$32
     00000EA7  A$main$32 |    00000EA8  A$main$32 |    00000EA9  A$main$32
     00000EAB  A$main$32 |    00000EAC  A$main$32 |    00000EAD  A$main$32
     00000EAE  A$main$32 |    00000EAF  A$main$32 |    00000EB0  A$main$32
     00000EB1  A$main$32 |    00000EB2  A$main$32 |    00000EB3  A$main$32
     00000EB5  A$main$32 |    00000EB6  A$main$32 |    00000EB7  A$main$32
     00000EB8  A$main$32 |    00000EBA  A$main$32 |    00000EBB  A$main$32
     00000EBC  A$main$32 |    00000EBD  A$main$32 |    00000EBE  A$main$32
     00000EBF  A$main$32 |    00000EC0  A$main$33 |    00000EC1  A$main$33
     00000EC3  A$main$33 |    00000EC4  A$main$33 |    00000EC5  A$main$33
ASxxxx Linker V03.00 + NoICE + sdld,  page 19.
Hexadecimal  [32-Bits]

Area                       Addr        Size        Decimal Bytes (Attributes)
--------------------       ----        ----        ------- ----- ------------
_CODE                  00000200    00000F2C =        3884. bytes (REL,CON)

        Value  Global            Value  Global            Value  Global    
        -----  ------            -----  ------            -----  ------    
     00000EC6  A$main$33 |    00000EC7  A$main$33 |    00000EC8  A$main$33
     00000EC9  A$main$33 |    00000ECA  A$main$33 |    00000ECB  A$main$33
     00000ECC  A$main$33 |    00000ECD  A$main$33 |    00000ECE  A$main$33
     00000ECF  A$main$33 |    00000ED0  A$main$33 |    00000ED1  A$main$33
     00000ED2  A$main$33 |    00000ED3  A$main$33 |    00000ED4  A$main$33
     00000ED6  A$main$33 |    00000ED7  A$main$33 |    00000ED8  A$main$33
     00000ED8  C$main.c$ |    00000EDA  A$main$33 |    00000EDB  A$main$33
     00000EDC  A$main$33 |    00000EDD  A$main$33 |    00000EDF  A$main$33
     00000EE0  A$main$33 |    00000EE1  A$main$33 |    00000EE2  A$main$33
     00000EE3  A$main$33 |    00000EE5  A$main$33 |    00000EE7  A$main$33
     00000EE8  A$main$33 |    00000EE9  A$main$33 |    00000EEA  A$main$33
     00000EEC  A$main$33 |    00000EED  A$main$33 |    00000EEE  A$main$33
     00000EEF  A$main$33 |    00000EF0  A$main$33 |    00000EF3  A$main$33
     00000EF3  C$main.c$ |    00000EF6  A$main$33 |    00000EF8  A$main$33
     00000EF9  A$main$33 |    00000EFC  A$main$33 |    00000EFE  A$main$33
     00000EFF  A$main$33 |    00000F02  A$main$33 |    00000F03  A$main$33
     00000F06  A$main$33 |    00000F07  A$main$33 |    00000F08  A$main$33
     00000F0B  A$main$33 |    00000F0C  A$main$33 |    00000F0D  A$main$33
     00000F0E  A$main$33 |    00000F11  A$main$33 |    00000F13  A$main$33
     00000F16  A$main$33 |    00000F16  C$main.c$ |    00000F19  A$main$33
     00000F1C  A$main$33 |    00000F1E  A$main$33 |    00000F21  A$main$33
     00000F21  C$main.c$ |    00000F23  A$main$33 |    00000F24  A$main$33
     00000F25  A$main$33 |    00000F26  A$main$33 |    00000F27  A$main$33
     00000F2A  A$main$33 |    00000F2B  A$main$33 |    00000F2C  A$main$33
     00000F2E  A$main$33 |    00000F2F  A$main$33 |    00000F31  A$main$33
     00000F33  A$main$33 |    00000F34  A$main$33 |    00000F35  A$main$33
     00000F36  A$main$33 |    00000F37  A$main$33 |    00000F3A  A$main$33
     00000F3B  A$main$34 |    00000F3C  A$main$34 |    00000F3E  A$main$34
     00000F3F  A$main$34 |    00000F42  A$main$34 |    00000F42  C$main.c$
     00000F45  A$main$34 |    00000F47  A$main$34 |    00000F49  A$main$34
     00000F4A  A$main$34 |    00000F4B  A$main$34 |    00000F4D  A$main$34
     00000F4E  A$main$34 |    00000F50  A$main$34 |    00000F51  A$main$34
     00000F53  A$main$34 |    00000F54  A$main$34 |    00000F56  A$main$34
     00000F58  A$main$34 |    00000F5A  A$main$34 |    00000F5B  A$main$34
     00000F5C  A$main$34 |    00000F5D  A$main$34 |    00000F5E  A$main$34
     00000F5F  A$main$34 |    00000F60  A$main$34 |    00000F61  A$main$34
     00000F62  A$main$34 |    00000F63  A$main$34 |    00000F65  A$main$34
     00000F66  A$main$34 |    00000F67  A$main$34 |    00000F68  A$main$34
     00000F6A  A$main$34 |    00000F6B  A$main$34 |    00000F6D  A$main$34
     00000F6E  A$main$34 |    00000F6F  A$main$34 |    00000F70  A$main$34
     00000F71  A$main$34 |    00000F73  A$main$34 |    00000F75  A$main$34
     00000F76  A$main$34 |    00000F77  A$main$34 |    00000F78  A$main$34
     00000F7B  A$main$34 |    00000F7D  A$main$34 |    00000F7F  A$main$34
     00000F80  A$main$34 |    00000F82  A$main$34 |    00000F83  A$main$34
     00000F85  A$main$34 |    00000F86  A$main$34 |    00000F88  A$main$34
     00000F89  A$main$34 |    00000F8B  A$main$34 |    00000F8C  A$main$34
     00000F8E  A$main$34 |    00000F90  A$main$34 |    00000F92  A$main$34
     00000F93  A$main$34 |    00000F94  A$main$34 |    00000F95  A$main$34
     00000F96  A$main$34 |    00000F97  A$main$34 |    00000F98  A$main$34
     00000F99  A$main$34 |    00000F9A  A$main$34 |    00000F9B  A$main$34
     00000F9D  A$main$34 |    00000F9E  A$main$34 |    00000F9F  A$main$34
ASxxxx Linker V03.00 + NoICE + sdld,  page 20.
Hexadecimal  [32-Bits]

Area                       Addr        Size        Decimal Bytes (Attributes)
--------------------       ----        ----        ------- ----- ------------
_CODE                  00000200    00000F2C =        3884. bytes (REL,CON)

        Value  Global            Value  Global            Value  Global    
        -----  ------            -----  ------            -----  ------    
     00000FA0  A$main$34 |    00000FA2  A$main$34 |    00000FA3  A$main$34
     00000FA5  A$main$34 |    00000FA7  A$main$34 |    00000FA8  A$main$34
     00000FAA  A$main$34 |    00000FAB  A$main$34 |    00000FAC  A$main$34
     00000FAD  A$main$34 |    00000FAE  A$main$34 |    00000FAF  A$main$34
     00000FB0  A$main$34 |    00000FB1  A$main$34 |    00000FB4  A$main$34
     00000FB5  A$main$34 |    00000FB7  A$main$34 |    00000FB8  A$main$34
     00000FB9  A$main$34 |    00000FBA  A$main$34 |    00000FBB  A$main$34
     00000FBD  A$main$34 |    00000FBE  A$main$34 |    00000FC0  A$main$35
     00000FC1  A$main$35 |    00000FC4  A$main$35 |    00000FC4  C$main.c$
     00000FC5  A$main$35 |    00000FC6  A$main$35 |    00000FC7  A$main$35
     00000FCA  A$main$35 |    00000FCA  C$main.c$ |    00000FCB  A$main$35
[...]
     000010CA  A$main$37 |    000010CB  A$main$37 |    000010CC  A$main$37
     000010CE  A$main$37 |    000010CF  A$main$37 |    000010D2  A$main$37
     000010D4  A$main$37 |    000010D5  A$main$37 |    000010D6  A$main$37
     000010D8  A$main$37 |    000010D9  A$main$37 |    000010DA  A$main$37
     000010DB  A$main$37 |    000010DC  A$main$37 |    000010DD  A$main$37
     000010DD  C$main.c$ |    000010E0  A$main$37 |    000010E1  A$main$37
     000010E2  A$main$37 |    000010E5  A$main$37 |    000010E7  A$main$37
     000010E8  A$main$37 |    000010E9  A$main$37 |    000010EA  A$main$37
     000010ED  A$main$37 |    000010ED  C$main.c$ |    000010F0  A$main$37
     000010F1  A$main$37 |    000010F2  A$main$37 |    000010F4  A$main$37
     000010F4  C$main.c$ |    000010F6  A$main$37 |    000010F8  A$main$37
     000010F8  C$main.c$ |    000010FB  A$main$37 |    000010FD  A$main$37
     000010FD  C$main.c$ |    00001100  A$main$38 |    00001100  C$main.c$
     00001103  A$main$38 |    00001103  C$main.c$ |    00001106  A$main$38
     00001106  C$main.c$ |    00001109  A$main$38 |    0000110B  A$main$38
     0000110B  C$main.c$ |    0000110D  A$main$38 |    0000110D  C$main.c$
     00001110  A$main$38 |    00001112  A$main$38 |    00001115  A$main$38
     00001115  C$main.c$ |    00001118  A$main$38 |    0000111A  A$main$38
     0000111A  C$main.c$ |    0000111D  A$main$38 |    0000111D  C$main.c$
     00001120  A$main$38 |    00001120  C$main.c$ |    00001120  C$main.c$
     00001123  A$main$38 |    00001126  A$main$38 |    00001129  A$main$38
     0000112B  A$main$38 |    0000112B  C$main.c$ |    0000112B  XG$main$0
ASxxxx Linker V03.00 + NoICE + sdld,  page 22.
Hexadecimal  [32-Bits]

Area                       Addr        Size        Decimal Bytes (Attributes)
--------------------       ----        ----        ------- ----- ------------
_HEADER0               00000000    00000001 =           1. bytes (ABS,CON)

        Value  Global            Value  Global            Value  Global    
        -----  ------            -----  ------            -----  ------    
     00000020  .call_hl 
ASxxxx Linker V03.00 + NoICE + sdld,  page 23.
Hexadecimal  [32-Bits]

Area                       Addr        Size        Decimal Bytes (Attributes)
--------------------       ----        ----        ------- ----- ------------
_HEADER1               00000000    00000005 =           5. bytes (ABS,CON)

        Value  Global            Value  Global            Value  Global    
        -----  ------            -----  ------            -----  ------    
     00000028  .MemsetSm
ASxxxx Linker V03.00 + NoICE + sdld,  page 24.
Hexadecimal  [32-Bits]

Area                       Addr        Size        Decimal Bytes (Attributes)
--------------------       ----        ----        ------- ----- ------------
_HEADER2               00000000    00000007 =           7. bytes (ABS,CON)

        Value  Global            Value  Global            Value  Global    
        -----  ------            -----  ------            -----  ------    
     00000030  .MemcpySm
ASxxxx Linker V03.00 + NoICE + sdld,  page 25.
Hexadecimal  [32-Bits]

Area                       Addr        Size        Decimal Bytes (Attributes)
--------------------       ----        ----        ------- ----- ------------
_HEADER3               00000000    00000008 =           8. bytes (ABS,CON)

        Value  Global            Value  Global            Value  Global    
        -----  ------            -----  ------            -----  ------    
ASxxxx Linker V03.00 + NoICE + sdld,  page 26.
Hexadecimal  [32-Bits]

Area                       Addr        Size        Decimal Bytes (Attributes)
--------------------       ----        ----        ------- ----- ------------
_HEADER4               00000000    0000004C =          76. bytes (ABS,CON)

        Value  Global            Value  Global            Value  Global    
        -----  ------            -----  ------            -----  ------    
     00000080  .int      |    0000008F  _wait_int |    0000009C  __standar
     000000AC  _refresh_
ASxxxx Linker V03.00 + NoICE + sdld,  page 27.
Hexadecimal  [32-Bits]

Area                       Addr        Size        Decimal Bytes (Attributes)
--------------------       ----        ----        ------- ----- ------------
_HEADER5               00000000    00000002 =           2. bytes (ABS,CON)

        Value  Global            Value  Global            Value  Global    
        -----  ------            -----  ------            -----  ------    
ASxxxx Linker V03.00 + NoICE + sdld,  page 28.
Hexadecimal  [32-Bits]

Area                       Addr        Size        Decimal Bytes (Attributes)
--------------------       ----        ----        ------- ----- ------------
_HEADER6               00000000    00000030 =          48. bytes (ABS,CON)

        Value  Global            Value  Global            Value  Global    
        -----  ------            -----  ------            -----  ------    
ASxxxx Linker V03.00 + NoICE + sdld,  page 29.
Hexadecimal  [32-Bits]

Area                       Addr        Size        Decimal Bytes (Attributes)
--------------------       ----        ----        ------- ----- ------------
_HEADER7               00000000    00000006 =           6. bytes (ABS,CON)

        Value  Global            Value  Global            Value  Global    
        -----  ------            -----  ------            -----  ------    
ASxxxx Linker V03.00 + NoICE + sdld,  page 30.
Hexadecimal  [32-Bits]

Area                       Addr        Size        Decimal Bytes (Attributes)
--------------------       ----        ----        ------- ----- ------------
_HEADER8               00000000    00000003 =           3. bytes (ABS,CON)

        Value  Global            Value  Global            Value  Global    
        -----  ------            -----  ------            -----  ------    
ASxxxx Linker V03.00 + NoICE + sdld,  page 31.
Hexadecimal  [32-Bits]

Area                       Addr        Size        Decimal Bytes (Attributes)
--------------------       ----        ----        ------- ----- ------------
_HEADER9               00000000    00000001 =           1. bytes (ABS,CON)

        Value  Global            Value  Global            Value  Global    
        -----  ------            -----  ------            -----  ------    
ASxxxx Linker V03.00 + NoICE + sdld,  page 32.
Hexadecimal  [32-Bits]

Area                       Addr        Size        Decimal Bytes (Attributes)
--------------------       ----        ----        ------- ----- ------------
_HEADERa               00000000    00000001 =           1. bytes (ABS,CON)

        Value  Global            Value  Global            Value  Global    
        -----  ------            -----  ------            -----  ------    
ASxxxx Linker V03.00 + NoICE + sdld,  page 33.
Hexadecimal  [32-Bits]

Area                       Addr        Size        Decimal Bytes (Attributes)
--------------------       ----        ----        ------- ----- ------------
_HEADERb               00000000    00000001 =           1. bytes (ABS,CON)

        Value  Global            Value  Global            Value  Global    
        -----  ------            -----  ------            -----  ------    
ASxxxx Linker V03.00 + NoICE + sdld,  page 34.
Hexadecimal  [32-Bits]

Area                       Addr        Size        Decimal Bytes (Attributes)
--------------------       ----        ----        ------- ----- ------------
_HEADERc               00000000    00000002 =           2. bytes (ABS,CON)

        Value  Global            Value  Global            Value  Global    
        -----  ------            -----  ------            -----  ------    
ASxxxx Linker V03.00 + NoICE + sdld,  page 35.
Hexadecimal  [32-Bits]

Area                       Addr        Size        Decimal Bytes (Attributes)
--------------------       ----        ----        ------- ----- ------------
_HEADERd               00000000    00000001 =           1. bytes (ABS,CON)

        Value  Global            Value  Global            Value  Global    
        -----  ------            -----  ------            -----  ------    
ASxxxx Linker V03.00 + NoICE + sdld,  page 36.
Hexadecimal  [32-Bits]

Area                       Addr        Size        Decimal Bytes (Attributes)
--------------------       ----        ----        ------- ----- ------------
_HEADERe               00000000    00000001 =           1. bytes (ABS,CON)

        Value  Global            Value  Global            Value  Global    
        -----  ------            -----  ------            -----  ------    
ASxxxx Linker V03.00 + NoICE + sdld,  page 37.
Hexadecimal  [32-Bits]

Area                       Addr        Size        Decimal Bytes (Attributes)
--------------------       ----        ----        ------- ----- ------------
_HEADERf               00000000    00000002 =           2. bytes (ABS,CON)

        Value  Global            Value  Global            Value  Global    
        -----  ------            -----  ------            -----  ------    
ASxxxx Linker V03.00 + NoICE + sdld,  page 38.
Hexadecimal  [32-Bits]

Area                       Addr        Size        Decimal Bytes (Attributes)
--------------------       ----        ----        ------- ----- ------------
_HEADER10              00000000    00000084 =         132. bytes (ABS,CON)

        Value  Global            Value  Global            Value  Global    
        -----  ------            -----  ------            -----  ------    
     00000150  .reset    |    00000150  _reset    |    00000157  .code_sta
     000001B9  _exit     |    000001BD  _set_inte
ASxxxx Linker V03.00 + NoICE + sdld,  page 39.
Hexadecimal  [32-Bits]

Area                       Addr        Size        Decimal Bytes (Attributes)
--------------------       ----        ----        ------- ----- ------------
_HEADER11              00000000    00000001 =           1. bytes (ABS,CON)

        Value  Global            Value  Global            Value  Global    
        -----  ------            -----  ------            -----  ------    
ASxxxx Linker V03.00 + NoICE + sdld,  page 40.
Hexadecimal  [32-Bits]

Area                       Addr        Size        Decimal Bytes (Attributes)
--------------------       ----        ----        ------- ----- ------------
_HOME                  0000112C    000011B5 =        4533. bytes (REL,CON)

        Value  Global            Value  Global            Value  Global    
        -----  ------            -----  ------            -----  ------    
     0000112C  .memset_s |    00001135  .memcpy_s |    00001152  .remove_V
     00001155  .remove_i |    00001172  .add_VBL  |    00001175  .add_int 
     00001180  .wait_vbl |    00001180  _wait_vbl |    00001190  .display_
     00001190  _display_ |    000011A8  _remove_V |    000011B3  _add_VBL 
     000011BE  _font_loa |    000011C5  font_load |    0000120D  font_copy
     00001243  font_set  |    00001250  .put_char |    00001268  .out_char
     0000126E  .del_char |    000012C4  _putchar  |    000012CD  _setchar 
     000012D6  _font_loa |    000012E4  _font_set |    000012F3  _font_ini
     00001312  .cls      |    00001312  _cls      |    00001334  _gotoxy  
     0000133F  _posx     |    00001350  _posy     |    00001378  .cr_curs 
     0000138D  .adv_curs |    000013E9  .tmode    |    00001412  .tmode_ou
     0000141B  _set_bkg_ |    0000141B  _set_win_ |    00001423  _set_spri
     0000147B  _abs      |    0000148A  _set_win_ |    0000149E  _set_tile
     000014A3  _set_bkg_ |    000014A3  _set_win_ |    000014AB  _set_spri
     000014DB  _font_ibm |    000015DD  _font_ibm |    00001DDD  .padup   
     00001DDD  _waitpadu |    00001DED  .jpad     |    00001DED  _joypad  
     00001E15  _waitpad  |    00001E16  .wait_pad |    00001E1D  _color   
     00001E1D  _set_1bpp |    00001E2C  .drawing_ |    00001E37  .drawing_
     00001E73  _add_LCD  |    00001E7E  .add_LCD  |    00001E84  _remove_L
     00001E8F  .remove_L |    00001E95  _font_ibm |    00002247  .delay   
     00002247  _delay    |    00002273  _set_bkg_ |    00002287  .set_xy_w
     00002290  .set_xy_b |    0000229F  .set_xy_t
ASxxxx Linker V03.00 + NoICE + sdld,  page 41.
Hexadecimal  [32-Bits]

Area                       Addr        Size        Decimal Bytes (Attributes)
--------------------       ----        ----        ------- ----- ------------
_INITIALIZER           000022E1    00000291 =         657. bytes (REL,CON)

        Value  Global            Value  Global            Value  Global    
        -----  ------            -----  ------            -----  ------    
     000022E1  Fmain$__x |    000022E2  Fmain$__x |    000022E4  Fmain$__x
     000022E6  Fmain$__x |    000022E7  Fmain$__x |    000022E8  Fmain$__x
     000022E9  Fmain$__x |    000022EB  Fmain$__x |    000022EC  Fmain$__x
     000022FC  Fmain$__x |    0000230C  Fmain$__x |    0000231C  Fmain$__x
     00002484  Fmain$__x |    00002494  Fmain$__x |    000024A4  Fmain$__x
     000024B4  Fmain$__x |    000024C4  Fmain$__x |    000024D4  Fmain$__x
     000024E4  Fmain$__x |    000024F4  Fmain$__x |    00002504  Fmain$__x
     00002514  Fmain$__x |    00002524  Fmain$__x |    00002548  Fmain$__x
ASxxxx Linker V03.00 + NoICE + sdld,  page 42.
Hexadecimal  [32-Bits]

Area                       Addr        Size        Decimal Bytes (Attributes)
--------------------       ----        ----        ------- ----- ------------
_GSINIT                00002572    0000000C =          12. bytes (REL,CON)

        Value  Global            Value  Global            Value  Global    
        -----  ------            -----  ------            -----  ------    
     00002572  gsinit   
ASxxxx Linker V03.00 + NoICE + sdld,  page 43.
Hexadecimal  [32-Bits]

Area                       Addr        Size        Decimal Bytes (Attributes)
--------------------       ----        ----        ------- ----- ------------
_GSFINAL               0000257E    00000001 =           1. bytes (REL,CON)

        Value  Global            Value  Global            Value  Global    
        -----  ------            -----  ------            -----  ------    
ASxxxx Linker V03.00 + NoICE + sdld,  page 44.
Hexadecimal  [32-Bits]

Area                       Addr        Size        Decimal Bytes (Attributes)
--------------------       ----        ----        ------- ----- ------------
_DATA                  0000C0A0    00000030 =          48. bytes (REL,CON)

        Value  Global            Value  Global            Value  Global    
        -----  ------            -----  ------            -----  ------    
     0000C0A0  __cpu     |    0000C0A1  __is_GBA  |    0000C0A2  .mode    
     0000C0A3  .sys_time |    0000C0A3  _sys_time |    0000C0A5  .int_0x40
     0000C0B1  G$joypad_ |    0000C0B1  _joypad_i |    0000C0B2  font_curr
     0000C0B5  font_firs |    0000C0B6  font_tabl |    0000C0C8  .int_0x48
ASxxxx Linker V03.00 + NoICE + sdld,  page 45.
Hexadecimal  [32-Bits]

Area                       Addr        Size        Decimal Bytes (Attributes)
--------------------       ----        ----        ------- ----- ------------
_INITIALIZED           0000C0D0    00000291 =         657. bytes (REL,CON)

        Value  Global            Value  Global            Value  Global    
        -----  ------            -----  ------            -----  ------    
     0000C0D0  G$lastBut |    0000C0D0  _lastButt |    0000C0D1  G$debounc
     0000C0D1  _debounce |    0000C0D3  G$selecte |    0000C0D3  _selected
     0000C0D5  G$cursorx |    0000C0D5  _cursorx  |    0000C0D6  G$cursory
     0000C0D6  _cursory  |    0000C0D7  G$current |    0000C0D7  _currentP
     0000C0D8  G$selecte |    0000C0D8  _selected |    0000C0DA  G$pieceSe
     0000C0DA  _pieceSel |    0000C0DB  G$tile1$0 |    0000C0DB  _tile1   
     0000C0EB  G$tile2$0 |    0000C0EB  _tile2    |    0000C0FB  G$tile3$0
     0000C0FB  _tile3    |    0000C10B  G$map$0_0 |    0000C10B  _map     
     0000C273  G$squareT |    0000C273  _squareTL |    0000C283  G$squareT
     0000C283  _squareTR |    0000C293  G$squareB |    0000C293  _squareBL
     0000C2A3  G$squareB |    0000C2A3  _squareBR |    0000C2B3  G$black_p
     0000C2B3  _black_pi |    0000C2C3  G$white_p |    0000C2C3  _white_pi
     0000C2D3  G$current |    0000C2D3  _currentP |    0000C2E3  G$current
     0000C2E3  _currentP |    0000C2F3  G$blackKi |    0000C2F3  _blackKin
     0000C303  G$whiteKi |    0000C303  _whiteKin |    0000C313  G$blackPi
     0000C313  _blackPie |    0000C337  G$whitePi |    0000C337  _whitePie
     0000C35B  .curx     |    0000C35C  .cury     |    0000C35D  .fg_colou
     0000C35D  __current |    0000C35E  .bg_colou |    0000C35F  .draw_mod
     0000C360  __map_til
ASxxxx Linker V03.00 + NoICE + sdld,  page 46.
Hexadecimal  [32-Bits]

Area                       Addr        Size        Decimal Bytes (Attributes)
--------------------       ----        ----        ------- ----- ------------
_HRAM12                00000000    00000003 =           3. bytes (ABS,CON)

        Value  Global            Value  Global            Value  Global    
        -----  ------            -----  ------            -----  ------    
     0000FF90  __current |    0000FF92  __shadow_
ASxxxx Linker V03.00 + NoICE + sdld,  page 47.
Hexadecimal  [32-Bits]

Area                       Addr        Size        Decimal Bytes (Attributes)
--------------------       ----        ----        ------- ----- ------------
_FONT_HEADER0          00000000    00000003 =           3. bytes (ABS,CON)

        Value  Global            Value  Global            Value  Global    
        -----  ------            -----  ------            -----  ------    
ASxxxx Linker V03.00 + NoICE + sdld,  page 48.
Hexadecimal  [32-Bits]

Area                       Addr        Size        Decimal Bytes (Attributes)
--------------------       ----        ----        ------- ----- ------------
_HEADER_LCD0           00000000    00000003 =           3. bytes (ABS,CON)

        Value  Global            Value  Global            Value  Global    
        -----  ------            -----  ------            -----  ------    
ASxxxx Linker V03.00 + NoICE + sdld,  page 49.

Files Linked                              [ module(s) ]

c:\gbdk\lib/gb/crt0.o                     [ Runtime ]
main.o                                    [ main ]


Libraries Linked                          [ object file ]

c:\gbdk\lib/gb/gb.lib                     [ font.o ]
c:\gbdk\lib/gb/gb.lib                     [ set_1bit_data.o ]
c:\gbdk\lib/gb/gb.lib                     [ sfr.o ]
c:\gbdk\lib/sm83/sm83.lib                 [ abs.o ]
c:\gbdk\lib/gb/gb.lib                     [ set_wi_t.o ]
c:\gbdk\lib/gb/gb.lib                     [ set_data.o ]
c:\gbdk\lib/gb/gb.lib                     [ f_ibm_full.o ]
c:\gbdk\lib/gb/gb.lib                     [ pad.o ]
c:\gbdk\lib/gb/gb.lib                     [ color.o ]
c:\gbdk\lib/gb/gb.lib                     [ drawing_isr.o ]
c:\gbdk\lib/gb/gb.lib                     [ lcd.o ]
c:\gbdk\lib/gb/gb.lib                     [ f_ibm_sh.o ]
c:\gbdk\lib/gb/gb.lib                     [ delay.o ]
c:\gbdk\lib/gb/gb.lib                     [ set_bk_t.o ]
c:\gbdk\lib/gb/gb.lib                     [ set_xy_t.o ]

ASxxxx Linker V03.00 + NoICE + sdld,  page 50.

User Base Address Definitions

_DATA=0xC0A0
_CODE=0x0200
ASxxxx Linker V03.00 + NoICE + sdld,  page 51.

User Global Definitions

_shadow_OAM=0xC000
.STACK=0xE000
.refresh_OAM=0xFF80

