ASxxxx Linker V03.00 + NoICE + sdld,  page 1.
Hexadecimal  [32-Bits]

Area                       Addr        Size        Decimal Bytes (Attributes)
--------------------       ----        ----        ------- ----- ------------
.  .ABS.               00000000    00000000 =           0. bytes (ABS,CON)

        Value  Global            Value  Global            Value  Global    
        -----  ------            -----  ------            -----  ------    
     00000000  .__.ABS.  |    00000000  _rRAMG    |    00000000  l__BASE  
     00000000  l__BSS    |    00000000  l__CABS   |    00000000  l__CODE_0
     00000000  l__DABS   |    00000000  l__FONT_H |    00000000  l__HEADER
     00000000  l__HEADER |    00000000  l__HEAP   |    00000000  l__HEAP_E
     00000000  l__HRAM   |    00000000  l__LIT    |    00000000  s__CABS  
     00000000  s__DABS   |    00000000  s__FONT_H |    00000000  s__FONT_H
     00000000  s__HEADER |    00000000  s__HEADER |    00000000  s__HEADER
     00000000  s__HEADER |    00000000  s__HEADER |    00000000  s__HEADER
     00000000  s__HEADER |    00000000  s__HEADER |    00000000  s__HEADER
     00000000  s__HEADER |    00000000  s__HEADER |    00000000  s__HEADER
     00000000  s__HEADER |    00000000  s__HEADER |    00000000  s__HEADER
     00000000  s__HEADER |    00000000  s__HEADER |    00000000  s__HEADER
     00000000  s__HEADER |    00000000  s__HEADER |    00000000  s__HEADER
     00000000  s__HRAM   |    00000000  s__HRAM12 |    00000001  l__GSFINA
     00000001  l__HEADER |    00000001  l__HEADER |    00000001  l__HEADER
     00000001  l__HEADER |    00000001  l__HEADER |    00000001  l__HEADER
     00000001  l__HEADER |    00000002  l__HEADER |    00000002  l__HEADER
     00000002  l__HEADER |    00000003  l__FONT_H |    00000003  l__HEADER
     00000003  l__HEADER |    00000003  l__HRAM12 |    00000005  l__HEADER
     00000006  l__HEADER |    00000007  l__HEADER |    00000008  l__HEADER
     0000000C  l__GSINIT |    00000030  l__DATA   |    00000030  l__HEADER
     0000004C  l__HEADER |    00000084  l__HEADER |    00000200  s__CODE  
     000002C1  l__INITIA |    000002C1  l__INITIA |    00000F93  l__CODE  
     00001193  s__HOME   |    000011B5  l__HOME   |    00002000  _rROMB0  
     00002348  s__BASE   |    00002348  s__CODE_0 |    00002348  s__INITIA
     00002348  s__LIT    |    00002609  s__GSINIT |    00002615  s__GSFINA
     00003000  _rROMB1   |    00004000  _rRAMB    |    00008000  __VRAM   
     00008000  __VRAM800 |    00008800  __VRAM880 |    00009000  __VRAM900
     00009800  __SCRN0   |    00009C00  __SCRN1   |    0000A000  __SRAM   
     0000C000  __RAM     |    0000C000  _shadow_O |    0000C0A0  s__DATA  
     0000C0D0  s__BSS    |    0000C0D0  s__INITIA |    0000C391  s__HEAP  
     0000C391  s__HEAP_E |    0000D000  __RAMBANK |    0000E000  .STACK   
     0000FE00  __OAMRAM  |    0000FF00  _P1_REG   |    0000FF00  __IO     
     0000FF01  _SB_REG   |    0000FF02  _SC_REG   |    0000FF04  _DIV_REG 
     0000FF05  _TIMA_REG |    0000FF06  _TMA_REG  |    0000FF07  _TAC_REG 
     0000FF0F  _IF_REG   |    0000FF10  _NR10_REG |    0000FF11  _NR11_REG
     0000FF12  _NR12_REG |    0000FF13  _NR13_REG |    0000FF14  _NR14_REG
     0000FF16  _NR21_REG |    0000FF17  _NR22_REG |    0000FF18  _NR23_REG
     0000FF19  _NR24_REG |    0000FF1A  _NR30_REG |    0000FF1B  _NR31_REG
     0000FF1C  _NR32_REG |    0000FF1D  _NR33_REG |    0000FF1E  _NR34_REG
     0000FF20  _NR41_REG |    0000FF21  _NR42_REG |    0000FF22  _NR43_REG
     0000FF23  _NR44_REG |    0000FF24  _NR50_REG |    0000FF25  _NR51_REG
     0000FF26  _NR52_REG |    0000FF30  _AUD3WAVE |    0000FF30  _PCM_SAMP
     0000FF30  __AUD3WAV |    0000FF40  _LCDC_REG |    0000FF41  _STAT_REG
     0000FF42  _SCY_REG  |    0000FF43  _SCX_REG  |    0000FF44  _LY_REG  
     0000FF45  _LYC_REG  |    0000FF46  _DMA_REG  |    0000FF47  _BGP_REG 
     0000FF48  _OBP0_REG |    0000FF49  _OBP1_REG |    0000FF4A  _WY_REG  
     0000FF4B  _WX_REG   |    0000FF4D  _KEY1_REG |    0000FF4F  _VBK_REG 
     0000FF51  _HDMA1_RE |    0000FF52  _HDMA2_RE |    0000FF53  _HDMA3_RE
     0000FF54  _HDMA4_RE |    0000FF55  _HDMA5_RE |    0000FF56  _RP_REG  
ASxxxx Linker V03.00 + NoICE + sdld,  page 2.
Hexadecimal  [32-Bits]

Area                       Addr        Size        Decimal Bytes (Attributes)
--------------------       ----        ----        ------- ----- ------------
.  .ABS.               00000000    00000000 =           0. bytes (ABS,CON)

        Value  Global            Value  Global            Value  Global    
        -----  ------            -----  ------            -----  ------    
     0000FF68  _BCPS_REG |    0000FF69  _BCPD_REG |    0000FF6A  _OCPS_REG
     0000FF6B  _OCPD_REG |    0000FF70  _SVBK_REG |    0000FF76  _PCM12_RE
     0000FF77  _PCM34_RE |    0000FF80  .refresh_ |    0000FF80  __HRAM   
     0000FFFF  _IE_REG  
ASxxxx Linker V03.00 + NoICE + sdld,  page 3.
Hexadecimal  [32-Bits]

Area                       Addr        Size        Decimal Bytes (Attributes)
--------------------       ----        ----        ------- ----- ------------
_CODE                  00000200    00000F93 =        3987. bytes (REL,CON)

        Value  Global            Value  Global            Value  Global    
        -----  ------            -----  ------            -----  ------    
     00000200  A$main$19 |    00000200  C$main.c$ |    00000200  G$moveSqu
     00000200  _moveSqua |    00000203  A$main$19 |    00000205  A$main$19
     00000206  A$main$19 |    00000209  A$main$19 |    0000020B  A$main$19
     0000020C  A$main$19 |    0000020F  A$main$20 |    00000210  A$main$20
     00000211  A$main$20 |    00000212  A$main$20 |    00000215  A$main$20
     00000217  A$main$20 |    00000218  A$main$20 |    0000021B  A$main$20
     0000021C  A$main$21 |    0000021F  A$main$21 |    00000220  A$main$21
     00000221  A$main$21 |    00000222  A$main$21 |    00000225  A$main$21
     00000226  A$main$21 |    00000229  A$main$21 |    0000022B  A$main$22
     0000022C  A$main$22 |    0000022F  A$main$22 |    00000230  A$main$22
     00000231  A$main$22 |    00000232  A$main$22 |    00000235  A$main$22
     00000236  A$main$23 |    00000239  A$main$23 |    0000023A  A$main$23
     0000023D  A$main$23 |    0000023E  A$main$23 |    0000023F  A$main$23
     00000240  A$main$24 |    00000240  C$main.c$ |    00000240  C$main.c$
     00000240  XG$moveSq |    00000241  A$main$25 |    00000241  C$main.c$
     00000241  G$promote |    00000241  _promoteT |    00000243  A$main$25
     00000245  A$main$26 |    00000246  A$main$26 |    00000247  A$main$26
     00000248  A$main$26 |    0000024A  A$main$26 |    0000024B  A$main$26
     0000024C  A$main$26 |    0000024D  A$main$27 |    0000024D  C$main.c$
     0000024F  A$main$27 |    00000250  A$main$27 |    00000251  A$main$27
     00000253  A$main$27 |    00000255  A$main$27 |    00000256  A$main$27
     00000258  A$main$27 |    00000259  A$main$27 |    0000025C  A$main$28
     0000025E  A$main$28 |    0000025F  A$main$28 |    00000260  A$main$28
     00000261  A$main$28 |    00000262  A$main$28 |    00000263  A$main$28
     00000264  A$main$28 |    00000265  A$main$28 |    00000266  A$main$29
     00000268  A$main$29 |    0000026A  A$main$29 |    0000026C  A$main$29
     0000026E  A$main$29 |    0000026F  A$main$29 |    00000271  A$main$29
     00000273  A$main$29 |    00000275  A$main$29 |    00000276  A$main$30
     00000278  A$main$30 |    00000278  C$main.c$ |    00000279  A$main$30
     0000027A  A$main$30 |    0000027B  A$main$30 |    0000027C  A$main$30
     0000027D  A$main$31 |    0000027E  A$main$31 |    0000027F  A$main$31
     00000280  A$main$31 |    00000281  A$main$31 |    00000283  A$main$31
     00000284  A$main$31 |    00000285  A$main$31 |    00000286  A$main$31
     00000287  A$main$32 |    00000288  A$main$32 |    00000289  A$main$32
     0000028A  A$main$32 |    0000028B  A$main$32 |    0000028D  A$main$32
     0000028E  A$main$33 |    0000028E  C$main.c$ |    0000028F  A$main$33
     00000290  A$main$33 |    00000290  C$main.c$ |    00000292  A$main$33
     00000293  A$main$33 |    00000295  A$main$34 |    00000297  A$main$34
     00000299  A$main$34 |    0000029A  A$main$34 |    0000029B  A$main$34
     0000029D  A$main$34 |    0000029D  C$main.c$ |    0000029F  A$main$34
     000002A0  A$main$35 |    000002A2  A$main$35 |    000002A2  C$main.c$
     000002A4  A$main$35 |    000002A5  A$main$35 |    000002A7  A$main$35
     000002A9  A$main$35 |    000002AB  A$main$36 |    000002AC  A$main$36
     000002AD  A$main$36 |    000002AF  A$main$36 |    000002AF  C$main.c$
     000002B1  A$main$36 |    000002B2  A$main$37 |    000002B2  C$main.c$
     000002B3  A$main$37 |    000002B5  A$main$37 |    000002B5  C$main.c$
     000002B7  A$main$37 |    000002B8  A$main$38 |    000002B9  A$main$38
     000002BA  A$main$39 |    000002BA  C$main.c$ |    000002BA  C$main.c$
     000002BA  G$dpad$0$ |    000002BA  _dpad     |    000002BD  A$main$39
     000002BE  A$main$39 |    000002C0  A$main$39 |    000002C2  A$main$40
ASxxxx Linker V03.00 + NoICE + sdld,  page 4.
Hexadecimal  [32-Bits]

Area                       Addr        Size        Decimal Bytes (Attributes)
--------------------       ----        ----        ------- ----- ------------
_CODE                  00000200    00000F93 =        3987. bytes (REL,CON)

        Value  Global            Value  Global            Value  Global    
        -----  ------            -----  ------            -----  ------    
     000002C2  C$main.c$ |    000002C5  A$main$40 |    000002C6  A$main$40
     000002C8  A$main$40 |    000002C9  A$main$40 |    000002C9  C$main.c$
     000002CB  A$main$41 |    000002CD  A$main$41 |    000002CD  C$main.c$
     000002D0  A$main$41 |    000002D1  A$main$41 |    000002D3  A$main$41
     000002D4  A$main$42 |    000002D4  C$main.c$ |    000002D6  A$main$42
     000002D8  A$main$42 |    000002D8  C$main.c$ |    000002DB  A$main$42
     000002DC  A$main$42 |    000002DE  A$main$43 |    000002DF  A$main$43
     000002DF  C$main.c$ |    000002E1  A$main$43 |    000002E4  A$main$44
     000002E4  C$main.c$ |    000002E7  A$main$44 |    000002E8  A$main$44
     000002EA  A$main$44 |    000002EB  A$main$45 |    000002EB  C$main.c$
     000002EB  C$main.c$ |    000002EB  XG$dpad$0 |    000002EE  A$main$46
     000002EE  C$main.c$ |    000002EE  C$main.c$ |    000002EE  G$font$0$
     000002EE  _font     |    000002F1  A$main$47 |    000002F1  C$main.c$
     000002F4  A$main$47 |    000002F5  A$main$47 |    000002F8  A$main$47
     000002F9  A$main$47 |    000002F9  C$main.c$ |    000002FA  A$main$47
     000002FD  A$main$48 |    000002FE  A$main$48 |    000002FE  C$main.c$
     000002FE  XG$font$0 |    000002FF  A$main$50 |    000002FF  C$main.c$
     000002FF  C$main.c$ |    000002FF  G$printbk |    000002FF  _printbkg
     00000302  A$main$50 |    00000303  A$main$50 |    00000306  A$main$50
     00000307  A$main$50 |    0000030A  A$main$50 |    0000030C  A$main$51
     0000030C  C$main.c$ |    0000030F  A$main$51 |    00000310  A$main$51
     00000313  A$main$51 |    00000314  A$main$51 |    00000317  A$main$51
     00000319  A$main$51 |    00000319  C$main.c$ |    0000031C  A$main$52
     0000031D  A$main$52 |    00000320  A$main$52 |    00000321  A$main$52
     00000324  A$main$52 |    00000326  A$main$52 |    00000326  C$main.c$
     00000329  A$main$52 |    0000032A  A$main$53 |    0000032D  A$main$53
     0000032E  A$main$53 |    0000032F  A$main$53 |    00000330  A$main$53
     00000331  A$main$53 |    00000334  A$main$53 |    00000336  A$main$54
     00000336  C$main.c$ |    00000336  XG$printb |    00000337  A$main$55
     00000337  C$main.c$ |    00000337  C$main.c$ |    00000337  G$printSq
     00000337  _printSqu |    0000033A  A$main$55 |    0000033B  A$main$55
     0000033C  A$main$56 |    0000033D  A$main$56 |    0000033E  A$main$56
     00000341  A$main$56 |    00000343  A$main$56 |    00000343  C$main.c$
     00000346  A$main$56 |    00000347  A$main$56 |    0000034A  A$main$57
     0000034B  A$main$57 |    0000034E  A$main$57 |    00000350  A$main$57
     00000350  C$main.c$ |    00000353  A$main$57 |    00000354  A$main$57
     00000357  A$main$57 |    00000358  A$main$58 |    0000035B  A$main$58
     0000035D  A$main$58 |    0000035D  C$main.c$ |    00000360  A$main$58
     00000361  A$main$58 |    00000363  A$main$58 |    00000364  A$main$58
     00000365  A$main$59 |    00000367  A$main$59 |    00000368  A$main$59
     00000369  A$main$59 |    0000036C  A$main$59 |    0000036E  A$main$59
     00000371  A$main$59 |    00000373  A$main$59 |    00000376  A$main$59
     00000378  A$main$60 |    0000037B  A$main$60 |    0000037D  A$main$60
     00000380  A$main$60 |    00000382  A$main$61 |    00000382  C$main.c$
     00000382  C$main.c$ |    00000382  XG$printS |    00000385  A$main$62
     00000385  C$main.c$ |    00000385  G$printBl |    00000385  _printBla
     00000387  A$main$62 |    00000387  C$main.c$ |    0000038A  A$main$62
     0000038B  A$main$63 |    0000038E  A$main$63 |    0000038F  A$main$63
     00000392  A$main$63 |    00000394  A$main$63 |    00000394  C$main.c$
     00000397  A$main$63 |    00000398  A$main$63 |    0000039B  A$main$64
     0000039C  A$main$64 |    0000039F  A$main$64 |    000003A1  A$main$64
ASxxxx Linker V03.00 + NoICE + sdld,  page 5.
Hexadecimal  [32-Bits]

Area                       Addr        Size        Decimal Bytes (Attributes)
--------------------       ----        ----        ------- ----- ------------
_CODE                  00000200    00000F93 =        3987. bytes (REL,CON)

        Value  Global            Value  Global            Value  Global    
        -----  ------            -----  ------            -----  ------    
     000003A1  C$main.c$ |    000003A2  A$main$64 |    000003A4  A$main$64
     000003A5  A$main$64 |    000003A6  A$main$65 |    000003A8  A$main$65
     000003A9  A$main$65 |    000003AB  A$main$65 |    000003AC  A$main$65
     000003AE  A$main$65 |    000003AF  A$main$65 |    000003B1  A$main$65
     000003B3  A$main$65 |    000003B5  A$main$66 |    000003B7  A$main$66
     000003B9  A$main$66 |    000003BA  A$main$66 |    000003BC  A$main$66
     000003BE  A$main$66 |    000003C0  A$main$66 |    000003C1  A$main$66
     000003C4  A$main$67 |    000003C6  A$main$67 |    000003C7  A$main$67
     000003C8  A$main$67 |    000003C9  A$main$67 |    000003CA  A$main$67
     000003CB  A$main$67 |    000003CC  A$main$68 |    000003CD  A$main$68
     000003D0  A$main$68 |    000003D1  A$main$68 |    000003D2  A$main$68
     000003D3  A$main$68 |    000003D4  A$main$68 |    000003D6  A$main$68
     000003D7  A$main$69 |    000003D7  C$main.c$ |    000003D9  A$main$69
     000003DA  A$main$69 |    000003DC  A$main$69 |    000003DC  C$main.c$
     000003DD  A$main$69 |    000003DF  A$main$69 |    000003E1  A$main$70
     000003E2  A$main$70 |    000003E3  A$main$70 |    000003E4  A$main$70
     000003E6  A$main$70 |    000003E8  A$main$70 |    000003EA  A$main$70
     000003EC  A$main$71 |    000003ED  A$main$71 |    000003EF  A$main$71
     000003F0  A$main$71 |    000003F2  A$main$71 |    000003F3  A$main$71
     000003F4  A$main$71 |    000003F5  A$main$71 |    000003F6  A$main$71
     000003F9  A$main$71 |    000003FA  A$main$72 |    000003FB  A$main$72
     000003FC  A$main$72 |    000003FD  A$main$72 |    000003FE  A$main$72
     000003FF  A$main$72 |    00000402  A$main$72 |    00000403  A$main$72
     00000404  A$main$72 |    00000405  A$main$72 |    00000407  A$main$73
     00000408  A$main$73 |    00000409  A$main$73 |    0000040A  A$main$73
     0000040C  A$main$73 |    0000040D  A$main$73 |    0000040E  A$main$73
     0000040F  A$main$73 |    00000410  A$main$73 |    00000412  A$main$74
     00000412  C$main.c$ |    00000414  A$main$74 |    00000416  A$main$74
     00000417  A$main$74 |    00000418  A$main$74 |    0000041A  A$main$75
     0000041C  A$main$75 |    0000041E  A$main$75 |    00000420  A$main$75
     00000421  A$main$75 |    00000423  A$main$75 |    00000424  A$main$75
     00000426  A$main$75 |    00000427  A$main$75 |    00000428  A$main$76
     00000429  A$main$76 |    0000042A  A$main$76 |    0000042D  A$main$76
     0000042E  A$main$76 |    0000042F  A$main$76 |    00000430  A$main$76
     00000431  A$main$76 |    00000432  A$main$76 |    00000433  A$main$76
     00000436  A$main$77 |    00000437  A$main$77 |    00000438  A$main$77
     00000439  A$main$77 |    0000043B  A$main$77 |    0000043C  A$main$77
     0000043D  A$main$77 |    0000043E  A$main$77 |    00000440  A$main$77
     00000441  A$main$77 |    00000442  A$main$78 |    00000443  A$main$78
     00000444  A$main$78 |    00000446  A$main$78 |    00000446  C$main.c$
     00000448  A$main$78 |    00000449  A$main$79 |    0000044A  A$main$79
     0000044B  A$main$79 |    0000044C  A$main$79 |    0000044D  A$main$79
     0000044E  A$main$79 |    0000044F  A$main$79 |    00000452  A$main$79
     00000453  A$main$79 |    00000454  A$main$79 |    00000455  A$main$80
     00000456  A$main$80 |    00000457  A$main$80 |    00000458  A$main$80
     00000459  A$main$80 |    0000045B  A$main$80 |    0000045C  A$main$80
     0000045E  A$main$80 |    0000045F  A$main$81 |    00000461  A$main$81
     00000462  A$main$81 |    00000463  A$main$81 |    00000464  A$main$81
     00000467  A$main$81 |    00000468  A$main$81 |    00000469  A$main$82
     0000046A  A$main$82 |    0000046B  A$main$82 |    0000046C  A$main$82
     0000046C  C$main.c$ |    0000046E  A$main$82 |    0000046F  A$main$82
ASxxxx Linker V03.00 + NoICE + sdld,  page 6.
Hexadecimal  [32-Bits]

Area                       Addr        Size        Decimal Bytes (Attributes)
--------------------       ----        ----        ------- ----- ------------
_CODE                  00000200    00000F93 =        3987. bytes (REL,CON)

        Value  Global            Value  Global            Value  Global    
        -----  ------            -----  ------            -----  ------    
     00000472  A$main$83 |    00000473  A$main$83 |    00000474  A$main$83
     00000477  A$main$83 |    00000479  A$main$84 |    00000479  C$main.c$
     00000479  XG$printB |    0000047A  A$main$85 |    0000047A  C$main.c$
     0000047A  G$printWh |    0000047A  _printWhi |    0000047C  A$main$85
     0000047C  C$main.c$ |    0000047F  A$main$85 |    00000480  A$main$85
     00000483  A$main$85 |    00000484  A$main$86 |    00000487  A$main$86
     00000489  A$main$86 |    00000489  C$main.c$ |    0000048C  A$main$86
     0000048D  A$main$86 |    00000490  A$main$86 |    00000491  A$main$86
     00000494  A$main$87 |    00000496  A$main$87 |    00000496  C$main.c$
     00000497  A$main$87 |    00000499  A$main$87 |    0000049A  A$main$87
     0000049B  A$main$87 |    0000049D  A$main$88 |    0000049E  A$main$88
     000004A0  A$main$88 |    000004A1  A$main$88 |    000004A3  A$main$88
     000004A4  A$main$88 |    000004A6  A$main$88 |    000004A8  A$main$88
     000004AA  A$main$88 |    000004AC  A$main$88 |    000004AE  A$main$89
     000004AF  A$main$89 |    000004B1  A$main$89 |    000004B3  A$main$89
     000004B5  A$main$89 |    000004B6  A$main$89 |    000004B9  A$main$90
     000004BB  A$main$90 |    000004BC  A$main$90 |    000004BD  A$main$90
     000004BE  A$main$90 |    000004BF  A$main$90 |    000004C0  A$main$90
     000004C1  A$main$90 |    000004C2  A$main$90 |    000004C5  A$main$91
     000004C6  A$main$91 |    000004C7  A$main$91 |    000004C8  A$main$91
     000004C9  A$main$91 |    000004CB  A$main$91 |    000004CC  A$main$91
     000004CC  C$main.c$ |    000004CE  A$main$92 |    000004CF  A$main$92
     000004D1  A$main$92 |    000004D1  C$main.c$ |    000004D2  A$main$92
     000004D4  A$main$92 |    000004D6  A$main$93 |    000004D7  A$main$93
     000004D8  A$main$93 |    000004D9  A$main$93 |    000004DB  A$main$93
     000004DD  A$main$93 |    000004DF  A$main$93 |    000004E1  A$main$93
     000004E2  A$main$93 |    000004E4  A$main$94 |    000004E5  A$main$94
     000004E7  A$main$94 |    000004E8  A$main$94 |    000004E9  A$main$94
     000004EA  A$main$94 |    000004EB  A$main$94 |    000004EE  A$main$94
     000004EF  A$main$94 |    000004F0  A$main$94 |    000004F1  A$main$95
     000004F2  A$main$95 |    000004F3  A$main$95 |    000004F4  A$main$95
     000004F7  A$main$95 |    000004F8  A$main$95 |    000004F9  A$main$95
     000004FA  A$main$95 |    000004FC  A$main$95 |    000004FD  A$main$95
     000004FE  A$main$96 |    000004FF  A$main$96 |    00000501  A$main$96
     00000502  A$main$96 |    00000503  A$main$96 |    00000504  A$main$96
     00000505  A$main$96 |    00000507  A$main$97 |    00000507  C$main.c$
     00000509  A$main$97 |    0000050B  A$main$97 |    0000050C  A$main$97
     0000050D  A$main$97 |    0000050F  A$main$97 |    00000511  A$main$98
     00000513  A$main$98 |    00000515  A$main$98 |    00000516  A$main$98
     00000518  A$main$98 |    00000519  A$main$98 |    0000051B  A$main$98
     0000051C  A$main$98 |    0000051D  A$main$98 |    0000051E  A$main$98
     0000051F  A$main$99 |    00000522  A$main$99 |    00000523  A$main$99
     00000524  A$main$99 |    00000525  A$main$99 |    00000526  A$main$99
     00000527  A$main$99 |    00000528  A$main$99 |    0000052B  A$main$99
     0000052C  A$main$99 |    0000052D  A$main$10 |    0000052E  A$main$10
     00000530  A$main$10 |    00000531  A$main$10 |    00000532  A$main$10
     00000533  A$main$10 |    00000535  A$main$10 |    00000536  A$main$10
     00000537  A$main$10 |    00000538  A$main$10 |    00000539  A$main$10
     0000053B  A$main$10 |    0000053B  C$main.c$ |    0000053D  A$main$10
     0000053E  A$main$10 |    0000053F  A$main$10 |    00000540  A$main$10
     00000541  A$main$10 |    00000542  A$main$10 |    00000543  A$main$10
ASxxxx Linker V03.00 + NoICE + sdld,  page 7.
Hexadecimal  [32-Bits]

Area                       Addr        Size        Decimal Bytes (Attributes)
--------------------       ----        ----        ------- ----- ------------
_CODE                  00000200    00000F93 =        3987. bytes (REL,CON)

        Value  Global            Value  Global            Value  Global    
        -----  ------            -----  ------            -----  ------    
     00000544  A$main$10 |    00000547  A$main$10 |    00000548  A$main$10
     00000549  A$main$10 |    0000054A  A$main$10 |    0000054B  A$main$10
     0000054C  A$main$10 |    0000054D  A$main$10 |    0000054E  A$main$10
     00000550  A$main$10 |    00000551  A$main$10 |    00000553  A$main$10
     00000554  A$main$10 |    00000556  A$main$10 |    00000557  A$main$10
     00000558  A$main$10 |    00000559  A$main$10 |    0000055C  A$main$10
     0000055D  A$main$10 |    0000055E  A$main$10 |    0000055F  A$main$10
     00000560  A$main$10 |    00000561  A$main$10 |    00000561  C$main.c$
     00000563  A$main$10 |    00000564  A$main$10 |    00000567  A$main$10
     00000568  A$main$10 |    00000569  A$main$10 |    0000056C  A$main$10
     0000056E  A$main$10 |    0000056E  C$main.c$ |    0000056E  XG$printW
     0000056F  A$main$10 |    0000056F  C$main.c$ |    0000056F  C$main.c$
     0000056F  G$isMoveW |    0000056F  _isMoveWi |    00000570  A$main$10
     00000572  A$main$10 |    00000574  A$main$10 |    00000576  A$main$10
     00000577  A$main$10 |    00000579  A$main$10 |    0000057A  A$main$10
     0000057C  A$main$10 |    0000057E  A$main$10 |    00000580  A$main$10
     00000581  A$main$10 |    00000583  A$main$10 |    00000584  A$main$10
     00000585  A$main$10 |    00000587  A$main$11 |    00000587  C$main.c$
     00000587  XG$isMove |    00000588  A$main$11 |    00000588  C$main.c$
     00000588  G$getCapt |    00000588  _getCaptu |    0000058A  A$main$11
     0000058C  A$main$11 |    0000058D  A$main$11 |    0000058E  A$main$11
     0000058E  C$main.c$ |    0000058F  A$main$11 |    00000591  A$main$11
     00000592  A$main$11 |    00000593  A$main$11 |    00000596  A$main$11
     00000598  A$main$11 |    00000599  A$main$11 |    0000059A  A$main$11
     0000059B  A$main$11 |    0000059C  A$main$11 |    0000059D  A$main$11
     0000059E  A$main$11 |    0000059F  A$main$11 |    000005A0  A$main$11
     000005A2  A$main$11 |    000005A4  A$main$11 |    000005A6  A$main$11
     000005A8  A$main$11 |    000005A9  A$main$11 |    000005AB  A$main$11
     000005AD  A$main$11 |    000005AF  A$main$11 |    000005B0  A$main$11
     000005B2  A$main$11 |    000005B2  C$main.c$ |    000005B3  A$main$11
     000005B4  A$main$11 |    000005B5  A$main$11 |    000005B6  A$main$11
     000005B7  A$main$11 |    000005B8  A$main$11 |    000005B9  A$main$11
     000005BA  A$main$11 |    000005BB  A$main$11 |    000005BD  A$main$11
     000005BE  A$main$11 |    000005BF  A$main$11 |    000005C0  A$main$11
     000005C1  A$main$11 |    000005C2  A$main$11 |    000005C3  A$main$11
     000005C4  A$main$11 |    000005C6  A$main$11 |    000005C6  C$main.c$
     000005C6  C$main.c$ |    000005C7  A$main$11 |    000005C8  A$main$11
     000005C9  A$main$11 |    000005CA  A$main$11 |    000005CB  A$main$11
     000005CC  A$main$11 |    000005CD  A$main$11 |    000005CE  A$main$11
     000005D0  A$main$11 |    000005D2  A$main$11 |    000005D3  A$main$11
     000005D4  A$main$11 |    000005D6  A$main$11 |    000005D6  C$main.c$
     000005D8  A$main$11 |    000005D9  A$main$11 |    000005DA  A$main$11
     000005DB  A$main$11 |    000005DD  A$main$12 |    000005DD  C$main.c$
     000005DE  A$main$12 |    000005E0  A$main$12 |    000005E1  A$main$12
     000005E2  A$main$12 |    000005E3  A$main$12 |    000005E5  A$main$12
     000005E5  C$main.c$ |    000005E8  A$main$12 |    000005E8  C$main.c$
     000005EA  A$main$12 |    000005EB  A$main$12 |    000005ED  A$main$12
     000005EE  A$main$12 |    000005EE  C$main.c$ |    000005EE  G$isValid
     000005EE  _isValidM |    000005F0  A$main$12 |    000005F2  A$main$12
     000005F3  A$main$12 |    000005F4  A$main$12 |    000005F4  C$main.c$
     000005F6  A$main$12 |    000005F7  A$main$12 |    000005F8  A$main$12
ASxxxx Linker V03.00 + NoICE + sdld,  page 8.
Hexadecimal  [32-Bits]

Area                       Addr        Size        Decimal Bytes (Attributes)
--------------------       ----        ----        ------- ----- ------------
_CODE                  00000200    00000F93 =        3987. bytes (REL,CON)

        Value  Global            Value  Global            Value  Global    
        -----  ------            -----  ------            -----  ------    
     000005FA  A$main$12 |    000005FA  C$main.c$ |    000005FD  A$main$12
     000005FD  C$main.c$ |    000005FF  A$main$12 |    00000601  A$main$12
     00000602  A$main$12 |    00000603  A$main$12 |    00000604  A$main$12
     00000604  C$main.c$ |    00000606  A$main$12 |    00000606  C$main.c$
     00000609  A$main$12 |    00000609  C$main.c$ |    0000060B  A$main$12
     0000060D  A$main$12 |    0000060E  A$main$12 |    0000060F  A$main$12
     00000610  A$main$12 |    00000610  C$main.c$ |    00000610  C$main.c$
     00000612  A$main$12 |    00000613  A$main$12 |    00000615  A$main$12
     00000616  A$main$12 |    00000618  A$main$12 |    0000061A  A$main$12
     0000061B  A$main$12 |    0000061C  A$main$12 |    0000061D  A$main$12
     0000061E  A$main$12 |    0000061F  A$main$12 |    00000620  A$main$12
     00000621  A$main$12 |    00000622  A$main$12 |    00000623  A$main$12
     00000625  A$main$12 |    00000626  A$main$12 |    00000627  A$main$12
     00000628  A$main$12 |    0000062A  A$main$12 |    0000062B  A$main$12
     0000062C  A$main$13 |    0000062D  A$main$13 |    0000062E  A$main$13
     0000062F  A$main$13 |    00000630  A$main$13 |    00000631  A$main$13
     00000633  A$main$13 |    00000634  A$main$13 |    00000635  A$main$13
     00000636  A$main$13 |    00000638  A$main$13 |    00000639  A$main$13
     0000063A  A$main$13 |    0000063B  A$main$13 |    0000063C  A$main$13
     0000063D  A$main$13 |    0000063E  A$main$13 |    00000640  A$main$13
     00000642  A$main$13 |    00000643  A$main$13 |    00000644  A$main$13
     00000645  A$main$13 |    00000646  A$main$13 |    00000647  A$main$13
     00000648  A$main$13 |    00000649  A$main$13 |    0000064A  A$main$13
     0000064B  A$main$13 |    0000064C  A$main$13 |    0000064D  A$main$13
     0000064E  A$main$13 |    0000064F  A$main$13 |    0000064F  C$main.c$
     00000651  A$main$13 |    00000652  A$main$13 |    00000653  A$main$13
     00000654  A$main$13 |    00000656  A$main$13 |    00000657  A$main$13
     00000658  A$main$13 |    00000659  A$main$13 |    0000065A  A$main$13
     0000065B  A$main$13 |    0000065C  A$main$13 |    0000065E  A$main$13
     0000065F  A$main$13 |    00000660  A$main$13 |    00000661  A$main$13
     00000662  A$main$13 |    00000663  A$main$13 |    00000665  A$main$13
     00000666  A$main$13 |    00000667  A$main$13 |    00000668  A$main$13
     00000668  C$main.c$ |    0000066A  A$main$13 |    0000066B  A$main$13
     0000066C  A$main$13 |    0000066D  A$main$13 |    00000670  A$main$13
     00000671  A$main$13 |    00000673  A$main$13 |    00000675  A$main$13
     00000675  C$main.c$ |    00000676  A$main$13 |    00000679  A$main$13
     00000679  C$main.c$ |    0000067B  A$main$13 |    0000067D  A$main$13
     0000067F  A$main$13 |    00000681  A$main$13 |    00000682  A$main$13
     00000683  A$main$13 |    00000685  A$main$13 |    00000686  A$main$13
     00000687  A$main$13 |    00000688  A$main$13 |    00000689  A$main$13
     0000068A  A$main$13 |    0000068B  A$main$13 |    0000068C  A$main$13
     0000068D  A$main$13 |    0000068E  A$main$13 |    00000690  A$main$13
     00000692  A$main$13 |    00000694  A$main$13 |    00000696  A$main$13
     00000697  A$main$13 |    00000699  A$main$13 |    0000069B  A$main$13
     0000069D  A$main$14 |    0000069E  A$main$14 |    000006A0  A$main$14
     000006A0  C$main.c$ |    000006A1  A$main$14 |    000006A4  A$main$14
     000006A4  C$main.c$ |    000006A6  A$main$14 |    000006A7  A$main$14
     000006A8  A$main$14 |    000006A9  A$main$14 |    000006AA  A$main$14
     000006AD  A$main$14 |    000006AE  A$main$14 |    000006AF  A$main$14
     000006B1  A$main$14 |    000006B2  A$main$14 |    000006B3  A$main$14
     000006B4  A$main$14 |    000006B5  A$main$14 |    000006B8  A$main$14
ASxxxx Linker V03.00 + NoICE + sdld,  page 9.
Hexadecimal  [32-Bits]

Area                       Addr        Size        Decimal Bytes (Attributes)
--------------------       ----        ----        ------- ----- ------------
_CODE                  00000200    00000F93 =        3987. bytes (REL,CON)

        Value  Global            Value  Global            Value  Global    
        -----  ------            -----  ------            -----  ------    
     000006B9  A$main$14 |    000006BA  A$main$14 |    000006BB  A$main$14
     000006BC  A$main$14 |    000006BE  A$main$14 |    000006BF  A$main$14
     000006C0  A$main$14 |    000006C2  A$main$14 |    000006C2  C$main.c$
     000006C3  A$main$14 |    000006C6  A$main$14 |    000006C6  C$main.c$
     000006C8  A$main$14 |    000006C9  A$main$14 |    000006CA  A$main$14
     000006CB  A$main$14 |    000006CC  A$main$14 |    000006CD  A$main$14
     000006CF  A$main$14 |    000006D0  A$main$14 |    000006D1  A$main$14
     000006D3  A$main$14 |    000006D5  A$main$14 |    000006D7  A$main$14
     000006D9  A$main$14 |    000006DA  A$main$14 |    000006DB  A$main$14
     000006DD  A$main$14 |    000006DF  A$main$14 |    000006DF  C$main.c$
     000006E1  A$main$14 |    000006E2  A$main$14 |    000006E3  A$main$14
     000006E5  A$main$14 |    000006E7  A$main$14 |    000006E8  A$main$14
     000006E9  A$main$14 |    000006EA  A$main$14 |    000006EC  A$main$14
     000006ED  A$main$14 |    000006EF  A$main$14 |    000006F0  A$main$14
     000006F1  A$main$14 |    000006F3  A$main$14 |    000006F5  A$main$14
     000006F7  A$main$14 |    000006F9  A$main$14 |    000006FA  A$main$14
     000006FC  A$main$14 |    000006FE  A$main$14 |    00000700  A$main$14
     00000701  A$main$14 |    00000703  A$main$14 |    00000704  A$main$14
     00000705  A$main$14 |    00000707  A$main$14 |    00000709  A$main$14
     00000709  C$main.c$ |    0000070A  A$main$15 |    0000070D  A$main$15
     0000070D  C$main.c$ |    00000710  A$main$15 |    00000712  A$main$15
     00000713  A$main$15 |    00000714  A$main$15 |    00000715  A$main$15
     00000716  A$main$15 |    00000717  A$main$15 |    00000718  A$main$15
     00000719  A$main$15 |    0000071B  A$main$15 |    0000071D  A$main$15
     0000071F  A$main$15 |    00000721  A$main$15 |    00000722  A$main$15
     00000724  A$main$15 |    00000726  A$main$15 |    00000728  A$main$15
     00000729  A$main$15 |    0000072B  A$main$15 |    0000072B  C$main.c$
     0000072C  A$main$15 |    0000072D  A$main$15 |    0000072E  A$main$15
     0000072F  A$main$15 |    00000730  A$main$15 |    00000731  A$main$15
     00000733  A$main$15 |    00000734  A$main$15 |    00000735  A$main$15
     00000736  A$main$15 |    00000738  A$main$15 |    00000739  A$main$15
     0000073C  A$main$15 |    0000073D  A$main$15 |    0000073E  A$main$15
     0000073F  A$main$15 |    00000740  A$main$15 |    00000741  A$main$15
     00000742  A$main$15 |    00000743  A$main$15 |    00000745  A$main$15
     00000746  A$main$15 |    00000747  A$main$15 |    00000748  A$main$15
     00000749  A$main$15 |    0000074A  A$main$15 |    0000074C  A$main$15
     0000074D  A$main$15 |    0000074E  A$main$15 |    0000074F  A$main$15
     00000751  A$main$15 |    00000752  A$main$15 |    00000753  A$main$15
     00000755  A$main$15 |    00000755  C$main.c$ |    00000756  A$main$15
     00000758  A$main$15 |    00000758  C$main.c$ |    0000075B  A$main$15
     0000075D  A$main$15 |    0000075E  A$main$15 |    0000075F  A$main$15
     00000760  A$main$15 |    00000761  A$main$15 |    00000762  A$main$15
     00000763  A$main$15 |    00000764  A$main$15 |    00000766  A$main$15
     00000767  A$main$15 |    00000768  A$main$15 |    00000769  A$main$15
     0000076A  A$main$15 |    0000076B  A$main$15 |    0000076D  A$main$15
     0000076E  A$main$15 |    0000076F  A$main$15 |    00000770  A$main$15
     00000772  A$main$15 |    00000773  A$main$15 |    00000774  A$main$15
     00000776  A$main$15 |    00000776  C$main.c$ |    00000777  A$main$16
     00000779  A$main$16 |    00000779  C$main.c$ |    0000077A  A$main$16
     0000077C  A$main$16 |    0000077C  C$main.c$ |    0000077E  A$main$16
     0000077F  A$main$16 |    00000780  A$main$16 |    00000781  A$main$16
ASxxxx Linker V03.00 + NoICE + sdld,  page 10.
Hexadecimal  [32-Bits]

Area                       Addr        Size        Decimal Bytes (Attributes)
--------------------       ----        ----        ------- ----- ------------
_CODE                  00000200    00000F93 =        3987. bytes (REL,CON)

        Value  Global            Value  Global            Value  Global    
        -----  ------            -----  ------            -----  ------    
     00000782  A$main$16 |    00000785  A$main$16 |    00000786  A$main$16
     00000787  A$main$16 |    00000788  A$main$16 |    00000789  A$main$16
     0000078B  A$main$16 |    0000078D  A$main$16 |    0000078E  A$main$16
     00000790  A$main$16 |    00000791  A$main$16 |    00000793  A$main$16
     00000795  A$main$16 |    00000797  A$main$16 |    00000799  A$main$16
     0000079A  A$main$16 |    0000079C  A$main$16 |    0000079E  A$main$16
     000007A0  A$main$16 |    000007A1  A$main$16 |    000007A3  A$main$16
     000007A5  A$main$16 |    000007A6  A$main$16 |    000007A7  A$main$16
     000007A8  A$main$16 |    000007A9  A$main$16 |    000007AC  A$main$16
     000007AD  A$main$16 |    000007AE  A$main$16 |    000007AF  A$main$16
     000007B0  A$main$16 |    000007B2  A$main$16 |    000007B4  A$main$16
     000007B5  A$main$16 |    000007B7  A$main$16 |    000007B8  A$main$16
     000007BA  A$main$16 |    000007BC  A$main$16 |    000007BE  A$main$16
     000007C0  A$main$16 |    000007C1  A$main$16 |    000007C3  A$main$16
     000007C5  A$main$16 |    000007C7  A$main$16 |    000007C8  A$main$16
     000007CA  A$main$16 |    000007CA  C$main.c$ |    000007CB  A$main$16
     000007CD  A$main$16 |    000007CD  C$main.c$ |    000007CF  A$main$16
     000007CF  C$main.c$ |    000007D1  A$main$16 |    000007D2  A$main$16
     000007D4  A$main$16 |    000007D5  A$main$16 |    000007D5  C$main.c$
     000007D5  G$checkCo |    000007D5  _checkCol |    000007D7  A$main$16
     000007D9  A$main$16 |    000007DA  A$main$16 |    000007DB  A$main$17
     000007DB  C$main.c$ |    000007DD  A$main$17 |    000007DE  A$main$17
     000007DF  A$main$17 |    000007E1  A$main$17 |    000007E1  C$main.c$
     000007E3  A$main$17 |    000007E5  A$main$17 |    000007E6  A$main$17
     000007E6  C$main.c$ |    000007E8  A$main$17 |    000007E9  A$main$17
     000007EB  A$main$17 |    000007EC  A$main$17 |    000007ED  A$main$17
     000007EE  A$main$17 |    000007F0  A$main$17 |    000007F0  C$main.c$
     000007F2  A$main$17 |    000007F4  A$main$17 |    000007F5  A$main$17
     000007F5  C$main.c$ |    000007F7  A$main$17 |    000007F8  A$main$17
     000007FA  A$main$17 |    000007FB  A$main$17 |    000007FC  A$main$17
     000007FD  A$main$17 |    000007FD  C$main.c$ |    000007FE  A$main$17
     00000800  A$main$17 |    00000801  A$main$17 |    00000802  A$main$17
     00000805  A$main$17 |    00000807  A$main$17 |    00000808  A$main$17
     00000809  A$main$17 |    0000080A  A$main$17 |    0000080B  A$main$17
     0000080C  A$main$17 |    0000080D  A$main$17 |    0000080E  A$main$17
     0000080F  A$main$17 |    00000811  A$main$17 |    00000813  A$main$17
     00000815  A$main$17 |    00000817  A$main$17 |    00000818  A$main$17
     0000081A  A$main$17 |    0000081C  A$main$17 |    0000081E  A$main$17
     0000081F  A$main$17 |    00000821  A$main$17 |    00000821  C$main.c$
     00000822  A$main$17 |    00000823  A$main$17 |    00000824  A$main$17
     00000825  A$main$17 |    00000826  A$main$17 |    00000827  A$main$17
     00000828  A$main$17 |    00000829  A$main$17 |    0000082A  A$main$17
     0000082C  A$main$17 |    0000082D  A$main$17 |    0000082E  A$main$17
     0000082F  A$main$17 |    00000830  A$main$17 |    00000831  A$main$17
     00000832  A$main$17 |    00000833  A$main$17 |    00000835  A$main$17
     00000835  C$main.c$ |    00000835  C$main.c$ |    00000836  A$main$17
     00000837  A$main$17 |    00000838  A$main$17 |    00000839  A$main$17
     0000083A  A$main$17 |    0000083B  A$main$18 |    0000083C  A$main$18
     0000083D  A$main$18 |    0000083F  A$main$18 |    0000083F  C$main.c$
     00000841  A$main$18 |    00000842  A$main$18 |    00000843  A$main$18
     00000845  A$main$18 |    00000845  C$main.c$ |    00000847  A$main$18
ASxxxx Linker V03.00 + NoICE + sdld,  page 11.
Hexadecimal  [32-Bits]

Area                       Addr        Size        Decimal Bytes (Attributes)
--------------------       ----        ----        ------- ----- ------------
_CODE                  00000200    00000F93 =        3987. bytes (REL,CON)

        Value  Global            Value  Global            Value  Global    
        -----  ------            -----  ------            -----  ------    
     00000848  A$main$18 |    00000849  A$main$18 |    0000084B  A$main$18
     0000084B  C$main.c$ |    0000084D  A$main$18 |    0000084E  A$main$18
     00000851  A$main$18 |    00000853  A$main$18 |    00000854  A$main$18
     00000857  A$main$18 |    00000857  C$main.c$ |    00000859  A$main$18
     0000085A  A$main$18 |    0000085B  A$main$18 |    0000085C  A$main$18
     0000085F  A$main$18 |    00000860  A$main$18 |    00000861  A$main$18
     00000862  A$main$18 |    00000865  A$main$18 |    00000866  A$main$18
     00000867  A$main$18 |    00000868  A$main$18 |    0000086A  A$main$18
     0000086A  C$main.c$ |    0000086C  A$main$18 |    0000086D  A$main$18
     00000870  A$main$18 |    00000872  A$main$18 |    00000873  A$main$18
     00000876  A$main$18 |    00000876  C$main.c$ |    00000878  A$main$18
     00000879  A$main$18 |    0000087A  A$main$18 |    0000087B  A$main$18
     0000087E  A$main$18 |    0000087F  A$main$18 |    00000880  A$main$18
     00000881  A$main$18 |    00000884  A$main$18 |    00000885  A$main$18
     00000886  A$main$18 |    00000887  A$main$18 |    00000887  C$main.c$
     00000889  A$main$18 |    0000088B  A$main$18 |    0000088B  C$main.c$
     0000088C  A$main$18 |    0000088E  A$main$18 |    0000088F  A$main$18
     00000890  A$main$18 |    00000891  A$main$18 |    00000894  A$main$18
     00000894  C$main.c$ |    00000897  A$main$18 |    00000899  A$main$18
     0000089A  A$main$18 |    0000089C  A$main$18 |    0000089C  C$main.c$
     0000089D  A$main$18 |    0000089D  C$main.c$ |    0000089F  A$main$19
     000008A0  A$main$19 |    000008A1  A$main$19 |    000008A2  A$main$19
     000008A2  C$main.c$ |    000008A2  G$hasVali |    000008A2  _hasValid
     000008A4  A$main$19 |    000008A6  A$main$19 |    000008A6  C$main.c$
     000008A7  A$main$19 |    000008A8  A$main$19 |    000008AA  A$main$19
     000008AD  A$main$19 |    000008AF  A$main$19 |    000008B2  A$main$19
     000008B4  A$main$19 |    000008B5  A$main$19 |    000008B6  A$main$19
     000008B7  A$main$19 |    000008B7  C$main.c$ |    000008B9  A$main$19
     000008BA  A$main$19 |    000008BB  A$main$19 |    000008BD  A$main$19
     000008C0  A$main$19 |    000008C2  A$main$19 |    000008C5  A$main$19
     000008C7  A$main$19 |    000008C8  A$main$19 |    000008C9  A$main$19
     000008CA  A$main$19 |    000008CA  C$main.c$ |    000008CB  A$main$19
     000008CD  A$main$19 |    000008CE  A$main$19 |    000008CF  A$main$19
     000008D1  A$main$19 |    000008D2  A$main$19 |    000008D4  A$main$19
     000008D5  A$main$19 |    000008D7  A$main$19 |    000008D8  A$main$19
     000008DA  A$main$19 |    000008DB  A$main$19 |    000008DD  A$main$19
     000008DF  A$main$19 |    000008E1  A$main$19 |    000008E3  A$main$19
     000008E4  A$main$19 |    000008E6  A$main$19 |    000008E8  A$main$19
     000008EA  A$main$19 |    000008EB  A$main$19 |    000008EE  A$main$19
     000008EE  C$main.c$ |    000008F0  A$main$19 |    000008F1  A$main$19
     000008F2  A$main$19 |    000008F3  A$main$19 |    000008F4  A$main$19
     000008F5  A$main$19 |    000008F6  A$main$19 |    000008F7  A$main$19
     000008F8  A$main$19 |    000008F9  A$main$19 |    000008FB  A$main$19
     000008FC  A$main$19 |    000008FD  A$main$19 |    000008FE  A$main$19
     000008FF  A$main$19 |    00000900  A$main$19 |    00000901  A$main$19
     00000903  A$main$19 |    00000904  A$main$19 |    00000905  A$main$19
     00000906  A$main$19 |    00000908  A$main$19 |    00000909  A$main$19
     0000090A  A$main$20 |    0000090B  A$main$20 |    0000090C  A$main$20
     0000090D  A$main$20 |    0000090E  A$main$20 |    0000090F  A$main$20
     00000910  A$main$20 |    00000911  A$main$20 |    00000913  A$main$20
     00000914  A$main$20 |    00000915  A$main$20 |    00000916  A$main$20
ASxxxx Linker V03.00 + NoICE + sdld,  page 12.
Hexadecimal  [32-Bits]

Area                       Addr        Size        Decimal Bytes (Attributes)
--------------------       ----        ----        ------- ----- ------------
_CODE                  00000200    00000F93 =        3987. bytes (REL,CON)

        Value  Global            Value  Global            Value  Global    
        -----  ------            -----  ------            -----  ------    
     00000918  A$main$20 |    00000919  A$main$20 |    0000091A  A$main$20
     0000091B  A$main$20 |    0000091C  A$main$20 |    0000091D  A$main$20
     0000091F  A$main$20 |    00000920  A$main$20 |    00000922  A$main$20
     00000923  A$main$20 |    00000924  A$main$20 |    00000925  A$main$20
     00000926  A$main$20 |    00000927  A$main$20 |    00000928  A$main$20
     0000092A  A$main$20 |    0000092B  A$main$20 |    0000092C  A$main$20
     0000092D  A$main$20 |    0000092E  A$main$20 |    0000092F  A$main$20
     00000930  A$main$20 |    00000931  A$main$20 |    00000932  A$main$20
     00000933  A$main$20 |    00000934  A$main$20 |    00000935  A$main$20
     00000936  A$main$20 |    00000939  A$main$20 |    0000093B  A$main$20
     0000093D  A$main$20 |    0000093F  A$main$20 |    00000940  A$main$20
     00000941  A$main$20 |    00000942  A$main$20 |    00000943  A$main$20
     00000944  A$main$20 |    00000946  A$main$20 |    00000949  A$main$20
     0000094A  A$main$20 |    0000094B  A$main$20 |    0000094C  A$main$20
     0000094D  A$main$20 |    0000094F  A$main$20 |    00000951  A$main$20
     00000952  A$main$20 |    00000953  A$main$20 |    00000954  A$main$20
     00000955  A$main$20 |    00000956  A$main$20 |    00000958  A$main$20
     0000095A  A$main$20 |    0000095C  A$main$20 |    0000095D  A$main$20
     0000095E  A$main$20 |    0000095F  A$main$20 |    00000960  A$main$20
     00000961  A$main$20 |    00000962  A$main$20 |    00000963  A$main$20
     00000965  A$main$20 |    00000966  A$main$20 |    00000968  A$main$20
     00000969  A$main$20 |    0000096A  A$main$20 |    0000096C  A$main$20
     0000096D  A$main$20 |    0000096E  A$main$20 |    0000096F  A$main$20
     00000970  A$main$20 |    00000972  A$main$20 |    00000974  A$main$21
     00000975  A$main$21 |    00000976  A$main$21 |    00000977  A$main$21
     00000978  A$main$21 |    0000097A  A$main$21 |    0000097C  A$main$21
     0000097F  A$main$21 |    00000980  A$main$21 |    00000982  A$main$21
     00000983  A$main$21 |    00000984  A$main$21 |    00000985  A$main$21
     00000986  A$main$21 |    00000988  A$main$21 |    00000989  A$main$21
     0000098A  A$main$21 |    0000098D  A$main$21 |    0000098E  A$main$21
     0000098F  A$main$21 |    00000990  A$main$21 |    00000993  A$main$21
     00000993  C$main.c$ |    00000995  A$main$21 |    00000996  A$main$21
     00000997  A$main$21 |    00000998  A$main$21 |    00000999  A$main$21
     0000099B  A$main$21 |    0000099C  A$main$21 |    0000099E  A$main$21
     0000099F  A$main$21 |    000009A0  A$main$21 |    000009A1  A$main$21
     000009A2  A$main$21 |    000009A3  A$main$21 |    000009A4  A$main$21
     000009A6  A$main$21 |    000009A7  A$main$21 |    000009A8  A$main$21
     000009A9  A$main$21 |    000009AA  A$main$21 |    000009AB  A$main$21
     000009AC  A$main$21 |    000009AD  A$main$21 |    000009AE  A$main$21
     000009AF  A$main$21 |    000009B0  A$main$21 |    000009B1  A$main$21
     000009B2  A$main$21 |    000009B5  A$main$21 |    000009B7  A$main$21
     000009B9  A$main$21 |    000009BB  A$main$21 |    000009BC  A$main$21
     000009BD  A$main$21 |    000009BE  A$main$21 |    000009BF  A$main$21
     000009C0  A$main$21 |    000009C2  A$main$21 |    000009C5  A$main$21
     000009C6  A$main$21 |    000009C7  A$main$21 |    000009C8  A$main$21
     000009C9  A$main$21 |    000009CB  A$main$21 |    000009CD  A$main$21
     000009CE  A$main$21 |    000009CF  A$main$21 |    000009D0  A$main$21
     000009D1  A$main$21 |    000009D2  A$main$21 |    000009D4  A$main$21
     000009D6  A$main$21 |    000009D8  A$main$21 |    000009D9  A$main$21
     000009DA  A$main$21 |    000009DB  A$main$21 |    000009DC  A$main$21
     000009DD  A$main$21 |    000009DE  A$main$21 |    000009DF  A$main$21
ASxxxx Linker V03.00 + NoICE + sdld,  page 13.
Hexadecimal  [32-Bits]

Area                       Addr        Size        Decimal Bytes (Attributes)
--------------------       ----        ----        ------- ----- ------------
_CODE                  00000200    00000F93 =        3987. bytes (REL,CON)

        Value  Global            Value  Global            Value  Global    
        -----  ------            -----  ------            -----  ------    
     000009E1  A$main$21 |    000009E4  A$main$22 |    000009E5  A$main$22
     000009E6  A$main$22 |    000009E7  A$main$22 |    000009E8  A$main$22
     000009EA  A$main$22 |    000009EC  A$main$22 |    000009ED  A$main$22
     000009EE  A$main$22 |    000009EF  A$main$22 |    000009F0  A$main$22
     000009F2  A$main$22 |    000009F4  A$main$22 |    000009F7  A$main$22
     000009F8  A$main$22 |    000009FA  A$main$22 |    000009FB  A$main$22
     000009FC  A$main$22 |    000009FD  A$main$22 |    000009FE  A$main$22
     00000A00  A$main$22 |    00000A01  A$main$22 |    00000A02  A$main$22
     00000A05  A$main$22 |    00000A06  A$main$22 |    00000A07  A$main$22
     00000A08  A$main$22 |    00000A0B  A$main$22 |    00000A0B  C$main.c$
     00000A0D  A$main$22 |    00000A0E  A$main$22 |    00000A0F  A$main$22
     00000A10  A$main$22 |    00000A11  A$main$22 |    00000A13  A$main$22
     00000A14  A$main$22 |    00000A16  A$main$22 |    00000A17  A$main$22
     00000A18  A$main$22 |    00000A19  A$main$22 |    00000A1A  A$main$22
     00000A1B  A$main$22 |    00000A1C  A$main$22 |    00000A1E  A$main$22
     00000A1F  A$main$22 |    00000A20  A$main$22 |    00000A21  A$main$22
     00000A22  A$main$22 |    00000A23  A$main$22 |    00000A24  A$main$22
     00000A25  A$main$22 |    00000A26  A$main$22 |    00000A27  A$main$22
     00000A28  A$main$22 |    00000A29  A$main$22 |    00000A2A  A$main$22
     00000A2D  A$main$22 |    00000A2F  A$main$22 |    00000A31  A$main$22
     00000A33  A$main$22 |    00000A34  A$main$22 |    00000A35  A$main$22
     00000A36  A$main$22 |    00000A37  A$main$22 |    00000A38  A$main$22
     00000A3A  A$main$22 |    00000A3B  A$main$22 |    00000A3D  A$main$22
     00000A3E  A$main$22 |    00000A3F  A$main$22 |    00000A41  A$main$22
     00000A42  A$main$22 |    00000A43  A$main$22 |    00000A44  A$main$22
     00000A45  A$main$22 |    00000A47  A$main$22 |    00000A49  A$main$22
     00000A4A  A$main$22 |    00000A4B  A$main$23 |    00000A4C  A$main$23
     00000A4D  A$main$23 |    00000A4E  A$main$23 |    00000A50  A$main$23
     00000A52  A$main$23 |    00000A54  A$main$23 |    00000A55  A$main$23
     00000A56  A$main$23 |    00000A57  A$main$23 |    00000A58  A$main$23
     00000A59  A$main$23 |    00000A5A  A$main$23 |    00000A5B  A$main$23
     00000A5D  A$main$23 |    00000A5E  A$main$23 |    00000A60  A$main$23
     00000A61  A$main$23 |    00000A62  A$main$23 |    00000A64  A$main$23
     00000A65  A$main$23 |    00000A66  A$main$23 |    00000A67  A$main$23
     00000A68  A$main$23 |    00000A6A  A$main$23 |    00000A6C  A$main$23
     00000A6D  A$main$23 |    00000A6E  A$main$23 |    00000A6F  A$main$23
     00000A71  A$main$23 |    00000A73  A$main$23 |    00000A76  A$main$23
     00000A77  A$main$23 |    00000A79  A$main$23 |    00000A7A  A$main$23
     00000A7B  A$main$23 |    00000A7C  A$main$23 |    00000A7D  A$main$23
     00000A7F  A$main$23 |    00000A80  A$main$23 |    00000A81  A$main$23
     00000A84  A$main$23 |    00000A85  A$main$23 |    00000A86  A$main$23
     00000A87  A$main$23 |    00000A8A  A$main$23 |    00000A8A  C$main.c$
     00000A8C  A$main$23 |    00000A8D  A$main$23 |    00000A8E  A$main$23
     00000A8F  A$main$23 |    00000A90  A$main$23 |    00000A92  A$main$23
     00000A93  A$main$23 |    00000A95  A$main$23 |    00000A96  A$main$23
     00000A97  A$main$23 |    00000A98  A$main$23 |    00000A99  A$main$23
     00000A9A  A$main$23 |    00000A9B  A$main$23 |    00000A9D  A$main$23
     00000A9E  A$main$23 |    00000A9F  A$main$23 |    00000AA0  A$main$23
     00000AA1  A$main$23 |    00000AA2  A$main$23 |    00000AA3  A$main$23
     00000AA4  A$main$23 |    00000AA5  A$main$23 |    00000AA6  A$main$23
     00000AA7  A$main$23 |    00000AA8  A$main$23 |    00000AA9  A$main$23
ASxxxx Linker V03.00 + NoICE + sdld,  page 14.
Hexadecimal  [32-Bits]

Area                       Addr        Size        Decimal Bytes (Attributes)
--------------------       ----        ----        ------- ----- ------------
_CODE                  00000200    00000F93 =        3987. bytes (REL,CON)

        Value  Global            Value  Global            Value  Global    
        -----  ------            -----  ------            -----  ------    
     00000AAC  A$main$23 |    00000AAE  A$main$23 |    00000AB1  A$main$23
     00000AB3  A$main$23 |    00000AB4  A$main$23 |    00000AB5  A$main$23
     00000AB6  A$main$23 |    00000AB7  A$main$23 |    00000AB8  A$main$23
     00000ABA  A$main$23 |    00000ABB  A$main$23 |    00000ABD  A$main$23
     00000ABE  A$main$23 |    00000ABF  A$main$23 |    00000AC1  A$main$23
     00000AC2  A$main$24 |    00000AC3  A$main$24 |    00000AC4  A$main$24
     00000AC5  A$main$24 |    00000AC6  A$main$24 |    00000AC7  A$main$24
     00000AC8  A$main$24 |    00000ACA  A$main$24 |    00000ACB  A$main$24
     00000ACD  A$main$24 |    00000ACE  A$main$24 |    00000AD0  A$main$24
     00000AD1  A$main$24 |    00000AD3  A$main$24 |    00000AD4  A$main$24
     00000AD6  A$main$24 |    00000AD8  A$main$24 |    00000ADA  A$main$24
     00000ADB  A$main$24 |    00000ADC  A$main$24 |    00000ADD  A$main$24
     00000ADE  A$main$24 |    00000ADF  A$main$24 |    00000AE0  A$main$24
     00000AE1  A$main$24 |    00000AE3  A$main$24 |    00000AE4  A$main$24
     00000AE5  A$main$24 |    00000AE6  A$main$24 |    00000AE8  A$main$24
     00000AE9  A$main$24 |    00000AEB  A$main$24 |    00000AEC  A$main$24
     00000AED  A$main$24 |    00000AEE  A$main$24 |    00000AEF  A$main$24
     00000AF0  A$main$24 |    00000AF2  A$main$24 |    00000AF4  A$main$24
     00000AF5  A$main$24 |    00000AF7  A$main$24 |    00000AF8  A$main$24
     00000AF9  A$main$24 |    00000AFA  A$main$24 |    00000AFB  A$main$24
     00000AFC  A$main$24 |    00000AFE  A$main$24 |    00000B01  A$main$24
     00000B02  A$main$24 |    00000B03  A$main$24 |    00000B04  A$main$24
     00000B05  A$main$24 |    00000B07  A$main$24 |    00000B08  A$main$24
     00000B09  A$main$24 |    00000B0A  A$main$24 |    00000B0C  A$main$24
     00000B0D  A$main$24 |    00000B0E  A$main$24 |    00000B0F  A$main$24
     00000B10  A$main$24 |    00000B11  A$main$24 |    00000B12  A$main$24
     00000B13  A$main$24 |    00000B14  A$main$24 |    00000B16  A$main$24
     00000B18  A$main$24 |    00000B19  A$main$24 |    00000B1A  A$main$24
     00000B1B  A$main$24 |    00000B1C  A$main$24 |    00000B1D  A$main$24
     00000B1E  A$main$24 |    00000B1F  A$main$24 |    00000B20  A$main$24
     00000B21  A$main$24 |    00000B23  A$main$24 |    00000B24  A$main$24
     00000B25  A$main$24 |    00000B26  A$main$24 |    00000B28  A$main$24
     00000B29  A$main$24 |    00000B2B  A$main$24 |    00000B2C  A$main$24
     00000B2D  A$main$24 |    00000B2E  A$main$24 |    00000B30  A$main$24
     00000B32  A$main$24 |    00000B35  A$main$24 |    00000B36  A$main$24
     00000B38  A$main$24 |    00000B39  A$main$24 |    00000B3A  A$main$24
     00000B3B  A$main$24 |    00000B3C  A$main$24 |    00000B3D  A$main$24
     00000B3E  A$main$24 |    00000B3F  A$main$24 |    00000B42  A$main$25
     00000B43  A$main$25 |    00000B44  A$main$25 |    00000B45  A$main$25
     00000B47  A$main$25 |    00000B47  C$main.c$ |    00000B49  A$main$25
     00000B4B  A$main$25 |    00000B4B  C$main.c$ |    00000B4D  A$main$25
     00000B4E  A$main$25 |    00000B51  A$main$25 |    00000B52  A$main$25
     00000B53  A$main$25 |    00000B56  A$main$25 |    00000B56  C$main.c$
     00000B57  A$main$25 |    00000B59  A$main$25 |    00000B59  C$main.c$
     00000B59  XG$hasVal |    00000B5A  A$main$25 |    00000B5A  C$main.c$
     00000B5A  G$hasVali |    00000B5A  _hasValid |    00000B5C  A$main$25
     00000B5E  A$main$25 |    00000B5E  C$main.c$ |    00000B5F  A$main$25
     00000B60  A$main$25 |    00000B62  A$main$25 |    00000B65  A$main$25
     00000B67  A$main$25 |    00000B6A  A$main$25 |    00000B6B  A$main$25
     00000B6C  A$main$25 |    00000B6D  A$main$25 |    00000B6D  C$main.c$
     00000B70  A$main$25 |    00000B71  A$main$25 |    00000B73  A$main$25
ASxxxx Linker V03.00 + NoICE + sdld,  page 15.
Hexadecimal  [32-Bits]

Area                       Addr        Size        Decimal Bytes (Attributes)
--------------------       ----        ----        ------- ----- ------------
_CODE                  00000200    00000F93 =        3987. bytes (REL,CON)

        Value  Global            Value  Global            Value  Global    
        -----  ------            -----  ------            -----  ------    
     00000B74  A$main$25 |    00000B75  A$main$25 |    00000B76  A$main$25
     00000B77  A$main$25 |    00000B79  A$main$25 |    00000B7C  A$main$25
     00000B7C  C$main.c$ |    00000B7D  A$main$25 |    00000B7E  A$main$25
     00000B7F  A$main$25 |    00000B80  A$main$25 |    00000B81  A$main$25
     00000B82  A$main$25 |    00000B84  A$main$25 |    00000B85  A$main$25
     00000B86  A$main$25 |    00000B87  A$main$25 |    00000B89  A$main$25
     00000B8A  A$main$25 |    00000B8B  A$main$25 |    00000B8C  A$main$25
     00000B8D  A$main$25 |    00000B8E  A$main$25 |    00000B8F  A$main$25
     00000B90  A$main$25 |    00000B91  A$main$25 |    00000B92  A$main$25
     00000B94  A$main$25 |    00000B95  A$main$25 |    00000B96  A$main$25
     00000B97  A$main$26 |    00000B99  A$main$26 |    00000B9A  A$main$26
     00000B9B  A$main$26 |    00000B9C  A$main$26 |    00000B9D  A$main$26
     00000B9E  A$main$26 |    00000B9F  A$main$26 |    00000BA0  A$main$26
     00000BA1  A$main$26 |    00000BA2  A$main$26 |    00000BA4  A$main$26
     00000BA5  A$main$26 |    00000BA6  A$main$26 |    00000BA7  A$main$26
     00000BA9  A$main$26 |    00000BAA  A$main$26 |    00000BAB  A$main$26
     00000BAC  A$main$26 |    00000BAD  A$main$26 |    00000BAE  A$main$26
     00000BAF  A$main$26 |    00000BB1  A$main$26 |    00000BB2  A$main$26
     00000BB4  A$main$26 |    00000BB5  A$main$26 |    00000BB6  A$main$26
     00000BB7  A$main$26 |    00000BB8  A$main$26 |    00000BBA  A$main$26
     00000BBB  A$main$26 |    00000BBC  A$main$26 |    00000BBD  A$main$26
     00000BBF  A$main$26 |    00000BC0  A$main$26 |    00000BC1  A$main$26
     00000BC2  A$main$26 |    00000BC3  A$main$26 |    00000BC4  A$main$26
     00000BC7  A$main$26 |    00000BC8  A$main$26 |    00000BC9  A$main$26
     00000BCB  A$main$26 |    00000BCD  A$main$26 |    00000BCD  C$main.c$
     00000BCF  A$main$26 |    00000BD0  A$main$26 |    00000BD1  A$main$26
     00000BD2  A$main$26 |    00000BD3  A$main$26 |    00000BD4  A$main$26
     00000BD6  A$main$26 |    00000BD7  A$main$26 |    00000BD9  A$main$26
     00000BDA  A$main$26 |    00000BDB  A$main$26 |    00000BDC  A$main$26
     00000BDD  A$main$26 |    00000BDF  A$main$26 |    00000BE0  A$main$26
     00000BE1  A$main$26 |    00000BE2  A$main$26 |    00000BE4  A$main$26
     00000BE5  A$main$26 |    00000BE6  A$main$26 |    00000BE7  A$main$26
     00000BE8  A$main$26 |    00000BE9  A$main$26 |    00000BEC  A$main$26
     00000BED  A$main$26 |    00000BEE  A$main$26 |    00000BF0  A$main$26
     00000BF2  A$main$26 |    00000BF2  C$main.c$ |    00000BF4  A$main$26
     00000BF5  A$main$26 |    00000BF6  A$main$26 |    00000BF7  A$main$26
     00000BF8  A$main$26 |    00000BF9  A$main$26 |    00000BFB  A$main$26
     00000BFC  A$main$26 |    00000BFE  A$main$26 |    00000BFF  A$main$26
     00000C00  A$main$26 |    00000C01  A$main$26 |    00000C02  A$main$26
     00000C04  A$main$26 |    00000C05  A$main$26 |    00000C06  A$main$26
     00000C07  A$main$26 |    00000C09  A$main$26 |    00000C0A  A$main$26
     00000C0B  A$main$26 |    00000C0C  A$main$26 |    00000C0D  A$main$26
     00000C0E  A$main$27 |    00000C11  A$main$27 |    00000C12  A$main$27
     00000C13  A$main$27 |    00000C15  A$main$27 |    00000C17  A$main$27
     00000C17  C$main.c$ |    00000C19  A$main$27 |    00000C1A  A$main$27
     00000C1B  A$main$27 |    00000C1C  A$main$27 |    00000C1D  A$main$27
     00000C1E  A$main$27 |    00000C20  A$main$27 |    00000C21  A$main$27
     00000C23  A$main$27 |    00000C24  A$main$27 |    00000C25  A$main$27
     00000C26  A$main$27 |    00000C27  A$main$27 |    00000C29  A$main$27
     00000C2A  A$main$27 |    00000C2B  A$main$27 |    00000C2C  A$main$27
     00000C2E  A$main$27 |    00000C2F  A$main$27 |    00000C30  A$main$27
ASxxxx Linker V03.00 + NoICE + sdld,  page 16.
Hexadecimal  [32-Bits]

Area                       Addr        Size        Decimal Bytes (Attributes)
--------------------       ----        ----        ------- ----- ------------
_CODE                  00000200    00000F93 =        3987. bytes (REL,CON)

        Value  Global            Value  Global            Value  Global    
        -----  ------            -----  ------            -----  ------    
     00000C31  A$main$27 |    00000C32  A$main$27 |    00000C33  A$main$27
     00000C36  A$main$27 |    00000C37  A$main$27 |    00000C38  A$main$27
     00000C3A  A$main$27 |    00000C3C  A$main$27 |    00000C3C  C$main.c$
     00000C3E  A$main$27 |    00000C40  A$main$27 |    00000C40  C$main.c$
     00000C41  A$main$27 |    00000C44  A$main$27 |    00000C44  C$main.c$
     00000C45  A$main$27 |    00000C47  A$main$27 |    00000C47  C$main.c$
     00000C47  XG$hasVal |    00000C48  A$main$27 |    00000C48  C$main.c$
     00000C48  G$hasVali |    00000C48  _hasValid |    00000C49  A$main$27
     00000C49  C$main.c$ |    00000C4A  A$main$27 |    00000C4B  A$main$27
     00000C4E  A$main$27 |    00000C4F  A$main$27 |    00000C50  A$main$27
     00000C50  C$main.c$ |    00000C51  A$main$27 |    00000C52  A$main$27
     00000C55  A$main$27 |    00000C56  A$main$27 |    00000C57  A$main$27
     00000C57  C$main.c$ |    00000C59  A$main$27 |    00000C5B  A$main$27
     00000C5D  A$main$27 |    00000C5F  A$main$28 |    00000C5F  C$main.c$
     00000C61  A$main$28 |    00000C62  A$main$28 |    00000C62  C$main.c$
     00000C63  A$main$28 |    00000C63  C$main.c$ |    00000C63  XG$hasVal
     00000C64  A$main$28 |    00000C64  C$main.c$ |    00000C64  C$main.c$
     00000C64  G$printTu |    00000C64  _printTur |    00000C67  A$main$28
     00000C6A  A$main$28 |    00000C6C  A$main$28 |    00000C6E  A$main$28
     00000C6E  C$main.c$ |    00000C71  A$main$28 |    00000C72  A$main$28
     00000C74  A$main$28 |    00000C74  C$main.c$ |    00000C77  A$main$28
     00000C78  A$main$28 |    00000C7B  A$main$28 |    00000C7C  A$main$28
     00000C7F  A$main$28 |    00000C80  A$main$28 |    00000C83  A$main$28
     00000C85  A$main$28 |    00000C87  A$main$28 |    00000C87  C$main.c$
     00000C8A  A$main$28 |    00000C8B  A$main$28 |    00000C8E  A$main$28
     00000C8F  A$main$28 |    00000C92  A$main$28 |    00000C93  A$main$28
     00000C96  A$main$28 |    00000C98  A$main$28 |    00000C9A  A$main$28
     00000C9C  A$main$28 |    00000C9E  A$main$28 |    00000CA0  A$main$28
     00000CA0  C$main.c$ |    00000CA1  A$main$28 |    00000CA1  C$main.c$
     00000CA4  A$main$28 |    00000CA5  A$main$28 |    00000CA8  A$main$28
     00000CA9  A$main$28 |    00000CAC  A$main$28 |    00000CAD  A$main$28
     00000CB0  A$main$28 |    00000CB2  A$main$28 |    00000CB2  C$main.c$
     00000CB5  A$main$28 |    00000CB6  A$main$28 |    00000CB8  A$main$28
     00000CB8  C$main.c$ |    00000CBB  A$main$28 |    00000CBC  A$main$28
     00000CBF  A$main$28 |    00000CC0  A$main$28 |    00000CC3  A$main$28
     00000CC4  A$main$28 |    00000CC7  A$main$28 |    00000CC9  A$main$29
     00000CCB  A$main$29 |    00000CCB  C$main.c$ |    00000CCE  A$main$29
     00000CCF  A$main$29 |    00000CD2  A$main$29 |    00000CD3  A$main$29
     00000CD6  A$main$29 |    00000CD7  A$main$29 |    00000CDA  A$main$29
     00000CDC  A$main$29 |    00000CDE  A$main$29 |    00000CE0  A$main$29
     00000CE2  A$main$29 |    00000CE4  A$main$29 |    00000CE4  C$main.c$
     00000CE4  C$main.c$ |    00000CE4  XG$printT |    00000CE5  A$main$29
     00000CE5  C$main.c$ |    00000CE5  G$main$0$ |    00000CE5  _main    
     00000CE7  A$main$29 |    00000CE7  C$main.c$ |    00000CEA  A$main$29
     00000CEA  C$main.c$ |    00000CED  A$main$29 |    00000CED  C$main.c$
     00000CF0  A$main$29 |    00000CF0  C$main.c$ |    00000CF3  A$main$29
     00000CF3  C$main.c$ |    00000CF6  A$main$29 |    00000CF6  C$main.c$
     00000CF9  A$main$29 |    00000CF9  C$main.c$ |    00000CFB  A$main$29
     00000CFD  A$main$29 |    00000CFF  A$main$29 |    00000CFF  C$main.c$
     00000D01  A$main$29 |    00000D03  A$main$29 |    00000D05  A$main$29
     00000D05  C$main.c$ |    00000D07  A$main$29 |    00000D09  A$main$29
ASxxxx Linker V03.00 + NoICE + sdld,  page 17.
Hexadecimal  [32-Bits]

Area                       Addr        Size        Decimal Bytes (Attributes)
--------------------       ----        ----        ------- ----- ------------
_CODE                  00000200    00000F93 =        3987. bytes (REL,CON)

        Value  Global            Value  Global            Value  Global    
        -----  ------            -----  ------            -----  ------    
     00000D0B  A$main$29 |    00000D0B  C$main.c$ |    00000D0B  C$main.c$
     00000D0E  A$main$29 |    00000D11  A$main$29 |    00000D12  A$main$29
     00000D12  C$main.c$ |    00000D13  A$main$29 |    00000D16  A$main$29
     00000D17  A$main$29 |    00000D19  A$main$30 |    00000D19  C$main.c$
     00000D1A  A$main$30 |    00000D1D  A$main$30 |    00000D1E  A$main$30
     00000D1F  A$main$30 |    00000D1F  C$main.c$ |    00000D22  A$main$30
     00000D25  A$main$30 |    00000D27  A$main$30 |    00000D27  C$main.c$
     00000D2A  A$main$30 |    00000D2B  A$main$30 |    00000D2D  A$main$30
     00000D2E  A$main$30 |    00000D30  A$main$30 |    00000D32  A$main$30
     00000D32  C$main.c$ |    00000D33  A$main$30 |    00000D34  A$main$30
     00000D36  A$main$30 |    00000D37  A$main$30 |    00000D38  A$main$30
     00000D3A  A$main$30 |    00000D3B  A$main$30 |    00000D3B  C$main.c$
     00000D3D  A$main$30 |    00000D3D  C$main.c$ |    00000D40  A$main$30
     00000D40  C$main.c$ |    00000D43  A$main$30 |    00000D45  A$main$30
     00000D48  A$main$30 |    00000D48  C$main.c$ |    00000D4B  A$main$30
     00000D4D  A$main$30 |    00000D50  A$main$30 |    00000D50  C$main.c$
     00000D53  A$main$30 |    00000D54  A$main$30 |    00000D56  A$main$30
     00000D59  A$main$30 |    00000D5B  A$main$30 |    00000D5C  A$main$30
     00000D5F  A$main$30 |    00000D61  A$main$30 |    00000D62  A$main$30
     00000D63  A$main$30 |    00000D64  A$main$30 |    00000D67  A$main$30
     00000D67  C$main.c$ |    00000D6A  A$main$30 |    00000D6B  A$main$30
     00000D6D  A$main$30 |    00000D6E  A$main$30 |    00000D70  A$main$30
     00000D71  A$main$30 |    00000D73  A$main$30 |    00000D75  A$main$30
     00000D77  A$main$30 |    00000D79  A$main$30 |    00000D7B  A$main$30
     00000D7C  A$main$30 |    00000D7E  A$main$30 |    00000D80  A$main$30
     00000D82  A$main$30 |    00000D83  A$main$30 |    00000D85  A$main$30
     00000D86  A$main$30 |    00000D87  A$main$30 |    00000D87  C$main.c$
     00000D8A  A$main$30 |    00000D8B  A$main$30 |    00000D8D  A$main$31
     00000D8D  C$main.c$ |    00000D90  A$main$31 |    00000D91  A$main$31
     00000D93  A$main$31 |    00000D94  A$main$31 |    00000D96  A$main$31
     00000D97  A$main$31 |    00000D99  A$main$31 |    00000D9B  A$main$31
     00000D9D  A$main$31 |    00000D9F  A$main$31 |    00000DA1  A$main$31
     00000DA2  A$main$31 |    00000DA4  A$main$31 |    00000DA6  A$main$31
     00000DA8  A$main$31 |    00000DA9  A$main$31 |    00000DAB  A$main$31
     00000DAC  A$main$31 |    00000DAD  A$main$31 |    00000DAF  A$main$31
     00000DAF  C$main.c$ |    00000DB2  A$main$31 |    00000DB4  A$main$31
     00000DB6  A$main$31 |    00000DB6  C$main.c$ |    00000DB8  A$main$31
     00000DBA  A$main$31 |    00000DBD  A$main$31 |    00000DBE  A$main$31
     00000DC0  A$main$31 |    00000DC1  A$main$31 |    00000DC3  A$main$31
     00000DC4  A$main$31 |    00000DC6  A$main$31 |    00000DC8  A$main$31
     00000DCA  A$main$31 |    00000DCC  A$main$31 |    00000DCE  A$main$31
     00000DCF  A$main$31 |    00000DD1  A$main$31 |    00000DD3  A$main$31
     00000DD5  A$main$31 |    00000DD6  A$main$31 |    00000DD8  A$main$31
     00000DD8  C$main.c$ |    00000DDB  A$main$31 |    00000DDD  A$main$31
     00000DDD  C$main.c$ |    00000DE0  A$main$31 |    00000DE2  A$main$31
     00000DE5  A$main$31 |    00000DE5  C$main.c$ |    00000DE8  A$main$31
     00000DEB  A$main$31 |    00000DEB  C$main.c$ |    00000DEE  A$main$31
     00000DF1  A$main$31 |    00000DF1  C$main.c$ |    00000DF4  A$main$31
     00000DF7  A$main$31 |    00000DF9  A$main$31 |    00000DFB  A$main$31
     00000DFC  A$main$31 |    00000DFF  A$main$31 |    00000E01  A$main$31
     00000E02  A$main$31 |    00000E03  A$main$31 |    00000E04  A$main$31
ASxxxx Linker V03.00 + NoICE + sdld,  page 18.
Hexadecimal  [32-Bits]

Area                       Addr        Size        Decimal Bytes (Attributes)
--------------------       ----        ----        ------- ----- ------------
_CODE                  00000200    00000F93 =        3987. bytes (REL,CON)

        Value  Global            Value  Global            Value  Global    
        -----  ------            -----  ------            -----  ------    
     00000E06  A$main$31 |    00000E07  A$main$31 |    00000E0A  A$main$31
     00000E0C  A$main$31 |    00000E0D  A$main$31 |    00000E0E  A$main$31
     00000E0F  A$main$31 |    00000E10  A$main$32 |    00000E11  A$main$32
     00000E12  A$main$32 |    00000E14  A$main$32 |    00000E15  A$main$32
     00000E17  A$main$32 |    00000E18  A$main$32 |    00000E1A  A$main$32
     00000E1B  A$main$32 |    00000E1D  A$main$32 |    00000E1F  A$main$32
     00000E21  A$main$32 |    00000E22  A$main$32 |    00000E24  A$main$32
     00000E25  A$main$32 |    00000E27  A$main$32 |    00000E28  A$main$32
     00000E29  A$main$32 |    00000E2A  A$main$32 |    00000E2B  A$main$32
     00000E2E  A$main$32 |    00000E2F  A$main$32 |    00000E30  A$main$32
     00000E31  A$main$32 |    00000E33  A$main$32 |    00000E34  A$main$32
     00000E35  A$main$32 |    00000E36  A$main$32 |    00000E38  A$main$32
     00000E39  A$main$32 |    00000E3A  A$main$32 |    00000E3B  A$main$32
     00000E3C  A$main$32 |    00000E3E  A$main$32 |    00000E3F  A$main$32
     00000E40  A$main$32 |    00000E41  A$main$32 |    00000E42  A$main$32
     00000E43  A$main$32 |    00000E44  A$main$32 |    00000E45  A$main$32
     00000E46  A$main$32 |    00000E47  A$main$32 |    00000E48  A$main$32
     00000E49  A$main$32 |    00000E49  C$main.c$ |    00000E4C  A$main$32
     00000E4E  A$main$32 |    00000E51  A$main$32 |    00000E51  C$main.c$
     00000E54  A$main$32 |    00000E55  A$main$32 |    00000E57  A$main$32
     00000E59  A$main$32 |    00000E5B  A$main$32 |    00000E5C  A$main$32
     00000E5E  A$main$32 |    00000E60  A$main$32 |    00000E62  A$main$32
     00000E64  A$main$32 |    00000E65  A$main$32 |    00000E67  A$main$32
     00000E69  A$main$32 |    00000E6A  A$main$32 |    00000E6C  A$main$32
     00000E6D  A$main$32 |    00000E6F  A$main$32 |    00000E70  A$main$32
     00000E72  A$main$32 |    00000E73  A$main$32 |    00000E73  C$main.c$
     00000E76  A$main$32 |    00000E77  A$main$32 |    00000E79  A$main$32
     00000E7B  A$main$32 |    00000E7D  A$main$32 |    00000E7E  A$main$32
     00000E80  A$main$32 |    00000E82  A$main$32 |    00000E84  A$main$32
     00000E86  A$main$32 |    00000E87  A$main$32 |    00000E89  A$main$32
     00000E8B  A$main$32 |    00000E8C  A$main$32 |    00000E8E  A$main$32
     00000E8F  A$main$32 |    00000E91  A$main$32 |    00000E92  A$main$33
     00000E94  A$main$33 |    00000E95  A$main$33 |    00000E95  C$main.c$
     00000E98  A$main$33 |    00000E9A  A$main$33 |    00000E9B  A$main$33
     00000E9C  A$main$33 |    00000E9D  A$main$33 |    00000E9E  A$main$33
     00000E9F  A$main$33 |    00000EA0  A$main$33 |    00000EA3  A$main$33
     00000EA4  A$main$33 |    00000EA5  A$main$33 |    00000EA6  A$main$33
     00000EA7  A$main$33 |    00000EA8  A$main$33 |    00000EAA  A$main$33
     00000EAB  A$main$33 |    00000EAC  A$main$33 |    00000EAF  A$main$33
     00000EB0  A$main$33 |    00000EB1  A$main$33 |    00000EB2  A$main$33
     00000EB3  A$main$33 |    00000EB4  A$main$33 |    00000EB5  A$main$33
     00000EB6  A$main$33 |    00000EB7  A$main$33 |    00000EB8  A$main$33
     00000EBA  A$main$33 |    00000EBB  A$main$33 |    00000EBC  A$main$33
     00000EBD  A$main$33 |    00000EBF  A$main$33 |    00000EC0  A$main$33
     00000EC1  A$main$33 |    00000EC2  A$main$33 |    00000EC3  A$main$33
     00000EC4  A$main$33 |    00000EC5  A$main$33 |    00000EC6  A$main$33
     00000EC7  A$main$33 |    00000EC8  A$main$33 |    00000ECA  A$main$33
     00000ECB  A$main$33 |    00000ECC  A$main$33 |    00000ECD  A$main$33
     00000ECF  A$main$33 |    00000ED0  A$main$33 |    00000ED1  A$main$33
     00000ED2  A$main$33 |    00000ED3  A$main$33 |    00000ED4  A$main$33
     00000ED5  A$main$33 |    00000ED6  A$main$33 |    00000ED7  A$main$33
ASxxxx Linker V03.00 + NoICE + sdld,  page 19.
Hexadecimal  [32-Bits]

Area                       Addr        Size        Decimal Bytes (Attributes)
--------------------       ----        ----        ------- ----- ------------
_CODE                  00000200    00000F93 =        3987. bytes (REL,CON)

        Value  Global            Value  Global            Value  Global    
        -----  ------            -----  ------            -----  ------    
     00000ED8  A$main$33 |    00000EDA  A$main$33 |    00000EDB  A$main$33
     00000EDC  A$main$33 |    00000EDD  A$main$33 |    00000EDE  A$main$33
     00000EDF  A$main$33 |    00000EE0  A$main$33 |    00000EE1  A$main$33
     00000EE2  A$main$33 |    00000EE3  A$main$33 |    00000EE4  A$main$33
     00000EE5  A$main$33 |    00000EE6  A$main$33 |    00000EE7  A$main$33
     00000EE8  A$main$33 |    00000EE9  A$main$33 |    00000EEA  A$main$33
     00000EEB  A$main$33 |    00000EED  A$main$33 |    00000EEE  A$main$33
     00000EEF  A$main$33 |    00000EF0  A$main$33 |    00000EF2  A$main$33
     00000EF3  A$main$33 |    00000EF5  A$main$33 |    00000EF6  A$main$33
     00000EF8  A$main$33 |    00000EF9  A$main$33 |    00000EF9  C$main.c$
     00000EFC  A$main$33 |    00000EFE  A$main$33 |    00000EFF  A$main$33
     00000F00  A$main$33 |    00000F01  A$main$33 |    00000F02  A$main$33
     00000F03  A$main$33 |    00000F04  A$main$33 |    00000F07  A$main$34
     00000F08  A$main$34 |    00000F09  A$main$34 |    00000F0A  A$main$34
     00000F0B  A$main$34 |    00000F0C  A$main$34 |    00000F0E  A$main$34
     00000F0F  A$main$34 |    00000F10  A$main$34 |    00000F12  A$main$34
     00000F13  A$main$34 |    00000F14  A$main$34 |    00000F15  A$main$34
     00000F16  A$main$34 |    00000F17  A$main$34 |    00000F18  A$main$34
     00000F19  A$main$34 |    00000F1A  A$main$34 |    00000F1C  A$main$34
     00000F1D  A$main$34 |    00000F1E  A$main$34 |    00000F1F  A$main$34
     00000F21  A$main$34 |    00000F22  A$main$34 |    00000F23  A$main$34
     00000F24  A$main$34 |    00000F25  A$main$34 |    00000F26  A$main$34
     00000F27  A$main$34 |    00000F28  A$main$34 |    00000F2A  A$main$34
     00000F2B  A$main$34 |    00000F2C  A$main$34 |    00000F2D  A$main$34
     00000F2E  A$main$34 |    00000F2F  A$main$34 |    00000F30  A$main$34
     00000F31  A$main$34 |    00000F32  A$main$34 |    00000F33  A$main$34
     00000F34  A$main$34 |    00000F35  A$main$34 |    00000F36  A$main$34
     00000F37  A$main$34 |    00000F38  A$main$34 |    00000F39  A$main$34
     00000F3A  A$main$34 |    00000F3B  A$main$34 |    00000F3D  A$main$34
     00000F3E  A$main$34 |    00000F3F  A$main$34 |    00000F3F  C$main.c$
     00000F41  A$main$34 |    00000F42  A$main$34 |    00000F43  A$main$34
     00000F44  A$main$34 |    00000F46  A$main$34 |    00000F47  A$main$34
     00000F48  A$main$34 |    00000F49  A$main$34 |    00000F4A  A$main$34
     00000F4C  A$main$34 |    00000F4E  A$main$34 |    00000F4F  A$main$34
     00000F50  A$main$34 |    00000F51  A$main$34 |    00000F53  A$main$34
     00000F54  A$main$34 |    00000F55  A$main$34 |    00000F56  A$main$34
     00000F57  A$main$34 |    00000F5A  A$main$34 |    00000F5A  C$main.c$
     00000F5D  A$main$34 |    00000F5F  A$main$34 |    00000F60  A$main$34
     00000F63  A$main$34 |    00000F65  A$main$34 |    00000F66  A$main$34
     00000F69  A$main$34 |    00000F6A  A$main$34 |    00000F6D  A$main$34
     00000F6E  A$main$34 |    00000F6F  A$main$34 |    00000F72  A$main$34
     00000F73  A$main$34 |    00000F74  A$main$34 |    00000F75  A$main$34
     00000F78  A$main$34 |    00000F7A  A$main$34 |    00000F7D  A$main$35
     00000F7D  C$main.c$ |    00000F80  A$main$35 |    00000F83  A$main$35
     00000F85  A$main$35 |    00000F88  A$main$35 |    00000F88  C$main.c$
     00000F8A  A$main$35 |    00000F8B  A$main$35 |    00000F8C  A$main$35
     00000F8D  A$main$35 |    00000F8E  A$main$35 |    00000F91  A$main$35
     00000F92  A$main$35 |    00000F93  A$main$35 |    00000F95  A$main$35
     00000F96  A$main$35 |    00000F98  A$main$35 |    00000F9A  A$main$35
     00000F9B  A$main$35 |    00000F9C  A$main$35 |    00000F9D  A$main$35
     00000F9E  A$main$35 |    00000FA1  A$main$35 |    00000FA2  A$main$35
ASxxxx Linker V03.00 + NoICE + sdld,  page 20.
Hexadecimal  [32-Bits]

Area                       Addr        Size        Decimal Bytes (Attributes)
--------------------       ----        ----        ------- ----- ------------
_CODE                  00000200    00000F93 =        3987. bytes (REL,CON)

        Value  Global            Value  Global            Value  Global    
        -----  ------            -----  ------            -----  ------    
     00000FA3  A$main$35 |    00000FA5  A$main$35 |    00000FA6  A$main$35
     00000FA9  A$main$35 |    00000FA9  C$main.c$ |    00000FAC  A$main$35
     00000FAE  A$main$35 |    00000FB0  A$main$35 |    00000FB1  A$main$35
     00000FB2  A$main$35 |    00000FB4  A$main$35 |    00000FB5  A$main$35
     00000FB7  A$main$35 |    00000FB8  A$main$35 |    00000FBA  A$main$35
     00000FBB  A$main$35 |    00000FBD  A$main$35 |    00000FBF  A$main$35
     00000FC1  A$main$35 |    00000FC2  A$main$35 |    00000FC3  A$main$35
     00000FC4  A$main$35 |    00000FC5  A$main$35 |    00000FC6  A$main$35
     00000FC7  A$main$35 |    00000FC8  A$main$35 |    00000FC9  A$main$35
     00000FCA  A$main$35 |    00000FCC  A$main$35 |    00000FCD  A$main$35
     00000FCE  A$main$35 |    00000FCF  A$main$35 |    00000FD1  A$main$35
[...]
     0000113C  A$main$38 |    0000113D  A$main$38 |    0000113F  A$main$38
     00001140  A$main$38 |    00001141  A$main$38 |    00001142  A$main$38
     00001143  A$main$38 |    00001144  A$main$38 |    00001144  C$main.c$
     00001147  A$main$38 |    00001148  A$main$38 |    00001149  A$main$38
     0000114C  A$main$38 |    0000114E  A$main$38 |    0000114F  A$main$38
     00001150  A$main$39 |    00001151  A$main$39 |    00001154  A$main$39
     00001154  C$main.c$ |    00001157  A$main$39 |    00001158  A$main$39
     00001159  A$main$39 |    0000115B  A$main$39 |    0000115B  C$main.c$
     0000115D  A$main$39 |    0000115F  A$main$39 |    0000115F  C$main.c$
     00001162  A$main$39 |    00001164  A$main$39 |    00001164  C$main.c$
     00001167  A$main$39 |    00001167  C$main.c$ |    0000116A  A$main$39
     0000116A  C$main.c$ |    0000116D  A$main$39 |    0000116D  C$main.c$
     00001170  A$main$39 |    00001172  A$main$39 |    00001172  C$main.c$
     00001174  A$main$39 |    00001174  C$main.c$ |    00001177  A$main$39
     00001179  A$main$39 |    0000117C  A$main$39 |    0000117C  C$main.c$
     0000117F  A$main$39 |    00001181  A$main$39 |    00001181  C$main.c$
     00001184  A$main$39 |    00001184  C$main.c$ |    00001187  A$main$39
     00001187  C$main.c$ |    00001187  C$main.c$ |    0000118A  A$main$39
     0000118D  A$main$39 |    00001190  A$main$39 |    00001192  A$main$39
     00001192  C$main.c$ |    00001192  XG$main$0
ASxxxx Linker V03.00 + NoICE + sdld,  page 23.
Hexadecimal  [32-Bits]

Area                       Addr        Size        Decimal Bytes (Attributes)
--------------------       ----        ----        ------- ----- ------------
_HEADER0               00000000    00000001 =           1. bytes (ABS,CON)

        Value  Global            Value  Global            Value  Global    
        -----  ------            -----  ------            -----  ------    
     00000020  .call_hl 
ASxxxx Linker V03.00 + NoICE + sdld,  page 24.
Hexadecimal  [32-Bits]

Area                       Addr        Size        Decimal Bytes (Attributes)
--------------------       ----        ----        ------- ----- ------------
_HEADER1               00000000    00000005 =           5. bytes (ABS,CON)

        Value  Global            Value  Global            Value  Global    
        -----  ------            -----  ------            -----  ------    
     00000028  .MemsetSm
ASxxxx Linker V03.00 + NoICE + sdld,  page 25.
Hexadecimal  [32-Bits]

Area                       Addr        Size        Decimal Bytes (Attributes)
--------------------       ----        ----        ------- ----- ------------
_HEADER2               00000000    00000007 =           7. bytes (ABS,CON)

        Value  Global            Value  Global            Value  Global    
        -----  ------            -----  ------            -----  ------    
     00000030  .MemcpySm
ASxxxx Linker V03.00 + NoICE + sdld,  page 26.
Hexadecimal  [32-Bits]

Area                       Addr        Size        Decimal Bytes (Attributes)
--------------------       ----        ----        ------- ----- ------------
_HEADER3               00000000    00000008 =           8. bytes (ABS,CON)

        Value  Global            Value  Global            Value  Global    
        -----  ------            -----  ------            -----  ------    
ASxxxx Linker V03.00 + NoICE + sdld,  page 27.
Hexadecimal  [32-Bits]

Area                       Addr        Size        Decimal Bytes (Attributes)
--------------------       ----        ----        ------- ----- ------------
_HEADER4               00000000    0000004C =          76. bytes (ABS,CON)

        Value  Global            Value  Global            Value  Global    
        -----  ------            -----  ------            -----  ------    
     00000080  .int      |    0000008F  _wait_int |    0000009C  __standar
     000000AC  _refresh_
ASxxxx Linker V03.00 + NoICE + sdld,  page 28.
Hexadecimal  [32-Bits]

Area                       Addr        Size        Decimal Bytes (Attributes)
--------------------       ----        ----        ------- ----- ------------
_HEADER5               00000000    00000002 =           2. bytes (ABS,CON)

        Value  Global            Value  Global            Value  Global    
        -----  ------            -----  ------            -----  ------    
ASxxxx Linker V03.00 + NoICE + sdld,  page 29.
Hexadecimal  [32-Bits]

Area                       Addr        Size        Decimal Bytes (Attributes)
--------------------       ----        ----        ------- ----- ------------
_HEADER6               00000000    00000030 =          48. bytes (ABS,CON)

        Value  Global            Value  Global            Value  Global    
        -----  ------            -----  ------            -----  ------    
ASxxxx Linker V03.00 + NoICE + sdld,  page 30.
Hexadecimal  [32-Bits]

Area                       Addr        Size        Decimal Bytes (Attributes)
--------------------       ----        ----        ------- ----- ------------
_HEADER7               00000000    00000006 =           6. bytes (ABS,CON)

        Value  Global            Value  Global            Value  Global    
        -----  ------            -----  ------            -----  ------    
ASxxxx Linker V03.00 + NoICE + sdld,  page 31.
Hexadecimal  [32-Bits]

Area                       Addr        Size        Decimal Bytes (Attributes)
--------------------       ----        ----        ------- ----- ------------
_HEADER8               00000000    00000003 =           3. bytes (ABS,CON)

        Value  Global            Value  Global            Value  Global    
        -----  ------            -----  ------            -----  ------    
ASxxxx Linker V03.00 + NoICE + sdld,  page 32.
Hexadecimal  [32-Bits]

Area                       Addr        Size        Decimal Bytes (Attributes)
--------------------       ----        ----        ------- ----- ------------
_HEADER9               00000000    00000001 =           1. bytes (ABS,CON)

        Value  Global            Value  Global            Value  Global    
        -----  ------            -----  ------            -----  ------    
ASxxxx Linker V03.00 + NoICE + sdld,  page 33.
Hexadecimal  [32-Bits]

Area                       Addr        Size        Decimal Bytes (Attributes)
--------------------       ----        ----        ------- ----- ------------
_HEADERa               00000000    00000001 =           1. bytes (ABS,CON)

        Value  Global            Value  Global            Value  Global    
        -----  ------            -----  ------            -----  ------    
ASxxxx Linker V03.00 + NoICE + sdld,  page 34.
Hexadecimal  [32-Bits]

Area                       Addr        Size        Decimal Bytes (Attributes)
--------------------       ----        ----        ------- ----- ------------
_HEADERb               00000000    00000001 =           1. bytes (ABS,CON)

        Value  Global            Value  Global            Value  Global    
        -----  ------            -----  ------            -----  ------    
ASxxxx Linker V03.00 + NoICE + sdld,  page 35.
Hexadecimal  [32-Bits]

Area                       Addr        Size        Decimal Bytes (Attributes)
--------------------       ----        ----        ------- ----- ------------
_HEADERc               00000000    00000002 =           2. bytes (ABS,CON)

        Value  Global            Value  Global            Value  Global    
        -----  ------            -----  ------            -----  ------    
ASxxxx Linker V03.00 + NoICE + sdld,  page 36.
Hexadecimal  [32-Bits]

Area                       Addr        Size        Decimal Bytes (Attributes)
--------------------       ----        ----        ------- ----- ------------
_HEADERd               00000000    00000001 =           1. bytes (ABS,CON)

        Value  Global            Value  Global            Value  Global    
        -----  ------            -----  ------            -----  ------    
ASxxxx Linker V03.00 + NoICE + sdld,  page 37.
Hexadecimal  [32-Bits]

Area                       Addr        Size        Decimal Bytes (Attributes)
--------------------       ----        ----        ------- ----- ------------
_HEADERe               00000000    00000001 =           1. bytes (ABS,CON)

        Value  Global            Value  Global            Value  Global    
        -----  ------            -----  ------            -----  ------    
ASxxxx Linker V03.00 + NoICE + sdld,  page 38.
Hexadecimal  [32-Bits]

Area                       Addr        Size        Decimal Bytes (Attributes)
--------------------       ----        ----        ------- ----- ------------
_HEADERf               00000000    00000002 =           2. bytes (ABS,CON)

        Value  Global            Value  Global            Value  Global    
        -----  ------            -----  ------            -----  ------    
ASxxxx Linker V03.00 + NoICE + sdld,  page 39.
Hexadecimal  [32-Bits]

Area                       Addr        Size        Decimal Bytes (Attributes)
--------------------       ----        ----        ------- ----- ------------
_HEADER10              00000000    00000084 =         132. bytes (ABS,CON)

        Value  Global            Value  Global            Value  Global    
        -----  ------            -----  ------            -----  ------    
     00000150  .reset    |    00000150  _reset    |    00000157  .code_sta
     000001B9  _exit     |    000001BD  _set_inte
ASxxxx Linker V03.00 + NoICE + sdld,  page 40.
Hexadecimal  [32-Bits]

Area                       Addr        Size        Decimal Bytes (Attributes)
--------------------       ----        ----        ------- ----- ------------
_HEADER11              00000000    00000001 =           1. bytes (ABS,CON)

        Value  Global            Value  Global            Value  Global    
        -----  ------            -----  ------            -----  ------    
ASxxxx Linker V03.00 + NoICE + sdld,  page 41.
Hexadecimal  [32-Bits]

Area                       Addr        Size        Decimal Bytes (Attributes)
--------------------       ----        ----        ------- ----- ------------
_HOME                  00001193    000011B5 =        4533. bytes (REL,CON)

        Value  Global            Value  Global            Value  Global    
        -----  ------            -----  ------            -----  ------    
     00001193  .memset_s |    0000119C  .memcpy_s |    000011B9  .remove_V
     000011BC  .remove_i |    000011D9  .add_VBL  |    000011DC  .add_int 
     000011E7  .wait_vbl |    000011E7  _wait_vbl |    000011F7  .display_
     000011F7  _display_ |    0000120F  _remove_V |    0000121A  _add_VBL 
     00001225  _font_loa |    0000122C  font_load |    00001274  font_copy
     000012AA  font_set  |    000012B7  .put_char |    000012CF  .out_char
     000012D5  .del_char |    0000132B  _putchar  |    00001334  _setchar 
     0000133D  _font_loa |    0000134B  _font_set |    0000135A  _font_ini
     00001379  .cls      |    00001379  _cls      |    0000139B  _gotoxy  
     000013A6  _posx     |    000013B7  _posy     |    000013DF  .cr_curs 
     000013F4  .adv_curs |    00001450  .tmode    |    00001479  .tmode_ou
     00001482  _set_bkg_ |    00001482  _set_win_ |    0000148A  _set_spri
     000014E2  _abs      |    000014F1  _set_win_ |    00001505  _set_tile
     0000150A  _set_bkg_ |    0000150A  _set_win_ |    00001512  _set_spri
     00001542  _font_ibm |    00001644  _font_ibm |    00001E44  .padup   
     00001E44  _waitpadu |    00001E54  .jpad     |    00001E54  _joypad  
     00001E7C  _waitpad  |    00001E7D  .wait_pad |    00001E84  _color   
     00001E84  _set_1bpp |    00001E93  .drawing_ |    00001E9E  .drawing_
     00001EDA  _add_LCD  |    00001EE5  .add_LCD  |    00001EEB  _remove_L
     00001EF6  .remove_L |    00001EFC  _font_ibm |    000022AE  .delay   
     000022AE  _delay    |    000022DA  _set_bkg_ |    000022EE  .set_xy_w
     000022F7  .set_xy_b |    00002306  .set_xy_t
ASxxxx Linker V03.00 + NoICE + sdld,  page 42.
Hexadecimal  [32-Bits]

Area                       Addr        Size        Decimal Bytes (Attributes)
--------------------       ----        ----        ------- ----- ------------
_INITIALIZER           00002348    000002C1 =         705. bytes (REL,CON)

        Value  Global            Value  Global            Value  Global    
        -----  ------            -----  ------            -----  ------    
     00002348  Fmain$__x |    00002349  Fmain$__x |    0000234B  Fmain$__x
     0000234D  Fmain$__x |    0000234E  Fmain$__x |    0000234F  Fmain$__x
     00002350  Fmain$__x |    00002352  Fmain$__x |    00002353  Fmain$__x
     00002363  Fmain$__x |    00002373  Fmain$__x |    00002383  Fmain$__x
     000024EB  Fmain$__x |    000024FB  Fmain$__x |    0000250B  Fmain$__x
     0000251B  Fmain$__x |    0000252B  Fmain$__x |    0000253B  Fmain$__x
     0000254B  Fmain$__x |    0000255B  Fmain$__x |    0000256B  Fmain$__x
     0000257B  Fmain$__x |    0000258B  Fmain$__x |    0000259B  Fmain$__x
     000025AB  Fmain$__x |    000025BB  Fmain$__x |    000025DF  Fmain$__x
ASxxxx Linker V03.00 + NoICE + sdld,  page 43.
Hexadecimal  [32-Bits]

Area                       Addr        Size        Decimal Bytes (Attributes)
--------------------       ----        ----        ------- ----- ------------
_GSINIT                00002609    0000000C =          12. bytes (REL,CON)

        Value  Global            Value  Global            Value  Global    
        -----  ------            -----  ------            -----  ------    
     00002609  gsinit   
ASxxxx Linker V03.00 + NoICE + sdld,  page 44.
Hexadecimal  [32-Bits]

Area                       Addr        Size        Decimal Bytes (Attributes)
--------------------       ----        ----        ------- ----- ------------
_GSFINAL               00002615    00000001 =           1. bytes (REL,CON)

        Value  Global            Value  Global            Value  Global    
        -----  ------            -----  ------            -----  ------    
ASxxxx Linker V03.00 + NoICE + sdld,  page 45.
Hexadecimal  [32-Bits]

Area                       Addr        Size        Decimal Bytes (Attributes)
--------------------       ----        ----        ------- ----- ------------
_DATA                  0000C0A0    00000030 =          48. bytes (REL,CON)

        Value  Global            Value  Global            Value  Global    
        -----  ------            -----  ------            -----  ------    
     0000C0A0  __cpu     |    0000C0A1  __is_GBA  |    0000C0A2  .mode    
     0000C0A3  .sys_time |    0000C0A3  _sys_time |    0000C0A5  .int_0x40
     0000C0B1  G$joypad_ |    0000C0B1  _joypad_i |    0000C0B2  font_curr
     0000C0B5  font_firs |    0000C0B6  font_tabl |    0000C0C8  .int_0x48
ASxxxx Linker V03.00 + NoICE + sdld,  page 46.
Hexadecimal  [32-Bits]

Area                       Addr        Size        Decimal Bytes (Attributes)
--------------------       ----        ----        ------- ----- ------------
_INITIALIZED           0000C0D0    000002C1 =         705. bytes (REL,CON)

        Value  Global            Value  Global            Value  Global    
        -----  ------            -----  ------            -----  ------    
     0000C0D0  G$lastBut |    0000C0D0  _lastButt |    0000C0D1  G$debounc
     0000C0D1  _debounce |    0000C0D3  G$selecte |    0000C0D3  _selected
     0000C0D5  G$cursorx |    0000C0D5  _cursorx  |    0000C0D6  G$cursory
     0000C0D6  _cursory  |    0000C0D7  G$current |    0000C0D7  _currentP
     0000C0D8  G$selecte |    0000C0D8  _selected |    0000C0DA  G$pieceSe
     0000C0DA  _pieceSel |    0000C0DB  G$tile1$0 |    0000C0DB  _tile1   
     0000C0EB  G$tile2$0 |    0000C0EB  _tile2    |    0000C0FB  G$tile3$0
     0000C0FB  _tile3    |    0000C10B  G$map$0_0 |    0000C10B  _map     
     0000C273  G$squareT |    0000C273  _squareTL |    0000C283  G$squareT
     0000C283  _squareTR |    0000C293  G$squareB |    0000C293  _squareBL
     0000C2A3  G$squareB |    0000C2A3  _squareBR |    0000C2B3  G$black_p
     0000C2B3  _black_pi |    0000C2C3  G$white_p |    0000C2C3  _white_pi
     0000C2D3  G$current |    0000C2D3  _currentP |    0000C2E3  G$current
     0000C2E3  _currentP |    0000C2F3  G$clearTe |    0000C2F3  _clearTex
     0000C303  G$whiteWi |    0000C303  _whiteWin |    0000C313  G$blackWi
     0000C313  _blackWin |    0000C323  G$blackKi |    0000C323  _blackKin
     0000C333  G$whiteKi |    0000C333  _whiteKin |    0000C343  G$blackPi
     0000C343  _blackPie |    0000C367  G$whitePi |    0000C367  _whitePie
     0000C38B  .curx     |    0000C38C  .cury     |    0000C38D  .fg_colou
     0000C38D  __current |    0000C38E  .bg_colou |    0000C38F  .draw_mod
     0000C390  __map_til
ASxxxx Linker V03.00 + NoICE + sdld,  page 47.
Hexadecimal  [32-Bits]

Area                       Addr        Size        Decimal Bytes (Attributes)
--------------------       ----        ----        ------- ----- ------------
_HRAM12                00000000    00000003 =           3. bytes (ABS,CON)

        Value  Global            Value  Global            Value  Global    
        -----  ------            -----  ------            -----  ------    
     0000FF90  __current |    0000FF92  __shadow_
ASxxxx Linker V03.00 + NoICE + sdld,  page 48.
Hexadecimal  [32-Bits]

Area                       Addr        Size        Decimal Bytes (Attributes)
--------------------       ----        ----        ------- ----- ------------
_FONT_HEADER0          00000000    00000003 =           3. bytes (ABS,CON)

        Value  Global            Value  Global            Value  Global    
        -----  ------            -----  ------            -----  ------    
ASxxxx Linker V03.00 + NoICE + sdld,  page 49.
Hexadecimal  [32-Bits]

Area                       Addr        Size        Decimal Bytes (Attributes)
--------------------       ----        ----        ------- ----- ------------
_HEADER_LCD0           00000000    00000003 =           3. bytes (ABS,CON)

        Value  Global            Value  Global            Value  Global    
        -----  ------            -----  ------            -----  ------    
ASxxxx Linker V03.00 + NoICE + sdld,  page 50.

Files Linked                              [ module(s) ]

c:\gbdk\lib/gb/crt0.o                     [ Runtime ]
main.o                                    [ main ]


Libraries Linked                          [ object file ]

c:\gbdk\lib/gb/gb.lib                     [ font.o ]
c:\gbdk\lib/gb/gb.lib                     [ set_1bit_data.o ]
c:\gbdk\lib/gb/gb.lib                     [ sfr.o ]
c:\gbdk\lib/sm83/sm83.lib                 [ abs.o ]
c:\gbdk\lib/gb/gb.lib                     [ set_wi_t.o ]
c:\gbdk\lib/gb/gb.lib                     [ set_data.o ]
c:\gbdk\lib/gb/gb.lib                     [ f_ibm_full.o ]
c:\gbdk\lib/gb/gb.lib                     [ pad.o ]
c:\gbdk\lib/gb/gb.lib                     [ color.o ]
c:\gbdk\lib/gb/gb.lib                     [ drawing_isr.o ]
c:\gbdk\lib/gb/gb.lib                     [ lcd.o ]
c:\gbdk\lib/gb/gb.lib                     [ f_ibm_sh.o ]
c:\gbdk\lib/gb/gb.lib                     [ delay.o ]
c:\gbdk\lib/gb/gb.lib                     [ set_bk_t.o ]
c:\gbdk\lib/gb/gb.lib                     [ set_xy_t.o ]

ASxxxx Linker V03.00 + NoICE + sdld,  page 51.

User Base Address Definitions

_DATA=0xC0A0
_CODE=0x0200
ASxxxx Linker V03.00 + NoICE + sdld,  page 52.

User Global Definitions

_shadow_OAM=0xC000
.STACK=0xE000
.refresh_OAM=0xFF80

